Archive member included to satisfy reference by file (symbol)

C:/ST/STM32CubeIDE_1.19.0/STM32CubeIDE/plugins/com.st.stm32cube.ide.mcu.externaltools.gnu-tools-for-stm32.13.3.rel1.win32_1.0.0.202411081344/tools/bin/../lib/gcc/arm-none-eabi/13.3.1/../../../../arm-none-eabi/lib/thumb/v7e-m+fp/hard\libstdc++_nano.a(guard.o)
                              ./Components/SoarDebug/DebugTask.o (__cxa_guard_acquire)
C:/ST/STM32CubeIDE_1.19.0/STM32CubeIDE/plugins/com.st.stm32cube.ide.mcu.externaltools.gnu-tools-for-stm32.13.3.rel1.win32_1.0.0.202411081344/tools/bin/../lib/gcc/arm-none-eabi/13.3.1/../../../../arm-none-eabi/lib/thumb/v7e-m+fp/hard\libc_nano.a(libc_a-exit.o)
                              C:/ST/STM32CubeIDE_1.19.0/STM32CubeIDE/plugins/com.st.stm32cube.ide.mcu.externaltools.gnu-tools-for-stm32.13.3.rel1.win32_1.0.0.202411081344/tools/bin/../lib/gcc/arm-none-eabi/13.3.1/../../../../arm-none-eabi/lib/thumb/v7e-m+fp/hard/crt0.o (exit)
C:/ST/STM32CubeIDE_1.19.0/STM32CubeIDE/plugins/com.st.stm32cube.ide.mcu.externaltools.gnu-tools-for-stm32.13.3.rel1.win32_1.0.0.202411081344/tools/bin/../lib/gcc/arm-none-eabi/13.3.1/../../../../arm-none-eabi/lib/thumb/v7e-m+fp/hard\libc_nano.a(libc_a-findfp.o)
                              ./Middlewares/Third_Party/FreeRTOS/Source/tasks.o (__sf)
C:/ST/STM32CubeIDE_1.19.0/STM32CubeIDE/plugins/com.st.stm32cube.ide.mcu.externaltools.gnu-tools-for-stm32.13.3.rel1.win32_1.0.0.202411081344/tools/bin/../lib/gcc/arm-none-eabi/13.3.1/../../../../arm-none-eabi/lib/thumb/v7e-m+fp/hard\libc_nano.a(libc_a-fwalk.o)
                              C:/ST/STM32CubeIDE_1.19.0/STM32CubeIDE/plugins/com.st.stm32cube.ide.mcu.externaltools.gnu-tools-for-stm32.13.3.rel1.win32_1.0.0.202411081344/tools/bin/../lib/gcc/arm-none-eabi/13.3.1/../../../../arm-none-eabi/lib/thumb/v7e-m+fp/hard\libc_nano.a(libc_a-findfp.o) (_fwalk_sglue)
C:/ST/STM32CubeIDE_1.19.0/STM32CubeIDE/plugins/com.st.stm32cube.ide.mcu.externaltools.gnu-tools-for-stm32.13.3.rel1.win32_1.0.0.202411081344/tools/bin/../lib/gcc/arm-none-eabi/13.3.1/../../../../arm-none-eabi/lib/thumb/v7e-m+fp/hard\libc_nano.a(libc_a-snprintf.o)
                              ./Components/FileSystem/SoarFileSystem.o (snprintf)
C:/ST/STM32CubeIDE_1.19.0/STM32CubeIDE/plugins/com.st.stm32cube.ide.mcu.externaltools.gnu-tools-for-stm32.13.3.rel1.win32_1.0.0.202411081344/tools/bin/../lib/gcc/arm-none-eabi/13.3.1/../../../../arm-none-eabi/lib/thumb/v7e-m+fp/hard\libc_nano.a(libc_a-stdio.o)
                              C:/ST/STM32CubeIDE_1.19.0/STM32CubeIDE/plugins/com.st.stm32cube.ide.mcu.externaltools.gnu-tools-for-stm32.13.3.rel1.win32_1.0.0.202411081344/tools/bin/../lib/gcc/arm-none-eabi/13.3.1/../../../../arm-none-eabi/lib/thumb/v7e-m+fp/hard\libc_nano.a(libc_a-findfp.o) (__sread)
C:/ST/STM32CubeIDE_1.19.0/STM32CubeIDE/plugins/com.st.stm32cube.ide.mcu.externaltools.gnu-tools-for-stm32.13.3.rel1.win32_1.0.0.202411081344/tools/bin/../lib/gcc/arm-none-eabi/13.3.1/../../../../arm-none-eabi/lib/thumb/v7e-m+fp/hard\libc_nano.a(libc_a-memset.o)
                              C:/ST/STM32CubeIDE_1.19.0/STM32CubeIDE/plugins/com.st.stm32cube.ide.mcu.externaltools.gnu-tools-for-stm32.13.3.rel1.win32_1.0.0.202411081344/tools/bin/../lib/gcc/arm-none-eabi/13.3.1/../../../../arm-none-eabi/lib/thumb/v7e-m+fp/hard/crt0.o (memset)
C:/ST/STM32CubeIDE_1.19.0/STM32CubeIDE/plugins/com.st.stm32cube.ide.mcu.externaltools.gnu-tools-for-stm32.13.3.rel1.win32_1.0.0.202411081344/tools/bin/../lib/gcc/arm-none-eabi/13.3.1/../../../../arm-none-eabi/lib/thumb/v7e-m+fp/hard\libc_nano.a(libc_a-strchr.o)
                              ./Components/FileSystem/SoarFileSystem.o (strchr)
C:/ST/STM32CubeIDE_1.19.0/STM32CubeIDE/plugins/com.st.stm32cube.ide.mcu.externaltools.gnu-tools-for-stm32.13.3.rel1.win32_1.0.0.202411081344/tools/bin/../lib/gcc/arm-none-eabi/13.3.1/../../../../arm-none-eabi/lib/thumb/v7e-m+fp/hard\libc_nano.a(libc_a-strncpy.o)
                              ./Components/FileSystem/SoarFileSystem.o (strncpy)
C:/ST/STM32CubeIDE_1.19.0/STM32CubeIDE/plugins/com.st.stm32cube.ide.mcu.externaltools.gnu-tools-for-stm32.13.3.rel1.win32_1.0.0.202411081344/tools/bin/../lib/gcc/arm-none-eabi/13.3.1/../../../../arm-none-eabi/lib/thumb/v7e-m+fp/hard\libc_nano.a(libc_a-closer.o)
                              C:/ST/STM32CubeIDE_1.19.0/STM32CubeIDE/plugins/com.st.stm32cube.ide.mcu.externaltools.gnu-tools-for-stm32.13.3.rel1.win32_1.0.0.202411081344/tools/bin/../lib/gcc/arm-none-eabi/13.3.1/../../../../arm-none-eabi/lib/thumb/v7e-m+fp/hard\libc_nano.a(libc_a-stdio.o) (_close_r)
C:/ST/STM32CubeIDE_1.19.0/STM32CubeIDE/plugins/com.st.stm32cube.ide.mcu.externaltools.gnu-tools-for-stm32.13.3.rel1.win32_1.0.0.202411081344/tools/bin/../lib/gcc/arm-none-eabi/13.3.1/../../../../arm-none-eabi/lib/thumb/v7e-m+fp/hard\libc_nano.a(libc_a-reent.o)
                              ./Middlewares/Third_Party/FreeRTOS/Source/tasks.o (_reclaim_reent)
[...]
Memory Configuration

Name             Origin             Length             Attributes
RAM              0x20000000         0x0001c000         xrw
FLASH            0x08000000         0x00080000         xr
*default*        0x00000000         0xffffffff

Linker script and memory map

LOAD C:/ST/STM32CubeIDE_1.19.0/STM32CubeIDE/plugins/com.st.stm32cube.ide.mcu.externaltools.gnu-tools-for-stm32.13.3.rel1.win32_1.0.0.202411081344/tools/bin/../lib/gcc/arm-none-eabi/13.3.1/thumb/v7e-m+fp/hard/crti.o
LOAD C:/ST/STM32CubeIDE_1.19.0/STM32CubeIDE/plugins/com.st.stm32cube.ide.mcu.externaltools.gnu-tools-for-stm32.13.3.rel1.win32_1.0.0.202411081344/tools/bin/../lib/gcc/arm-none-eabi/13.3.1/thumb/v7e-m+fp/hard/crtbegin.o
LOAD C:/ST/STM32CubeIDE_1.19.0/STM32CubeIDE/plugins/com.st.stm32cube.ide.mcu.externaltools.gnu-tools-for-stm32.13.3.rel1.win32_1.0.0.202411081344/tools/bin/../lib/gcc/arm-none-eabi/13.3.1/../../../../arm-none-eabi/lib/thumb/v7e-m+fp/hard/crt0.o
LOAD ./Components/FileSystem/SoarFileSystem.o
LOAD ./Components/FileSystem/SoarFileSystemExample.o
LOAD ./Components/SoarDebug/DebugTask.o
LOAD ./Components/SysCore/RunInterface.o
LOAD ./Components/main_avionics.o
LOAD ./Core/Src/app_freertos.o
LOAD ./Core/Src/main.o
LOAD ./Core/Src/stm32g4xx_hal_msp.o
LOAD ./Core/Src/stm32g4xx_hal_timebase_tim.o
LOAD ./Core/Src/stm32g4xx_it.o
LOAD ./Core/Src/syscalls.o
LOAD ./Core/Src/sysmem.o
LOAD ./Core/Src/system_stm32g4xx.o
LOAD ./Core/Startup/startup_stm32g491metx.o
LOAD ./Drivers/STM32G4xx_HAL_Driver/Src/stm32g4xx_hal.o
LOAD ./Drivers/STM32G4xx_HAL_Driver/Src/stm32g4xx_hal_cortex.o
LOAD ./Drivers/STM32G4xx_HAL_Driver/Src/stm32g4xx_hal_crc.o
LOAD ./Drivers/STM32G4xx_HAL_Driver/Src/stm32g4xx_hal_crc_ex.o
LOAD ./Drivers/STM32G4xx_HAL_Driver/Src/stm32g4xx_hal_dma.o
LOAD ./Drivers/STM32G4xx_HAL_Driver/Src/stm32g4xx_hal_dma_ex.o
LOAD ./Drivers/STM32G4xx_HAL_Driver/Src/stm32g4xx_hal_exti.o
LOAD ./Drivers/STM32G4xx_HAL_Driver/Src/stm32g4xx_hal_flash.o
LOAD ./Drivers/STM32G4xx_HAL_Driver/Src/stm32g4xx_hal_flash_ex.o
LOAD ./Drivers/STM32G4xx_HAL_Driver/Src/stm32g4xx_hal_flash_ramfunc.o
LOAD ./Drivers/STM32G4xx_HAL_Driver/Src/stm32g4xx_hal_gpio.o
LOAD ./Drivers/STM32G4xx_HAL_Driver/Src/stm32g4xx_hal_pcd.o
LOAD ./Drivers/STM32G4xx_HAL_Driver/Src/stm32g4xx_hal_pcd_ex.o
LOAD ./Drivers/STM32G4xx_HAL_Driver/Src/stm32g4xx_hal_pwr.o
LOAD ./Drivers/STM32G4xx_HAL_Driver/Src/stm32g4xx_hal_pwr_ex.o
LOAD ./Drivers/STM32G4xx_HAL_Driver/Src/stm32g4xx_hal_rcc.o
LOAD ./Drivers/STM32G4xx_HAL_Driver/Src/stm32g4xx_hal_rcc_ex.o
LOAD ./Drivers/STM32G4xx_HAL_Driver/Src/stm32g4xx_hal_tim.o
LOAD ./Drivers/STM32G4xx_HAL_Driver/Src/stm32g4xx_hal_tim_ex.o
LOAD ./Drivers/STM32G4xx_HAL_Driver/Src/stm32g4xx_ll_dma.o
LOAD ./Drivers/STM32G4xx_HAL_Driver/Src/stm32g4xx_ll_exti.o
LOAD ./Drivers/STM32G4xx_HAL_Driver/Src/stm32g4xx_ll_gpio.o
LOAD ./Drivers/STM32G4xx_HAL_Driver/Src/stm32g4xx_ll_pwr.o
LOAD ./Drivers/STM32G4xx_HAL_Driver/Src/stm32g4xx_ll_rcc.o
LOAD ./Drivers/STM32G4xx_HAL_Driver/Src/stm32g4xx_ll_usart.o
LOAD ./Drivers/STM32G4xx_HAL_Driver/Src/stm32g4xx_ll_usb.o
LOAD ./Drivers/STM32G4xx_HAL_Driver/Src/stm32g4xx_ll_utils.o
LOAD ./FATFS/App/app_fatfs.o
LOAD ./FATFS/Target/user_diskio.o
LOAD ./Middlewares/ST/STM32_USB_Device_Library/Class/MSC/Src/usbd_msc.o
LOAD ./Middlewares/ST/STM32_USB_Device_Library/Class/MSC/Src/usbd_msc_bot.o
LOAD ./Middlewares/ST/STM32_USB_Device_Library/Class/MSC/Src/usbd_msc_data.o
LOAD ./Middlewares/ST/STM32_USB_Device_Library/Class/MSC/Src/usbd_msc_scsi.o
LOAD ./Middlewares/ST/STM32_USB_Device_Library/Core/Src/usbd_core.o
LOAD ./Middlewares/ST/STM32_USB_Device_Library/Core/Src/usbd_ctlreq.o
LOAD ./Middlewares/ST/STM32_USB_Device_Library/Core/Src/usbd_ioreq.o
LOAD ./Middlewares/Third_Party/FatFs/src/diskio.o
LOAD ./Middlewares/Third_Party/FatFs/src/ff.o
LOAD ./Middlewares/Third_Party/FatFs/src/ff_gen_drv.o
LOAD ./Middlewares/Third_Party/FatFs/src/option/syscall.o
LOAD ./Middlewares/Third_Party/FreeRTOS/Source/CMSIS_RTOS/cmsis_os.o
LOAD ./Middlewares/Third_Party/FreeRTOS/Source/croutine.o
LOAD ./Middlewares/Third_Party/FreeRTOS/Source/event_groups.o
LOAD ./Middlewares/Third_Party/FreeRTOS/Source/list.o
LOAD ./Middlewares/Third_Party/FreeRTOS/Source/queue.o
LOAD ./Middlewares/Third_Party/FreeRTOS/Source/stream_buffer.o
LOAD ./Middlewares/Third_Party/FreeRTOS/Source/tasks.o
LOAD ./Middlewares/Third_Party/FreeRTOS/Source/timers.o
LOAD ./Middlewares/Third_Party/FreeRTOS/Source/portable/GCC/ARM_CM4F/port.o
LOAD ./Middlewares/Third_Party/FreeRTOS/Source/portable/MemMang/heap_4.o
LOAD ./SoarOS/Drivers/UARTDriver.o
LOAD ./USB_Device/App/usb_device.o
LOAD ./USB_Device/App/usbd_desc.o
LOAD ./USB_Device/App/usbd_storage_if.o
LOAD ./USB_Device/Target/usbd_conf.o
START GROUP
LOAD C:/ST/STM32CubeIDE_1.19.0/STM32CubeIDE/plugins/com.st.stm32cube.ide.mcu.externaltools.gnu-tools-for-stm32.13.3.rel1.win32_1.0.0.202411081344/tools/bin/../lib/gcc/arm-none-eabi/13.3.1/../../../../arm-none-eabi/lib/thumb/v7e-m+fp/hard\libstdc++_nano.a
LOAD C:/ST/STM32CubeIDE_1.19.0/STM32CubeIDE/plugins/com.st.stm32cube.ide.mcu.externaltools.gnu-tools-for-stm32.13.3.rel1.win32_1.0.0.202411081344/tools/bin/../lib/gcc/arm-none-eabi/13.3.1/../../../../arm-none-eabi/lib/thumb/v7e-m+fp/hard\libsupc++_nano.a
END GROUP
LOAD C:/ST/STM32CubeIDE_1.19.0/STM32CubeIDE/plugins/com.st.stm32cube.ide.mcu.externaltools.gnu-tools-for-stm32.13.3.rel1.win32_1.0.0.202411081344/tools/bin/../lib/gcc/arm-none-eabi/13.3.1/../../../../arm-none-eabi/lib/thumb/v7e-m+fp/hard\libstdc++_nano.a
LOAD C:/ST/STM32CubeIDE_1.19.0/STM32CubeIDE/plugins/com.st.stm32cube.ide.mcu.externaltools.gnu-tools-for-stm32.13.3.rel1.win32_1.0.0.202411081344/tools/bin/../lib/gcc/arm-none-eabi/13.3.1/../../../../arm-none-eabi/lib/thumb/v7e-m+fp/hard\libm.a
LOAD C:/ST/STM32CubeIDE_1.19.0/STM32CubeIDE/plugins/com.st.stm32cube.ide.mcu.externaltools.gnu-tools-for-stm32.13.3.rel1.win32_1.0.0.202411081344/tools/bin/../lib/gcc/arm-none-eabi/13.3.1/../../../../arm-none-eabi/lib/thumb/v7e-m+fp/hard\libc_nano.a
START GROUP
LOAD C:/ST/STM32CubeIDE_1.19.0/STM32CubeIDE/plugins/com.st.stm32cube.ide.mcu.externaltools.gnu-tools-for-stm32.13.3.rel1.win32_1.0.0.202411081344/tools/bin/../lib/gcc/arm-none-eabi/13.3.1/thumb/v7e-m+fp/hard\libgcc.a
LOAD C:/ST/STM32CubeIDE_1.19.0/STM32CubeIDE/plugins/com.st.stm32cube.ide.mcu.externaltools.gnu-tools-for-stm32.13.3.rel1.win32_1.0.0.202411081344/tools/bin/../lib/gcc/arm-none-eabi/13.3.1/../../../../arm-none-eabi/lib/thumb/v7e-m+fp/hard\libc_nano.a
END GROUP
START GROUP
LOAD C:/ST/STM32CubeIDE_1.19.0/STM32CubeIDE/plugins/com.st.stm32cube.ide.mcu.externaltools.gnu-tools-for-stm32.13.3.rel1.win32_1.0.0.202411081344/tools/bin/../lib/gcc/arm-none-eabi/13.3.1/thumb/v7e-m+fp/hard\libgcc.a
LOAD C:/ST/STM32CubeIDE_1.19.0/STM32CubeIDE/plugins/com.st.stm32cube.ide.mcu.externaltools.gnu-tools-for-stm32.13.3.rel1.win32_1.0.0.202411081344/tools/bin/../lib/gcc/arm-none-eabi/13.3.1/../../../../arm-none-eabi/lib/thumb/v7e-m+fp/hard\libc_nano.a
LOAD C:/ST/STM32CubeIDE_1.19.0/STM32CubeIDE/plugins/com.st.stm32cube.ide.mcu.externaltools.gnu-tools-for-stm32.13.3.rel1.win32_1.0.0.202411081344/tools/bin/../lib/gcc/arm-none-eabi/13.3.1/../../../../arm-none-eabi/lib/thumb/v7e-m+fp/hard\libnosys.a
END GROUP
START GROUP
LOAD C:/ST/STM32CubeIDE_1.19.0/STM32CubeIDE/plugins/com.st.stm32cube.ide.mcu.externaltools.gnu-tools-for-stm32.13.3.rel1.win32_1.0.0.202411081344/tools/bin/../lib/gcc/arm-none-eabi/13.3.1/thumb/v7e-m+fp/hard\libgcc.a
LOAD C:/ST/STM32CubeIDE_1.19.0/STM32CubeIDE/plugins/com.st.stm32cube.ide.mcu.externaltools.gnu-tools-for-stm32.13.3.rel1.win32_1.0.0.202411081344/tools/bin/../lib/gcc/arm-none-eabi/13.3.1/../../../../arm-none-eabi/lib/thumb/v7e-m+fp/hard\libc_nano.a
LOAD C:/ST/STM32CubeIDE_1.19.0/STM32CubeIDE/plugins/com.st.stm32cube.ide.mcu.externaltools.gnu-tools-for-stm32.13.3.rel1.win32_1.0.0.202411081344/tools/bin/../lib/gcc/arm-none-eabi/13.3.1/../../../../arm-none-eabi/lib/thumb/v7e-m+fp/hard\libnosys.a
END GROUP
LOAD C:/ST/STM32CubeIDE_1.19.0/STM32CubeIDE/plugins/com.st.stm32cube.ide.mcu.externaltools.gnu-tools-for-stm32.13.3.rel1.win32_1.0.0.202411081344/tools/bin/../lib/gcc/arm-none-eabi/13.3.1/thumb/v7e-m+fp/hard/crtend.o
LOAD C:/ST/STM32CubeIDE_1.19.0/STM32CubeIDE/plugins/com.st.stm32cube.ide.mcu.externaltools.gnu-tools-for-stm32.13.3.rel1.win32_1.0.0.202411081344/tools/bin/../lib/gcc/arm-none-eabi/13.3.1/thumb/v7e-m+fp/hard/crtn.o
                0x2001c000                        _estack = (ORIGIN (RAM) + LENGTH (RAM))
                0x00000200                        _Min_Heap_Size = 0x200
                0x00000400                        _Min_Stack_Size = 0x400

.isr_vector     0x08000000      0x1d8
                0x08000000                        . = ALIGN (0x4)
 *(.isr_vector)
 .isr_vector    0x08000000      0x1d8 ./Core/Startup/startup_stm32g491metx.o
                0x08000000                g_pfnVectors
                0x080001d8                        . = ALIGN (0x4)

.text           0x080001e0     0xcb88
                0x080001e0                        . = ALIGN (0x4)
 *(.text)
 .text          0x080001e0       0x40 C:/ST/STM32CubeIDE_1.19.0/STM32CubeIDE/plugins/com.st.stm32cube.ide.mcu.externaltools.gnu-tools-for-stm32.13.3.rel1.win32_1.0.0.202411081344/tools/bin/../lib/gcc/arm-none-eabi/13.3.1/thumb/v7e-m+fp/hard/crtbegin.o
 *(.text*)
 .text.cpp_USART2_IRQHandler
                0x08000220       0x14 ./Components/SysCore/RunInterface.o
                0x08000220                cpp_USART2_IRQHandler
 .text._ZN10UARTDriverC2EP13USART_TypeDef
                0x08000234       0x2a ./Components/main_avionics.o
                0x08000234                UARTDriver::UARTDriver(USART_TypeDef*)
                0x08000234                UARTDriver::UARTDriver(USART_TypeDef*)
 *fill*         0x0800025e        0x2 
 .text._Z41__static_initialization_and_destruction_0v
                0x08000260       0x18 ./Components/main_avionics.o
 .text._GLOBAL__sub_I__ZN6Driver6usart2E
                0x08000278        0xa ./Components/main_avionics.o
 *fill*         0x08000282        0x2 
 .text.__NVIC_GetPriorityGrouping
                0x08000284       0x1c ./Core/Src/main.o
 .text.__NVIC_EnableIRQ
                0x080002a0       0x3c ./Core/Src/main.o
 .text.__NVIC_SetPriority
                0x080002dc       0x54 ./Core/Src/main.o
 .text.NVIC_EncodePriority
                0x08000330       0x66 ./Core/Src/main.o
 .text.LL_USART_Enable
                0x08000396       0x20 ./Core/Src/main.o
 .text.LL_USART_DisableFIFO
                0x080003b6       0x20 ./Core/Src/main.o
 .text.LL_USART_SetTXFIFOThreshold
                0x080003d6       0x4e ./Core/Src/main.o
 .text.LL_USART_SetRXFIFOThreshold
                0x08000424       0x4e ./Core/Src/main.o
 .text.LL_USART_ConfigAsyncMode
                0x08000472       0x2c ./Core/Src/main.o
 .text.LL_USART_IsActiveFlag_TEACK
                0x0800049e       0x28 ./Core/Src/main.o
 .text.LL_USART_IsActiveFlag_REACK
                0x080004c6       0x28 ./Core/Src/main.o
 *fill*         0x080004ee        0x2 
 .text.LL_AHB2_GRP1_EnableClock
                0x080004f0       0x30 ./Core/Src/main.o
 .text.LL_APB1_GRP1_EnableClock
                0x08000520       0x30 ./Core/Src/main.o
 .text.main     0x08000550       0x58 ./Core/Src/main.o
                0x08000550                main
 .text.SystemClock_Config
                0x080005a8       0x84 ./Core/Src/main.o
                0x080005a8                SystemClock_Config
 .text.MX_CRC_Init
                0x0800062c       0x44 ./Core/Src/main.o
 .text.MX_USART2_UART_Init
                0x08000670      0x144 ./Core/Src/main.o
 .text.MX_GPIO_Init
                0x080007b4       0x30 ./Core/Src/main.o
 .text.StartDefaultTask
                0x080007e4       0x14 ./Core/Src/main.o
                0x080007e4                StartDefaultTask
 .text.HAL_TIM_PeriodElapsedCallback
                0x080007f8       0x1e ./Core/Src/main.o
                0x080007f8                HAL_TIM_PeriodElapsedCallback
 .text.Error_Handler
                0x08000816        0xc ./Core/Src/main.o
                0x08000816                Error_Handler
 *fill*         0x08000822        0x2 
 .text.HAL_MspInit
                0x08000824       0x54 ./Core/Src/stm32g4xx_hal_msp.o
                0x08000824                HAL_MspInit
 .text.HAL_CRC_MspInit
                0x08000878       0x40 ./Core/Src/stm32g4xx_hal_msp.o
                0x08000878                HAL_CRC_MspInit
 .text.HAL_InitTick
                0x080008b8       0xd8 ./Core/Src/stm32g4xx_hal_timebase_tim.o
                0x080008b8                HAL_InitTick
 .text.NMI_Handler
                0x08000990        0x8 ./Core/Src/stm32g4xx_it.o
                0x08000990                NMI_Handler
 .text.HardFault_Handler
                0x08000998        0x8 ./Core/Src/stm32g4xx_it.o
                0x08000998                HardFault_Handler
 .text.MemManage_Handler
                0x080009a0        0x8 ./Core/Src/stm32g4xx_it.o
                0x080009a0                MemManage_Handler
 .text.BusFault_Handler
                0x080009a8        0x8 ./Core/Src/stm32g4xx_it.o
                0x080009a8                BusFault_Handler
 .text.UsageFault_Handler
                0x080009b0        0x8 ./Core/Src/stm32g4xx_it.o
                0x080009b0                UsageFault_Handler
 .text.DebugMon_Handler
                0x080009b8        0xe ./Core/Src/stm32g4xx_it.o
                0x080009b8                DebugMon_Handler
 *fill*         0x080009c6        0x2 
 .text.USB_LP_IRQHandler
                0x080009c8       0x14 ./Core/Src/stm32g4xx_it.o
                0x080009c8                USB_LP_IRQHandler
 .text.TIM2_IRQHandler
                0x080009dc       0x14 ./Core/Src/stm32g4xx_it.o
                0x080009dc                TIM2_IRQHandler
 .text.USART2_IRQHandler
                0x080009f0        0xc ./Core/Src/stm32g4xx_it.o
                0x080009f0                USART2_IRQHandler
 .text.SystemInit
                0x080009fc       0x24 ./Core/Src/system_stm32g4xx.o
                0x080009fc                SystemInit
 .text.Reset_Handler
                0x08000a20       0x50 ./Core/Startup/startup_stm32g491metx.o
                0x08000a20                Reset_Handler
 .text.Default_Handler
                0x08000a70        0x2 ./Core/Startup/startup_stm32g491metx.o
                0x08000a70                RTC_Alarm_IRQHandler
                0x08000a70                EXTI2_IRQHandler
                0x08000a70                TIM8_TRG_COM_IRQHandler
                0x08000a70                TIM8_CC_IRQHandler
                0x08000a70                TIM1_CC_IRQHandler
                0x08000a70                USB_HP_IRQHandler
                0x08000a70                CORDIC_IRQHandler
                0x08000a70                DMA2_Channel8_IRQHandler
                0x08000a70                EXTI3_IRQHandler
                0x08000a70                I2C3_ER_IRQHandler
                0x08000a70                EXTI0_IRQHandler
                0x08000a70                I2C2_EV_IRQHandler
                0x08000a70                FPU_IRQHandler
                0x08000a70                FDCAN1_IT1_IRQHandler
                0x08000a70                TIM1_UP_TIM16_IRQHandler
                0x08000a70                ADC1_2_IRQHandler
                0x08000a70                SPI1_IRQHandler
                0x08000a70                TIM6_DAC_IRQHandler
                0x08000a70                TIM8_UP_IRQHandler
                0x08000a70                DMA2_Channel2_IRQHandler
                0x08000a70                DMA1_Channel4_IRQHandler
                0x08000a70                TIM20_TRG_COM_IRQHandler
                0x08000a70                USART3_IRQHandler
                0x08000a70                DMA1_Channel7_IRQHandler
                0x08000a70                UART5_IRQHandler
                0x08000a70                ADC3_IRQHandler
                0x08000a70                TIM4_IRQHandler
                0x08000a70                DMA2_Channel1_IRQHandler
                0x08000a70                QUADSPI_IRQHandler
                0x08000a70                I2C1_EV_IRQHandler
                0x08000a70                DMA1_Channel6_IRQHandler
                0x08000a70                UART4_IRQHandler
                0x08000a70                DMA2_Channel4_IRQHandler
                0x08000a70                TIM3_IRQHandler
                0x08000a70                RCC_IRQHandler
                0x08000a70                TIM20_UP_IRQHandler
                0x08000a70                DMA1_Channel1_IRQHandler
                0x08000a70                Default_Handler
                0x08000a70                DMA2_Channel7_IRQHandler
                0x08000a70                RTC_TAMP_LSECSS_IRQHandler
                0x08000a70                FMAC_IRQHandler
                0x08000a70                EXTI15_10_IRQHandler
                0x08000a70                DMA1_Channel8_IRQHandler
                0x08000a70                TIM7_IRQHandler
                0x08000a70                UCPD1_IRQHandler
                0x08000a70                I2C3_EV_IRQHandler
                0x08000a70                EXTI9_5_IRQHandler
                0x08000a70                RTC_WKUP_IRQHandler
                0x08000a70                PVD_PVM_IRQHandler
                0x08000a70                SPI2_IRQHandler
                0x08000a70                DMA2_Channel5_IRQHandler
                0x08000a70                CRS_IRQHandler
                0x08000a70                DMA1_Channel5_IRQHandler
                0x08000a70                EXTI4_IRQHandler
                0x08000a70                RNG_IRQHandler
                0x08000a70                TIM1_TRG_COM_TIM17_IRQHandler
                0x08000a70                FDCAN2_IT1_IRQHandler
                0x08000a70                DMA1_Channel3_IRQHandler
                0x08000a70                WWDG_IRQHandler
                0x08000a70                FDCAN2_IT0_IRQHandler
                0x08000a70                LPUART1_IRQHandler
                0x08000a70                DMA2_Channel6_IRQHandler
                0x08000a70                FDCAN1_IT0_IRQHandler
                0x08000a70                COMP1_2_3_IRQHandler
                0x08000a70                EXTI1_IRQHandler
                0x08000a70                TIM20_BRK_IRQHandler
                0x08000a70                I2C2_ER_IRQHandler
                0x08000a70                DMA1_Channel2_IRQHandler
                0x08000a70                TIM8_BRK_IRQHandler
                0x08000a70                FLASH_IRQHandler
                0x08000a70                TIM20_CC_IRQHandler
                0x08000a70                USART1_IRQHandler
                0x08000a70                SPI3_IRQHandler
                0x08000a70                I2C1_ER_IRQHandler
                0x08000a70                LPTIM1_IRQHandler
                0x08000a70                DMAMUX_OVR_IRQHandler
                0x08000a70                USBWakeUp_IRQHandler
                0x08000a70                SAI1_IRQHandler
                0x08000a70                DMA2_Channel3_IRQHandler
                0x08000a70                COMP4_IRQHandler
                0x08000a70                TIM1_BRK_TIM15_IRQHandler
 .text.HAL_Init
                0x08000a72       0x30 ./Drivers/STM32G4xx_HAL_Driver/Src/stm32g4xx_hal.o
                0x08000a72                HAL_Init
 *fill*         0x08000aa2        0x2 
 .text.HAL_IncTick
                0x08000aa4       0x24 ./Drivers/STM32G4xx_HAL_Driver/Src/stm32g4xx_hal.o
                0x08000aa4                HAL_IncTick
 .text.HAL_GetTick
                0x08000ac8       0x18 ./Drivers/STM32G4xx_HAL_Driver/Src/stm32g4xx_hal.o
                0x08000ac8                HAL_GetTick
 .text.__NVIC_SetPriorityGrouping
                0x08000ae0       0x48 ./Drivers/STM32G4xx_HAL_Driver/Src/stm32g4xx_hal_cortex.o
 .text.__NVIC_GetPriorityGrouping
                0x08000b28       0x1c ./Drivers/STM32G4xx_HAL_Driver/Src/stm32g4xx_hal_cortex.o
 .text.__NVIC_EnableIRQ
                0x08000b44       0x3c ./Drivers/STM32G4xx_HAL_Driver/Src/stm32g4xx_hal_cortex.o
 .text.__NVIC_SetPriority
                0x08000b80       0x54 ./Drivers/STM32G4xx_HAL_Driver/Src/stm32g4xx_hal_cortex.o
 .text.NVIC_EncodePriority
                0x08000bd4       0x66 ./Drivers/STM32G4xx_HAL_Driver/Src/stm32g4xx_hal_cortex.o
 .text.HAL_NVIC_SetPriorityGrouping
                0x08000c3a       0x16 ./Drivers/STM32G4xx_HAL_Driver/Src/stm32g4xx_hal_cortex.o
                0x08000c3a                HAL_NVIC_SetPriorityGrouping
 .text.HAL_NVIC_SetPriority
                0x08000c50       0x34 ./Drivers/STM32G4xx_HAL_Driver/Src/stm32g4xx_hal_cortex.o
                0x08000c50                HAL_NVIC_SetPriority
 .text.HAL_NVIC_EnableIRQ
                0x08000c84       0x1c ./Drivers/STM32G4xx_HAL_Driver/Src/stm32g4xx_hal_cortex.o
                0x08000c84                HAL_NVIC_EnableIRQ
 .text.HAL_CRC_Init
                0x08000ca0       0xc8 ./Drivers/STM32G4xx_HAL_Driver/Src/stm32g4xx_hal_crc.o
                0x08000ca0                HAL_CRC_Init
 .text.HAL_CRCEx_Polynomial_Set
                0x08000d68      0x11c ./Drivers/STM32G4xx_HAL_Driver/Src/stm32g4xx_hal_crc_ex.o
                0x08000d68                HAL_CRCEx_Polynomial_Set
 .text.HAL_PCD_Init
                0x08000e84      0x19c ./Drivers/STM32G4xx_HAL_Driver/Src/stm32g4xx_hal_pcd.o
                0x08000e84                HAL_PCD_Init
 .text.HAL_PCD_Start
                0x08001020       0x44 ./Drivers/STM32G4xx_HAL_Driver/Src/stm32g4xx_hal_pcd.o
                0x08001020                HAL_PCD_Start
 .text.HAL_PCD_IRQHandler
                0x08001064      0x24e ./Drivers/STM32G4xx_HAL_Driver/Src/stm32g4xx_hal_pcd.o
                0x08001064                HAL_PCD_IRQHandler
 .text.HAL_PCD_SetAddress
                0x080012b2       0x48 ./Drivers/STM32G4xx_HAL_Driver/Src/stm32g4xx_hal_pcd.o
                0x080012b2                HAL_PCD_SetAddress
 .text.HAL_PCD_EP_Open
                0x080012fa       0xbe ./Drivers/STM32G4xx_HAL_Driver/Src/stm32g4xx_hal_pcd.o
                0x080012fa                HAL_PCD_EP_Open
 .text.HAL_PCD_EP_Close
                0x080013b8       0x90 ./Drivers/STM32G4xx_HAL_Driver/Src/stm32g4xx_hal_pcd.o
                0x080013b8                HAL_PCD_EP_Close
 .text.HAL_PCD_EP_Receive
                0x08001448       0x62 ./Drivers/STM32G4xx_HAL_Driver/Src/stm32g4xx_hal_pcd.o
                0x08001448                HAL_PCD_EP_Receive
 .text.HAL_PCD_EP_GetRxCount
                0x080014aa       0x30 ./Drivers/STM32G4xx_HAL_Driver/Src/stm32g4xx_hal_pcd.o
                0x080014aa                HAL_PCD_EP_GetRxCount
 .text.HAL_PCD_EP_Transmit
                0x080014da       0x6e ./Drivers/STM32G4xx_HAL_Driver/Src/stm32g4xx_hal_pcd.o
                0x080014da                HAL_PCD_EP_Transmit
 .text.HAL_PCD_EP_SetStall
                0x08001548       0xa4 ./Drivers/STM32G4xx_HAL_Driver/Src/stm32g4xx_hal_pcd.o
                0x08001548                HAL_PCD_EP_SetStall
 .text.HAL_PCD_EP_ClrStall
                0x080015ec       0xa8 ./Drivers/STM32G4xx_HAL_Driver/Src/stm32g4xx_hal_pcd.o
                0x080015ec                HAL_PCD_EP_ClrStall
 .text.HAL_PCD_EP_Flush
                0x08001694       0x5a ./Drivers/STM32G4xx_HAL_Driver/Src/stm32g4xx_hal_pcd.o
                0x08001694                HAL_PCD_EP_Flush
 .text.PCD_EP_ISR_Handler
                0x080016ee      0x68e ./Drivers/STM32G4xx_HAL_Driver/Src/stm32g4xx_hal_pcd.o
 .text.HAL_PCD_EP_DB_Receive
                0x08001d7c      0x212 ./Drivers/STM32G4xx_HAL_Driver/Src/stm32g4xx_hal_pcd.o
 .text.HAL_PCD_EP_DB_Transmit
                0x08001f8e      0x878 ./Drivers/STM32G4xx_HAL_Driver/Src/stm32g4xx_hal_pcd.o
 .text.HAL_PCDEx_PMAConfig
                0x08002806       0x86 ./Drivers/STM32G4xx_HAL_Driver/Src/stm32g4xx_hal_pcd_ex.o
                0x08002806                HAL_PCDEx_PMAConfig
 .text.HAL_PCDEx_ActivateLPM
                0x0800288c       0x54 ./Drivers/STM32G4xx_HAL_Driver/Src/stm32g4xx_hal_pcd_ex.o
                0x0800288c                HAL_PCDEx_ActivateLPM
 .text.HAL_PWREx_ControlVoltageScaling
                0x080028e0      0x148 ./Drivers/STM32G4xx_HAL_Driver/Src/stm32g4xx_hal_pwr_ex.o
                0x080028e0                HAL_PWREx_ControlVoltageScaling
 .text.HAL_PWREx_DisableUCPDDeadBattery
                0x08002a28       0x20 ./Drivers/STM32G4xx_HAL_Driver/Src/stm32g4xx_hal_pwr_ex.o
                0x08002a28                HAL_PWREx_DisableUCPDDeadBattery
 .text.HAL_RCC_OscConfig
                0x08002a48      0x624 ./Drivers/STM32G4xx_HAL_Driver/Src/stm32g4xx_hal_rcc.o
                0x08002a48                HAL_RCC_OscConfig
 .text.HAL_RCC_ClockConfig
                0x0800306c      0x278 ./Drivers/STM32G4xx_HAL_Driver/Src/stm32g4xx_hal_rcc.o
                0x0800306c                HAL_RCC_ClockConfig
 .text.HAL_RCC_GetSysClockFreq
                0x080032e4       0xc4 ./Drivers/STM32G4xx_HAL_Driver/Src/stm32g4xx_hal_rcc.o
                0x080032e4                HAL_RCC_GetSysClockFreq
 .text.HAL_RCC_GetHCLKFreq
                0x080033a8       0x18 ./Drivers/STM32G4xx_HAL_Driver/Src/stm32g4xx_hal_rcc.o
                0x080033a8                HAL_RCC_GetHCLKFreq
 .text.HAL_RCC_GetPCLK1Freq
                0x080033c0       0x2c ./Drivers/STM32G4xx_HAL_Driver/Src/stm32g4xx_hal_rcc.o
                0x080033c0                HAL_RCC_GetPCLK1Freq
 .text.HAL_RCC_GetClockConfig
                0x080033ec       0x64 ./Drivers/STM32G4xx_HAL_Driver/Src/stm32g4xx_hal_rcc.o
                0x080033ec                HAL_RCC_GetClockConfig
 .text.RCC_GetSysClockFreqFromPLLSource
                0x08003450       0x8c ./Drivers/STM32G4xx_HAL_Driver/Src/stm32g4xx_hal_rcc.o
 .text.HAL_RCCEx_PeriphCLKConfig
                0x080034dc      0x478 ./Drivers/STM32G4xx_HAL_Driver/Src/stm32g4xx_hal_rcc_ex.o
                0x080034dc                HAL_RCCEx_PeriphCLKConfig
 .text.HAL_TIM_Base_Init
                0x08003954       0xae ./Drivers/STM32G4xx_HAL_Driver/Src/stm32g4xx_hal_tim.o
                0x08003954                HAL_TIM_Base_Init
 .text.HAL_TIM_Base_MspInit
                0x08003a02       0x14 ./Drivers/STM32G4xx_HAL_Driver/Src/stm32g4xx_hal_tim.o
                0x08003a02                HAL_TIM_Base_MspInit
 *fill*         0x08003a16        0x2 
 .text.HAL_TIM_Base_Start_IT
                0x08003a18       0xe0 ./Drivers/STM32G4xx_HAL_Driver/Src/stm32g4xx_hal_tim.o
                0x08003a18                HAL_TIM_Base_Start_IT
 .text.HAL_TIM_IRQHandler
                0x08003af8      0x29e ./Drivers/STM32G4xx_HAL_Driver/Src/stm32g4xx_hal_tim.o
                0x08003af8                HAL_TIM_IRQHandler
 .text.HAL_TIM_OC_DelayElapsedCallback
                0x08003d96       0x14 ./Drivers/STM32G4xx_HAL_Driver/Src/stm32g4xx_hal_tim.o
                0x08003d96                HAL_TIM_OC_DelayElapsedCallback
 .text.HAL_TIM_IC_CaptureCallback
                0x08003daa       0x14 ./Drivers/STM32G4xx_HAL_Driver/Src/stm32g4xx_hal_tim.o
                0x08003daa                HAL_TIM_IC_CaptureCallback
 .text.HAL_TIM_PWM_PulseFinishedCallback
                0x08003dbe       0x14 ./Drivers/STM32G4xx_HAL_Driver/Src/stm32g4xx_hal_tim.o
                0x08003dbe                HAL_TIM_PWM_PulseFinishedCallback
 .text.HAL_TIM_TriggerCallback
                0x08003dd2       0x14 ./Drivers/STM32G4xx_HAL_Driver/Src/stm32g4xx_hal_tim.o
                0x08003dd2                HAL_TIM_TriggerCallback
 *fill*         0x08003de6        0x2 
 .text.TIM_Base_SetConfig
                0x08003de8      0x154 ./Drivers/STM32G4xx_HAL_Driver/Src/stm32g4xx_hal_tim.o
                0x08003de8                TIM_Base_SetConfig
 .text.HAL_TIMEx_CommutCallback
                0x08003f3c       0x14 ./Drivers/STM32G4xx_HAL_Driver/Src/stm32g4xx_hal_tim_ex.o
                0x08003f3c                HAL_TIMEx_CommutCallback
 .text.HAL_TIMEx_BreakCallback
                0x08003f50       0x14 ./Drivers/STM32G4xx_HAL_Driver/Src/stm32g4xx_hal_tim_ex.o
                0x08003f50                HAL_TIMEx_BreakCallback
 .text.HAL_TIMEx_Break2Callback
                0x08003f64       0x14 ./Drivers/STM32G4xx_HAL_Driver/Src/stm32g4xx_hal_tim_ex.o
                0x08003f64                HAL_TIMEx_Break2Callback
 .text.HAL_TIMEx_EncoderIndexCallback
                0x08003f78       0x14 ./Drivers/STM32G4xx_HAL_Driver/Src/stm32g4xx_hal_tim_ex.o
                0x08003f78                HAL_TIMEx_EncoderIndexCallback
 .text.HAL_TIMEx_DirectionChangeCallback
                0x08003f8c       0x14 ./Drivers/STM32G4xx_HAL_Driver/Src/stm32g4xx_hal_tim_ex.o
                0x08003f8c                HAL_TIMEx_DirectionChangeCallback
 .text.HAL_TIMEx_IndexErrorCallback
                0x08003fa0       0x14 ./Drivers/STM32G4xx_HAL_Driver/Src/stm32g4xx_hal_tim_ex.o
                0x08003fa0                HAL_TIMEx_IndexErrorCallback
 .text.HAL_TIMEx_TransitionErrorCallback
                0x08003fb4       0x14 ./Drivers/STM32G4xx_HAL_Driver/Src/stm32g4xx_hal_tim_ex.o
                0x08003fb4                HAL_TIMEx_TransitionErrorCallback
 .text.LL_GPIO_SetPinMode
                0x08003fc8       0x7a ./Drivers/STM32G4xx_HAL_Driver/Src/stm32g4xx_ll_gpio.o
 .text.LL_GPIO_SetPinOutputType
                0x08004042       0x30 ./Drivers/STM32G4xx_HAL_Driver/Src/stm32g4xx_ll_gpio.o
 .text.LL_GPIO_SetPinSpeed
                0x08004072       0x7a ./Drivers/STM32G4xx_HAL_Driver/Src/stm32g4xx_ll_gpio.o
 .text.LL_GPIO_SetPinPull
                0x080040ec       0x7a ./Drivers/STM32G4xx_HAL_Driver/Src/stm32g4xx_ll_gpio.o
 .text.LL_GPIO_SetAFPin_0_7
                0x08004166       0x7a ./Drivers/STM32G4xx_HAL_Driver/Src/stm32g4xx_ll_gpio.o
 .text.LL_GPIO_SetAFPin_8_15
                0x080041e0       0x7e ./Drivers/STM32G4xx_HAL_Driver/Src/stm32g4xx_ll_gpio.o
 .text.LL_GPIO_Init
                0x0800425e       0xdc ./Drivers/STM32G4xx_HAL_Driver/Src/stm32g4xx_ll_gpio.o
                0x0800425e                LL_GPIO_Init
 *fill*         0x0800433a        0x2 
 .text.LL_RCC_HSI_IsReady
                0x0800433c       0x28 ./Drivers/STM32G4xx_HAL_Driver/Src/stm32g4xx_ll_rcc.o
 .text.LL_RCC_LSE_IsReady
                0x08004364       0x28 ./Drivers/STM32G4xx_HAL_Driver/Src/stm32g4xx_ll_rcc.o
 .text.LL_RCC_GetSysClkSource
                0x0800438c       0x1c ./Drivers/STM32G4xx_HAL_Driver/Src/stm32g4xx_ll_rcc.o
 .text.LL_RCC_GetAHBPrescaler
                0x080043a8       0x1c ./Drivers/STM32G4xx_HAL_Driver/Src/stm32g4xx_ll_rcc.o
 .text.LL_RCC_GetAPB1Prescaler
                0x080043c4       0x1c ./Drivers/STM32G4xx_HAL_Driver/Src/stm32g4xx_ll_rcc.o
 .text.LL_RCC_GetAPB2Prescaler
                0x080043e0       0x1c ./Drivers/STM32G4xx_HAL_Driver/Src/stm32g4xx_ll_rcc.o
 .text.LL_RCC_GetUSARTClockSource
                0x080043fc       0x28 ./Drivers/STM32G4xx_HAL_Driver/Src/stm32g4xx_ll_rcc.o
 .text.LL_RCC_GetUARTClockSource
                0x08004424       0x28 ./Drivers/STM32G4xx_HAL_Driver/Src/stm32g4xx_ll_rcc.o
 .text.LL_RCC_PLL_GetMainSource
                0x0800444c       0x1c ./Drivers/STM32G4xx_HAL_Driver/Src/stm32g4xx_ll_rcc.o
 .text.LL_RCC_PLL_GetN
                0x08004468       0x1c ./Drivers/STM32G4xx_HAL_Driver/Src/stm32g4xx_ll_rcc.o
 .text.LL_RCC_PLL_GetR
                0x08004484       0x1c ./Drivers/STM32G4xx_HAL_Driver/Src/stm32g4xx_ll_rcc.o
 .text.LL_RCC_PLL_GetDivider
                0x080044a0       0x1c ./Drivers/STM32G4xx_HAL_Driver/Src/stm32g4xx_ll_rcc.o
 .text.LL_RCC_GetUSARTClockFreq
                0x080044bc      0x188 ./Drivers/STM32G4xx_HAL_Driver/Src/stm32g4xx_ll_rcc.o
                0x080044bc                LL_RCC_GetUSARTClockFreq
 .text.LL_RCC_GetUARTClockFreq
                0x08004644      0x10c ./Drivers/STM32G4xx_HAL_Driver/Src/stm32g4xx_ll_rcc.o
                0x08004644                LL_RCC_GetUARTClockFreq
 .text.RCC_GetSystemClockFreq
                0x08004750       0x4c ./Drivers/STM32G4xx_HAL_Driver/Src/stm32g4xx_ll_rcc.o
 .text.RCC_GetHCLKClockFreq
                0x0800479c       0x30 ./Drivers/STM32G4xx_HAL_Driver/Src/stm32g4xx_ll_rcc.o
 .text.RCC_GetPCLK1ClockFreq
                0x080047cc       0x2c ./Drivers/STM32G4xx_HAL_Driver/Src/stm32g4xx_ll_rcc.o
 .text.RCC_GetPCLK2ClockFreq
                0x080047f8       0x2c ./Drivers/STM32G4xx_HAL_Driver/Src/stm32g4xx_ll_rcc.o
 .text.RCC_PLL_GetFreqDomain_SYS
                0x08004824       0x68 ./Drivers/STM32G4xx_HAL_Driver/Src/stm32g4xx_ll_rcc.o
 .text.LL_USART_IsEnabled
                0x0800488c       0x26 ./Drivers/STM32G4xx_HAL_Driver/Src/stm32g4xx_ll_usart.o
 .text.LL_USART_SetPrescaler
                0x080048b2       0x28 ./Drivers/STM32G4xx_HAL_Driver/Src/stm32g4xx_ll_usart.o
 .text.LL_USART_SetStopBitsLength
                0x080048da       0x26 ./Drivers/STM32G4xx_HAL_Driver/Src/stm32g4xx_ll_usart.o
 .text.LL_USART_SetHWFlowCtrl
                0x08004900       0x26 ./Drivers/STM32G4xx_HAL_Driver/Src/stm32g4xx_ll_usart.o
 *fill*         0x08004926        0x2 
 .text.LL_USART_SetBaudRate
                0x08004928       0xa0 ./Drivers/STM32G4xx_HAL_Driver/Src/stm32g4xx_ll_usart.o
 .text.LL_USART_Init
                0x080049c8      0x10c ./Drivers/STM32G4xx_HAL_Driver/Src/stm32g4xx_ll_usart.o
                0x080049c8                LL_USART_Init
 .text.USB_EnableGlobalInt
                0x08004ad4       0x2e ./Drivers/STM32G4xx_HAL_Driver/Src/stm32g4xx_ll_usb.o
                0x08004ad4                USB_EnableGlobalInt
 .text.USB_DisableGlobalInt
                0x08004b02       0x36 ./Drivers/STM32G4xx_HAL_Driver/Src/stm32g4xx_ll_usb.o
                0x08004b02                USB_DisableGlobalInt
 .text.USB_DevInit
                0x08004b38       0x3c ./Drivers/STM32G4xx_HAL_Driver/Src/stm32g4xx_ll_usb.o
                0x08004b38                USB_DevInit
 .text.USB_FlushTxFifo
                0x08004b74       0x18 ./Drivers/STM32G4xx_HAL_Driver/Src/stm32g4xx_ll_usb.o
                0x08004b74                USB_FlushTxFifo
 .text.USB_FlushRxFifo
                0x08004b8c       0x16 ./Drivers/STM32G4xx_HAL_Driver/Src/stm32g4xx_ll_usb.o
                0x08004b8c                USB_FlushRxFifo
 *fill*         0x08004ba2        0x2 
 .text.USB_ActivateEndpoint
                0x08004ba4      0x9d0 ./Drivers/STM32G4xx_HAL_Driver/Src/stm32g4xx_ll_usb.o
                0x08004ba4                USB_ActivateEndpoint
 .text.USB_DeactivateEndpoint
                0x08005574      0x3da ./Drivers/STM32G4xx_HAL_Driver/Src/stm32g4xx_ll_usb.o
                0x08005574                USB_DeactivateEndpoint
 .text.USB_EPStartXfer
                0x0800594e      0xb5e ./Drivers/STM32G4xx_HAL_Driver/Src/stm32g4xx_ll_usb.o
                0x0800594e                USB_EPStartXfer
 .text.USB_EPSetStall
                0x080064ac       0xa2 ./Drivers/STM32G4xx_HAL_Driver/Src/stm32g4xx_ll_usb.o
                0x080064ac                USB_EPSetStall
 .text.USB_EPClearStall
                0x0800654e      0x152 ./Drivers/STM32G4xx_HAL_Driver/Src/stm32g4xx_ll_usb.o
                0x0800654e                USB_EPClearStall
 .text.USB_SetDevAddress
                0x080066a0       0x28 ./Drivers/STM32G4xx_HAL_Driver/Src/stm32g4xx_ll_usb.o
                0x080066a0                USB_SetDevAddress
 .text.USB_DevConnect
                0x080066c8       0x2e ./Drivers/STM32G4xx_HAL_Driver/Src/stm32g4xx_ll_usb.o
                0x080066c8                USB_DevConnect
 .text.USB_ReadInterrupts
                0x080066f6       0x20 ./Drivers/STM32G4xx_HAL_Driver/Src/stm32g4xx_ll_usb.o
                0x080066f6                USB_ReadInterrupts
 .text.USB_WritePMA
                0x08006716       0x86 ./Drivers/STM32G4xx_HAL_Driver/Src/stm32g4xx_ll_usb.o
                0x08006716                USB_WritePMA
 .text.USB_ReadPMA
                0x0800679c       0x98 ./Drivers/STM32G4xx_HAL_Driver/Src/stm32g4xx_ll_usb.o
                0x0800679c                USB_ReadPMA
 .text.MX_FATFS_Init
                0x08006834       0x30 ./FATFS/App/app_fatfs.o
                0x08006834                MX_FATFS_Init
 .text.USER_initialize
                0x08006864       0x30 ./FATFS/Target/user_diskio.o
                0x08006864                USER_initialize
 .text.USER_status
                0x08006894       0x2c ./FATFS/Target/user_diskio.o
                0x08006894                USER_status
 .text.USER_read
                0x080068c0       0x3a ./FATFS/Target/user_diskio.o
                0x080068c0                USER_read
 .text.USER_write
                0x080068fa       0x3a ./FATFS/Target/user_diskio.o
                0x080068fa                USER_write
 .text.USER_ioctl
                0x08006934       0x74 ./FATFS/Target/user_diskio.o
                0x08006934                USER_ioctl
 .text.USBD_MSC_Init
                0x080069a8       0x9a ./Middlewares/ST/STM32_USB_Device_Library/Class/MSC/Src/usbd_msc.o
                0x080069a8                USBD_MSC_Init
 .text.USBD_MSC_DeInit
                0x08006a42       0x58 ./Middlewares/ST/STM32_USB_Device_Library/Class/MSC/Src/usbd_msc.o
                0x08006a42                USBD_MSC_DeInit
 *fill*         0x08006a9a        0x2 
 .text.USBD_MSC_Setup
                0x08006a9c      0x1e4 ./Middlewares/ST/STM32_USB_Device_Library/Class/MSC/Src/usbd_msc.o
                0x08006a9c                USBD_MSC_Setup
 .text.USBD_MSC_DataIn
                0x08006c80       0x20 ./Middlewares/ST/STM32_USB_Device_Library/Class/MSC/Src/usbd_msc.o
                0x08006c80                USBD_MSC_DataIn
 .text.USBD_MSC_DataOut
                0x08006ca0       0x20 ./Middlewares/ST/STM32_USB_Device_Library/Class/MSC/Src/usbd_msc.o
                0x08006ca0                USBD_MSC_DataOut
 .text.USBD_MSC_GetHSCfgDesc
                0x08006cc0       0x20 ./Middlewares/ST/STM32_USB_Device_Library/Class/MSC/Src/usbd_msc.o
                0x08006cc0                USBD_MSC_GetHSCfgDesc
 .text.USBD_MSC_GetFSCfgDesc
                0x08006ce0       0x20 ./Middlewares/ST/STM32_USB_Device_Library/Class/MSC/Src/usbd_msc.o
                0x08006ce0                USBD_MSC_GetFSCfgDesc
 .text.USBD_MSC_GetOtherSpeedCfgDesc
                0x08006d00       0x20 ./Middlewares/ST/STM32_USB_Device_Library/Class/MSC/Src/usbd_msc.o
                0x08006d00                USBD_MSC_GetOtherSpeedCfgDesc
 .text.USBD_MSC_GetDeviceQualifierDescriptor
                0x08006d20       0x20 ./Middlewares/ST/STM32_USB_Device_Library/Class/MSC/Src/usbd_msc.o
                0x08006d20                USBD_MSC_GetDeviceQualifierDescriptor
 .text.USBD_MSC_RegisterStorage
                0x08006d40       0x2a ./Middlewares/ST/STM32_USB_Device_Library/Class/MSC/Src/usbd_msc.o
                0x08006d40                USBD_MSC_RegisterStorage
 .text.MSC_BOT_Init
                0x08006d6a       0x70 ./Middlewares/ST/STM32_USB_Device_Library/Class/MSC/Src/usbd_msc_bot.o
                0x08006d6a                MSC_BOT_Init
 .text.MSC_BOT_Reset
                0x08006dda       0x4c ./Middlewares/ST/STM32_USB_Device_Library/Class/MSC/Src/usbd_msc_bot.o
                0x08006dda                MSC_BOT_Reset
 .text.MSC_BOT_DeInit
                0x08006e26       0x28 ./Middlewares/ST/STM32_USB_Device_Library/Class/MSC/Src/usbd_msc_bot.o
                0x08006e26                MSC_BOT_DeInit
 .text.MSC_BOT_DataIn
                0x08006e4e       0x6c ./Middlewares/ST/STM32_USB_Device_Library/Class/MSC/Src/usbd_msc_bot.o
                0x08006e4e                MSC_BOT_DataIn
 .text.MSC_BOT_DataOut
                0x08006eba       0x60 ./Middlewares/ST/STM32_USB_Device_Library/Class/MSC/Src/usbd_msc_bot.o
                0x08006eba                MSC_BOT_DataOut
 *fill*         0x08006f1a        0x2 
 .text.MSC_BOT_CBW_Decode
                0x08006f1c      0x118 ./Middlewares/ST/STM32_USB_Device_Library/Class/MSC/Src/usbd_msc_bot.o
 .text.MSC_BOT_SendData
                0x08007034       0x5e ./Middlewares/ST/STM32_USB_Device_Library/Class/MSC/Src/usbd_msc_bot.o
 *fill*         0x08007092        0x2 
 .text.MSC_BOT_SendCSW
                0x08007094       0x60 ./Middlewares/ST/STM32_USB_Device_Library/Class/MSC/Src/usbd_msc_bot.o
                0x08007094                MSC_BOT_SendCSW
 .text.MSC_BOT_Abort
                0x080070f4       0x64 ./Middlewares/ST/STM32_USB_Device_Library/Class/MSC/Src/usbd_msc_bot.o
 .text.MSC_BOT_CplClrFeature
                0x08007158       0x5a ./Middlewares/ST/STM32_USB_Device_Library/Class/MSC/Src/usbd_msc_bot.o
                0x08007158                MSC_BOT_CplClrFeature
 *fill*         0x080071b2        0x2 
 .text.SCSI_ProcessCmd
                0x080071b4      0x2fc ./Middlewares/ST/STM32_USB_Device_Library/Class/MSC/Src/usbd_msc_scsi.o
                0x080071b4                SCSI_ProcessCmd
 .text.SCSI_TestUnitReady
                0x080074b0       0xa0 ./Middlewares/ST/STM32_USB_Device_Library/Class/MSC/Src/usbd_msc_scsi.o
 .text.SCSI_Inquiry
                0x08007550       0xe8 ./Middlewares/ST/STM32_USB_Device_Library/Class/MSC/Src/usbd_msc_scsi.o
 .text.SCSI_ReadCapacity10
                0x08007638       0xea ./Middlewares/ST/STM32_USB_Device_Library/Class/MSC/Src/usbd_msc_scsi.o
 .text.SCSI_ReadCapacity16
                0x08007722      0x154 ./Middlewares/ST/STM32_USB_Device_Library/Class/MSC/Src/usbd_msc_scsi.o
 .text.SCSI_ReadFormatCapacity
                0x08007876       0xe4 ./Middlewares/ST/STM32_USB_Device_Library/Class/MSC/Src/usbd_msc_scsi.o
 *fill*         0x0800795a        0x2 
 .text.SCSI_ModeSense6
                0x0800795c       0x58 ./Middlewares/ST/STM32_USB_Device_Library/Class/MSC/Src/usbd_msc_scsi.o
 .text.SCSI_ModeSense10
                0x080079b4       0x58 ./Middlewares/ST/STM32_USB_Device_Library/Class/MSC/Src/usbd_msc_scsi.o
 .text.SCSI_RequestSense
                0x08007a0c       0xfe ./Middlewares/ST/STM32_USB_Device_Library/Class/MSC/Src/usbd_msc_scsi.o
 .text.SCSI_SenseCode
                0x08007b0a       0x8e ./Middlewares/ST/STM32_USB_Device_Library/Class/MSC/Src/usbd_msc_scsi.o
                0x08007b0a                SCSI_SenseCode
 .text.SCSI_StartStopUnit
                0x08007b98       0xa2 ./Middlewares/ST/STM32_USB_Device_Library/Class/MSC/Src/usbd_msc_scsi.o
 .text.SCSI_AllowPreventRemovable
                0x08007c3a       0x52 ./Middlewares/ST/STM32_USB_Device_Library/Class/MSC/Src/usbd_msc_scsi.o
 .text.SCSI_Read10
                0x08007c8c      0x140 ./Middlewares/ST/STM32_USB_Device_Library/Class/MSC/Src/usbd_msc_scsi.o
 .text.SCSI_Read12
                0x08007dcc      0x156 ./Middlewares/ST/STM32_USB_Device_Library/Class/MSC/Src/usbd_msc_scsi.o
 .text.SCSI_Write10
                0x08007f22      0x18a ./Middlewares/ST/STM32_USB_Device_Library/Class/MSC/Src/usbd_msc_scsi.o
 .text.SCSI_Write12
                0x080080ac      0x1aa ./Middlewares/ST/STM32_USB_Device_Library/Class/MSC/Src/usbd_msc_scsi.o
 .text.SCSI_Verify10
                0x08008256       0x72 ./Middlewares/ST/STM32_USB_Device_Library/Class/MSC/Src/usbd_msc_scsi.o
 .text.SCSI_CheckAddressRange
                0x080082c8       0x50 ./Middlewares/ST/STM32_USB_Device_Library/Class/MSC/Src/usbd_msc_scsi.o
 .text.SCSI_ProcessRead
                0x08008318       0xf2 ./Middlewares/ST/STM32_USB_Device_Library/Class/MSC/Src/usbd_msc_scsi.o
 .text.SCSI_ProcessWrite
                0x0800840a      0x112 ./Middlewares/ST/STM32_USB_Device_Library/Class/MSC/Src/usbd_msc_scsi.o
 .text.SCSI_UpdateBotData
                0x0800851c       0x52 ./Middlewares/ST/STM32_USB_Device_Library/Class/MSC/Src/usbd_msc_scsi.o
 .text.USBD_Init
                0x0800856e       0x60 ./Middlewares/ST/STM32_USB_Device_Library/Core/Src/usbd_core.o
                0x0800856e                USBD_Init
 .text.USBD_RegisterClass
                0x080085ce       0x4e ./Middlewares/ST/STM32_USB_Device_Library/Core/Src/usbd_core.o
                0x080085ce                USBD_RegisterClass
 .text.USBD_Start
                0x0800861c       0x18 ./Middlewares/ST/STM32_USB_Device_Library/Core/Src/usbd_core.o
                0x0800861c                USBD_Start
 .text.USBD_RunTestMode
                0x08008634       0x16 ./Middlewares/ST/STM32_USB_Device_Library/Core/Src/usbd_core.o
                0x08008634                USBD_RunTestMode
 .text.USBD_SetClassConfig
                0x0800864a       0x38 ./Middlewares/ST/STM32_USB_Device_Library/Core/Src/usbd_core.o
                0x0800864a                USBD_SetClassConfig
 .text.USBD_ClrClassConfig
                0x08008682       0x30 ./Middlewares/ST/STM32_USB_Device_Library/Core/Src/usbd_core.o
                0x08008682                USBD_ClrClassConfig
 .text.USBD_LL_SetupStage
                0x080086b2       0xaa ./Middlewares/ST/STM32_USB_Device_Library/Core/Src/usbd_core.o
                0x080086b2                USBD_LL_SetupStage
 .text.USBD_LL_DataOutStage
                0x0800875c       0xc6 ./Middlewares/ST/STM32_USB_Device_Library/Core/Src/usbd_core.o
                0x0800875c                USBD_LL_DataOutStage
 .text.USBD_LL_DataInStage
                0x08008822      0x12c ./Middlewares/ST/STM32_USB_Device_Library/Core/Src/usbd_core.o
                0x08008822                USBD_LL_DataInStage
 .text.USBD_LL_Reset
                0x0800894e       0x9c ./Middlewares/ST/STM32_USB_Device_Library/Core/Src/usbd_core.o
                0x0800894e                USBD_LL_Reset
 .text.USBD_LL_SetSpeed
                0x080089ea       0x20 ./Middlewares/ST/STM32_USB_Device_Library/Core/Src/usbd_core.o
                0x080089ea                USBD_LL_SetSpeed
 .text.USBD_LL_Suspend
                0x08008a0a       0x2c ./Middlewares/ST/STM32_USB_Device_Library/Core/Src/usbd_core.o
                0x08008a0a                USBD_LL_Suspend
 .text.USBD_LL_Resume
                0x08008a36       0x30 ./Middlewares/ST/STM32_USB_Device_Library/Core/Src/usbd_core.o
                0x08008a36                USBD_LL_Resume
 .text.USBD_LL_SOF
                0x08008a66       0x44 ./Middlewares/ST/STM32_USB_Device_Library/Core/Src/usbd_core.o
                0x08008a66                USBD_LL_SOF
 .text.SWAPBYTE
                0x08008aaa       0x3e ./Middlewares/ST/STM32_USB_Device_Library/Core/Src/usbd_ctlreq.o
 .text.USBD_StdDevReq
                0x08008ae8       0xdc ./Middlewares/ST/STM32_USB_Device_Library/Core/Src/usbd_ctlreq.o
                0x08008ae8                USBD_StdDevReq
 .text.USBD_StdItfReq
                0x08008bc4       0x92 ./Middlewares/ST/STM32_USB_Device_Library/Core/Src/usbd_ctlreq.o
                0x08008bc4                USBD_StdItfReq
 .text.USBD_StdEPReq
                0x08008c56      0x2c4 ./Middlewares/ST/STM32_USB_Device_Library/Core/Src/usbd_ctlreq.o
                0x08008c56                USBD_StdEPReq
 *fill*         0x08008f1a        0x2 
 .text.USBD_GetDescriptor
                0x08008f1c      0x328 ./Middlewares/ST/STM32_USB_Device_Library/Core/Src/usbd_ctlreq.o
 .text.USBD_SetAddress
                0x08009244       0x88 ./Middlewares/ST/STM32_USB_Device_Library/Core/Src/usbd_ctlreq.o
 .text.USBD_SetConfig
                0x080092cc      0x14c ./Middlewares/ST/STM32_USB_Device_Library/Core/Src/usbd_ctlreq.o
 .text.USBD_GetConfig
                0x08009418       0x6c ./Middlewares/ST/STM32_USB_Device_Library/Core/Src/usbd_ctlreq.o
 .text.USBD_GetStatus
                0x08009484       0x68 ./Middlewares/ST/STM32_USB_Device_Library/Core/Src/usbd_ctlreq.o
 .text.USBD_SetFeature
                0x080094ec       0x28 ./Middlewares/ST/STM32_USB_Device_Library/Core/Src/usbd_ctlreq.o
 .text.USBD_ClrFeature
                0x08009514       0x44 ./Middlewares/ST/STM32_USB_Device_Library/Core/Src/usbd_ctlreq.o
 .text.USBD_ParseSetupRequest
                0x08009558       0x74 ./Middlewares/ST/STM32_USB_Device_Library/Core/Src/usbd_ctlreq.o
                0x08009558                USBD_ParseSetupRequest
 .text.USBD_CtlError
                0x080095cc       0x22 ./Middlewares/ST/STM32_USB_Device_Library/Core/Src/usbd_ctlreq.o
                0x080095cc                USBD_CtlError
 .text.USBD_GetString
                0x080095ee       0x8c ./Middlewares/ST/STM32_USB_Device_Library/Core/Src/usbd_ctlreq.o
                0x080095ee                USBD_GetString
 .text.USBD_GetLen
                0x0800967a       0x34 ./Middlewares/ST/STM32_USB_Device_Library/Core/Src/usbd_ctlreq.o
 .text.USBD_CtlSendData
                0x080096ae       0x36 ./Middlewares/ST/STM32_USB_Device_Library/Core/Src/usbd_ioreq.o
                0x080096ae                USBD_CtlSendData
 .text.USBD_CtlContinueSendData
                0x080096e4       0x22 ./Middlewares/ST/STM32_USB_Device_Library/Core/Src/usbd_ioreq.o
                0x080096e4                USBD_CtlContinueSendData
 .text.USBD_CtlContinueRx
                0x08009706       0x22 ./Middlewares/ST/STM32_USB_Device_Library/Core/Src/usbd_ioreq.o
                0x08009706                USBD_CtlContinueRx
 .text.USBD_CtlSendStatus
                0x08009728       0x26 ./Middlewares/ST/STM32_USB_Device_Library/Core/Src/usbd_ioreq.o
                0x08009728                USBD_CtlSendStatus
 .text.USBD_CtlReceiveStatus
                0x0800974e       0x26 ./Middlewares/ST/STM32_USB_Device_Library/Core/Src/usbd_ioreq.o
                0x0800974e                USBD_CtlReceiveStatus
 .text.FATFS_LinkDriverEx
                0x08009774       0x98 ./Middlewares/Third_Party/FatFs/src/ff_gen_drv.o
                0x08009774                FATFS_LinkDriverEx
 .text.FATFS_LinkDriver
                0x0800980c       0x1e ./Middlewares/Third_Party/FatFs/src/ff_gen_drv.o
                0x0800980c                FATFS_LinkDriver
 .text.makeFreeRtosPriority
                0x0800982a       0x30 ./Middlewares/Third_Party/FreeRTOS/Source/CMSIS_RTOS/cmsis_os.o
 .text.osKernelStart
                0x0800985a        0xe ./Middlewares/Third_Party/FreeRTOS/Source/CMSIS_RTOS/cmsis_os.o
                0x0800985a                osKernelStart
 .text.osThreadCreate
                0x08009868       0x4e ./Middlewares/Third_Party/FreeRTOS/Source/CMSIS_RTOS/cmsis_os.o
                0x08009868                osThreadCreate
 .text.osDelay  0x080098b6       0x28 ./Middlewares/Third_Party/FreeRTOS/Source/CMSIS_RTOS/cmsis_os.o
                0x080098b6                osDelay
 .text.vListInitialise
                0x080098de       0x40 ./Middlewares/Third_Party/FreeRTOS/Source/list.o
                0x080098de                vListInitialise
 .text.vListInitialiseItem
                0x0800991e       0x1a ./Middlewares/Third_Party/FreeRTOS/Source/list.o
                0x0800991e                vListInitialiseItem
 .text.vListInsertEnd
                0x08009938       0x48 ./Middlewares/Third_Party/FreeRTOS/Source/list.o
                0x08009938                vListInsertEnd
 .text.vListInsert
                0x08009980       0x72 ./Middlewares/Third_Party/FreeRTOS/Source/list.o
                0x08009980                vListInsert
 .text.uxListRemove
                0x080099f2       0x54 ./Middlewares/Third_Party/FreeRTOS/Source/list.o
                0x080099f2                uxListRemove
 *fill*         0x08009a46        0x2 
 .text.xQueueGenericReset
                0x08009a48       0xd4 ./Middlewares/Third_Party/FreeRTOS/Source/queue.o
                0x08009a48                xQueueGenericReset
 .text.xQueueGenericCreate
                0x08009b1c       0x6e ./Middlewares/Third_Party/FreeRTOS/Source/queue.o
                0x08009b1c                xQueueGenericCreate
 .text.prvInitialiseNewQueue
                0x08009b8a       0x3e ./Middlewares/Third_Party/FreeRTOS/Source/queue.o
 .text.xQueueGenericSend
                0x08009bc8      0x204 ./Middlewares/Third_Party/FreeRTOS/Source/queue.o
                0x08009bc8                xQueueGenericSend
 .text.xQueueGenericSendFromISR
                0x08009dcc      0x13c ./Middlewares/Third_Party/FreeRTOS/Source/queue.o
                0x08009dcc                xQueueGenericSendFromISR
 .text.xQueueReceive
                0x08009f08      0x1c4 ./Middlewares/Third_Party/FreeRTOS/Source/queue.o
                0x08009f08                xQueueReceive
 .text.prvCopyDataToQueue
                0x0800a0cc       0xd4 ./Middlewares/Third_Party/FreeRTOS/Source/queue.o
 .text.prvCopyDataFromQueue
                0x0800a1a0       0x4c ./Middlewares/Third_Party/FreeRTOS/Source/queue.o
 .text.prvUnlockQueue
                0x0800a1ec       0xa4 ./Middlewares/Third_Party/FreeRTOS/Source/queue.o
 .text.prvIsQueueEmpty
                0x0800a290       0x2c ./Middlewares/Third_Party/FreeRTOS/Source/queue.o
 .text.prvIsQueueFull
                0x0800a2bc       0x30 ./Middlewares/Third_Party/FreeRTOS/Source/queue.o
 .text.vQueueAddToRegistry
                0x0800a2ec       0x54 ./Middlewares/Third_Party/FreeRTOS/Source/queue.o
                0x0800a2ec                vQueueAddToRegistry
 .text.vQueueWaitForMessageRestricted
                0x0800a340       0x68 ./Middlewares/Third_Party/FreeRTOS/Source/queue.o
                0x0800a340                vQueueWaitForMessageRestricted
 .text.xTaskCreate
                0x0800a3a8       0x82 ./Middlewares/Third_Party/FreeRTOS/Source/tasks.o
                0x0800a3a8                xTaskCreate
 *fill*         0x0800a42a        0x2 
 .text.prvInitialiseNewTask
                0x0800a42c      0x140 ./Middlewares/Third_Party/FreeRTOS/Source/tasks.o
 .text.prvAddNewTaskToReadyList
                0x0800a56c       0xd4 ./Middlewares/Third_Party/FreeRTOS/Source/tasks.o
 .text.vTaskDelay
                0x0800a640       0x6c ./Middlewares/Third_Party/FreeRTOS/Source/tasks.o
                0x0800a640                vTaskDelay
 .text.vTaskStartScheduler
                0x0800a6ac       0xb0 ./Middlewares/Third_Party/FreeRTOS/Source/tasks.o
                0x0800a6ac                vTaskStartScheduler
 .text.vTaskSuspendAll
                0x0800a75c       0x1c ./Middlewares/Third_Party/FreeRTOS/Source/tasks.o
                0x0800a75c                vTaskSuspendAll
 .text.xTaskResumeAll
                0x0800a778      0x13c ./Middlewares/Third_Party/FreeRTOS/Source/tasks.o
                0x0800a778                xTaskResumeAll
 .text.xTaskGetTickCount
                0x0800a8b4       0x20 ./Middlewares/Third_Party/FreeRTOS/Source/tasks.o
                0x0800a8b4                xTaskGetTickCount
 .text.xTaskIncrementTick
                0x0800a8d4      0x174 ./Middlewares/Third_Party/FreeRTOS/Source/tasks.o
                0x0800a8d4                xTaskIncrementTick
 .text.vTaskSwitchContext
                0x0800aa48       0xc8 ./Middlewares/Third_Party/FreeRTOS/Source/tasks.o
                0x0800aa48                vTaskSwitchContext
 .text.vTaskPlaceOnEventList
                0x0800ab10       0x4c ./Middlewares/Third_Party/FreeRTOS/Source/tasks.o
                0x0800ab10                vTaskPlaceOnEventList
 .text.vTaskPlaceOnEventListRestricted
                0x0800ab5c       0x58 ./Middlewares/Third_Party/FreeRTOS/Source/tasks.o
                0x0800ab5c                vTaskPlaceOnEventListRestricted
 .text.xTaskRemoveFromEventList
                0x0800abb4       0xc8 ./Middlewares/Third_Party/FreeRTOS/Source/tasks.o
                0x0800abb4                xTaskRemoveFromEventList
 .text.vTaskInternalSetTimeOutState
                0x0800ac7c       0x2c ./Middlewares/Third_Party/FreeRTOS/Source/tasks.o
                0x0800ac7c                vTaskInternalSetTimeOutState
 .text.xTaskCheckForTimeOut
                0x0800aca8       0xc8 ./Middlewares/Third_Party/FreeRTOS/Source/tasks.o
                0x0800aca8                xTaskCheckForTimeOut
 .text.vTaskMissedYield
                0x0800ad70       0x18 ./Middlewares/Third_Party/FreeRTOS/Source/tasks.o
                0x0800ad70                vTaskMissedYield
 .text.prvIdleTask
                0x0800ad88       0x30 ./Middlewares/Third_Party/FreeRTOS/Source/tasks.o
 .text.prvInitialiseTaskLists
                0x0800adb8       0x80 ./Middlewares/Third_Party/FreeRTOS/Source/tasks.o
 .text.prvCheckTasksWaitingTermination
                0x0800ae38       0x5c ./Middlewares/Third_Party/FreeRTOS/Source/tasks.o
 .text.prvDeleteTCB
                0x0800ae94       0x2a ./Middlewares/Third_Party/FreeRTOS/Source/tasks.o
 *fill*         0x0800aebe        0x2 
 .text.prvResetNextTaskUnblockTime
                0x0800aec0       0x40 ./Middlewares/Third_Party/FreeRTOS/Source/tasks.o
 .text.xTaskGetSchedulerState
                0x0800af00       0x3c ./Middlewares/Third_Party/FreeRTOS/Source/tasks.o
                0x0800af00                xTaskGetSchedulerState
 .text.xTaskPriorityDisinherit
                0x0800af3c      0x110 ./Middlewares/Third_Party/FreeRTOS/Source/tasks.o
                0x0800af3c                xTaskPriorityDisinherit
 .text.prvAddCurrentTaskToDelayedList
                0x0800b04c       0xcc ./Middlewares/Third_Party/FreeRTOS/Source/tasks.o
 .text.xTimerCreateTimerTask
                0x0800b118       0x68 ./Middlewares/Third_Party/FreeRTOS/Source/timers.o
                0x0800b118                xTimerCreateTimerTask
 .text.xTimerGenericCommand
                0x0800b180       0x9c ./Middlewares/Third_Party/FreeRTOS/Source/timers.o
                0x0800b180                xTimerGenericCommand
 .text.prvProcessExpiredTimer
                0x0800b21c       0x9c ./Middlewares/Third_Party/FreeRTOS/Source/timers.o
 .text.prvTimerTask
                0x0800b2b8       0x26 ./Middlewares/Third_Party/FreeRTOS/Source/timers.o
 *fill*         0x0800b2de        0x2 
 .text.prvProcessTimerOrBlockTask
                0x0800b2e0       0x9c ./Middlewares/Third_Party/FreeRTOS/Source/timers.o
 .text.prvGetNextExpireTime
                0x0800b37c       0x48 ./Middlewares/Third_Party/FreeRTOS/Source/timers.o
 .text.prvSampleTimeNow
                0x0800b3c4       0x40 ./Middlewares/Third_Party/FreeRTOS/Source/timers.o
 .text.prvInsertTimerInActiveList
                0x0800b404       0x84 ./Middlewares/Third_Party/FreeRTOS/Source/timers.o
 .text.prvProcessReceivedCommands
                0x0800b488      0x194 ./Middlewares/Third_Party/FreeRTOS/Source/timers.o
 .text.prvSwitchTimerLists
                0x0800b61c       0xcc ./Middlewares/Third_Party/FreeRTOS/Source/timers.o
 .text.prvCheckForValidListAndQueue
                0x0800b6e8       0x6c ./Middlewares/Third_Party/FreeRTOS/Source/timers.o
 .text.pxPortInitialiseStack
                0x0800b754       0x68 ./Middlewares/Third_Party/FreeRTOS/Source/portable/GCC/ARM_CM4F/port.o
                0x0800b754                pxPortInitialiseStack
 .text.prvTaskExitError
                0x0800b7bc       0x5c ./Middlewares/Third_Party/FreeRTOS/Source/portable/GCC/ARM_CM4F/port.o
 *fill*         0x0800b818        0x8 
 .text.SVC_Handler
                0x0800b820       0x28 ./Middlewares/Third_Party/FreeRTOS/Source/portable/GCC/ARM_CM4F/port.o
                0x0800b820                SVC_Handler
 .text.prvPortStartFirstTask
                0x0800b848       0x28 ./Middlewares/Third_Party/FreeRTOS/Source/portable/GCC/ARM_CM4F/port.o
 .text.xPortStartScheduler
                0x0800b870      0x148 ./Middlewares/Third_Party/FreeRTOS/Source/portable/GCC/ARM_CM4F/port.o
                0x0800b870                xPortStartScheduler
 .text.vPortEnterCritical
                0x0800b9b8       0x64 ./Middlewares/Third_Party/FreeRTOS/Source/portable/GCC/ARM_CM4F/port.o
                0x0800b9b8                vPortEnterCritical
 .text.vPortExitCritical
                0x0800ba1c       0x54 ./Middlewares/Third_Party/FreeRTOS/Source/portable/GCC/ARM_CM4F/port.o
                0x0800ba1c                vPortExitCritical
 .text.PendSV_Handler
                0x0800ba70       0x68 ./Middlewares/Third_Party/FreeRTOS/Source/portable/GCC/ARM_CM4F/port.o
                0x0800ba70                PendSV_Handler
 .text.SysTick_Handler
                0x0800bad8       0x44 ./Middlewares/Third_Party/FreeRTOS/Source/portable/GCC/ARM_CM4F/port.o
                0x0800bad8                SysTick_Handler
 .text.vPortSetupTimerInterrupt
                0x0800bb1c       0x48 ./Middlewares/Third_Party/FreeRTOS/Source/portable/GCC/ARM_CM4F/port.o
                0x0800bb1c                vPortSetupTimerInterrupt
 .text.vPortEnableVFP
                0x0800bb64       0x14 ./Middlewares/Third_Party/FreeRTOS/Source/portable/GCC/ARM_CM4F/port.o
 .text.vPortValidateInterruptPriority
                0x0800bb78       0x84 ./Middlewares/Third_Party/FreeRTOS/Source/portable/GCC/ARM_CM4F/port.o
                0x0800bb78                vPortValidateInterruptPriority
 .text.pvPortMalloc
                0x0800bbfc      0x19c ./Middlewares/Third_Party/FreeRTOS/Source/portable/MemMang/heap_4.o
                0x0800bbfc                pvPortMalloc
 .text.vPortFree
                0x0800bd98       0xc8 ./Middlewares/Third_Party/FreeRTOS/Source/portable/MemMang/heap_4.o
                0x0800bd98                vPortFree
 .text.prvHeapInit
                0x0800be60       0xc4 ./Middlewares/Third_Party/FreeRTOS/Source/portable/MemMang/heap_4.o
 .text.prvInsertBlockIntoFreeList
                0x0800bf24       0xb4 ./Middlewares/Third_Party/FreeRTOS/Source/portable/MemMang/heap_4.o
 .text.LL_USART_IsActiveFlag_PE
                0x0800bfd8       0x26 ./SoarOS/Drivers/UARTDriver.o
 .text.LL_USART_IsActiveFlag_FE
                0x0800bffe       0x26 ./SoarOS/Drivers/UARTDriver.o
 .text.LL_USART_IsActiveFlag_NE
                0x0800c024       0x26 ./SoarOS/Drivers/UARTDriver.o
 .text.LL_USART_IsActiveFlag_ORE
                0x0800c04a       0x26 ./SoarOS/Drivers/UARTDriver.o
 .text.LL_USART_IsActiveFlag_RXNE_RXFNE
                0x0800c070       0x26 ./SoarOS/Drivers/UARTDriver.o
 .text.LL_USART_ReceiveData8
                0x0800c096       0x1a ./SoarOS/Drivers/UARTDriver.o
 .text._ZN10UARTDriver11GetRxErrorsEv
                0x0800c0b0       0x94 ./SoarOS/Drivers/UARTDriver.o
                0x0800c0b0                UARTDriver::GetRxErrors()
 .text._ZN10UARTDriver14HandleIRQ_UARTEv
                0x0800c144       0x66 ./SoarOS/Drivers/UARTDriver.o
                0x0800c144                UARTDriver::HandleIRQ_UART()
 *fill*         0x0800c1aa        0x2 
 .text.MX_USB_Device_Init
                0x0800c1ac       0x60 ./USB_Device/App/usb_device.o
                0x0800c1ac                MX_USB_Device_Init
 .text.USBD_MSC_DeviceDescriptor
                0x0800c20c       0x24 ./USB_Device/App/usbd_desc.o
                0x0800c20c                USBD_MSC_DeviceDescriptor
 .text.USBD_MSC_LangIDStrDescriptor
                0x0800c230       0x24 ./USB_Device/App/usbd_desc.o
                0x0800c230                USBD_MSC_LangIDStrDescriptor
 .text.USBD_MSC_ProductStrDescriptor
                0x0800c254       0x3c ./USB_Device/App/usbd_desc.o
                0x0800c254                USBD_MSC_ProductStrDescriptor
 .text.USBD_MSC_ManufacturerStrDescriptor
                0x0800c290       0x28 ./USB_Device/App/usbd_desc.o
                0x0800c290                USBD_MSC_ManufacturerStrDescriptor
 .text.USBD_MSC_SerialStrDescriptor
                0x0800c2b8       0x24 ./USB_Device/App/usbd_desc.o
                0x0800c2b8                USBD_MSC_SerialStrDescriptor
 .text.USBD_MSC_ConfigStrDescriptor
                0x0800c2dc       0x3c ./USB_Device/App/usbd_desc.o
                0x0800c2dc                USBD_MSC_ConfigStrDescriptor
 .text.USBD_MSC_InterfaceStrDescriptor
                0x0800c318       0x3c ./USB_Device/App/usbd_desc.o
                0x0800c318                USBD_MSC_InterfaceStrDescriptor
 .text.Get_SerialNum
                0x0800c354       0x58 ./USB_Device/App/usbd_desc.o
 .text.IntToUnicode
                0x0800c3ac       0x7e ./USB_Device/App/usbd_desc.o
 .text.STORAGE_Init_FS
                0x0800c42a       0x18 ./USB_Device/App/usbd_storage_if.o
 .text.STORAGE_GetCapacity_FS
                0x0800c442       0x2c ./USB_Device/App/usbd_storage_if.o
 .text.STORAGE_IsReady_FS
                0x0800c46e       0x18 ./USB_Device/App/usbd_storage_if.o
 .text.STORAGE_IsWriteProtected_FS
                0x0800c486       0x18 ./USB_Device/App/usbd_storage_if.o
 .text.STORAGE_Read_FS
                0x0800c49e       0x22 ./USB_Device/App/usbd_storage_if.o
 .text.STORAGE_Write_FS
                0x0800c4c0       0x22 ./USB_Device/App/usbd_storage_if.o
 .text.STORAGE_GetMaxLun_FS
                0x0800c4e2       0x10 ./USB_Device/App/usbd_storage_if.o
 .text.STORAGE_GetCapacityBlockCount
                0x0800c4f2       0x24 ./USB_Device/App/usbd_storage_if.o
                0x0800c4f2                STORAGE_GetCapacityBlockCount
 .text.STORAGE_GetCapacityBlockSize
                0x0800c516       0x24 ./USB_Device/App/usbd_storage_if.o
                0x0800c516                STORAGE_GetCapacityBlockSize
 *fill*         0x0800c53a        0x2 
 .text.HAL_PCD_MspInit
                0x0800c53c       0x78 ./USB_Device/Target/usbd_conf.o
                0x0800c53c                HAL_PCD_MspInit
 .text.HAL_PCD_SetupStageCallback
                0x0800c5b4       0x24 ./USB_Device/Target/usbd_conf.o
                0x0800c5b4                HAL_PCD_SetupStageCallback
 .text.HAL_PCD_DataOutStageCallback
                0x0800c5d8       0x36 ./USB_Device/Target/usbd_conf.o
                0x0800c5d8                HAL_PCD_DataOutStageCallback
 .text.HAL_PCD_DataInStageCallback
                0x0800c60e       0x34 ./USB_Device/Target/usbd_conf.o
                0x0800c60e                HAL_PCD_DataInStageCallback
 .text.HAL_PCD_SOFCallback
                0x0800c642       0x1c ./USB_Device/Target/usbd_conf.o
                0x0800c642                HAL_PCD_SOFCallback
 .text.HAL_PCD_ResetCallback
                0x0800c65e       0x3c ./USB_Device/Target/usbd_conf.o
                0x0800c65e                HAL_PCD_ResetCallback
 *fill*         0x0800c69a        0x2 
 .text.HAL_PCD_SuspendCallback
                0x0800c69c       0x34 ./USB_Device/Target/usbd_conf.o
                0x0800c69c                HAL_PCD_SuspendCallback
 .text.HAL_PCD_ResumeCallback
                0x0800c6d0       0x38 ./USB_Device/Target/usbd_conf.o
                0x0800c6d0                HAL_PCD_ResumeCallback
 .text.USBD_LL_Init
                0x0800c708       0xac ./USB_Device/Target/usbd_conf.o
                0x0800c708                USBD_LL_Init
 .text.USBD_LL_Start
                0x0800c7b4       0x36 ./USB_Device/Target/usbd_conf.o
                0x0800c7b4                USBD_LL_Start
 .text.USBD_LL_OpenEP
                0x0800c7ea       0x4c ./USB_Device/Target/usbd_conf.o
                0x0800c7ea                USBD_LL_OpenEP
 .text.USBD_LL_CloseEP
                0x0800c836       0x3e ./USB_Device/Target/usbd_conf.o
                0x0800c836                USBD_LL_CloseEP
 .text.USBD_LL_FlushEP
                0x0800c874       0x3e ./USB_Device/Target/usbd_conf.o
                0x0800c874                USBD_LL_FlushEP
 .text.USBD_LL_StallEP
                0x0800c8b2       0x3e ./USB_Device/Target/usbd_conf.o
                0x0800c8b2                USBD_LL_StallEP
 .text.USBD_LL_ClearStallEP
                0x0800c8f0       0x3e ./USB_Device/Target/usbd_conf.o
                0x0800c8f0                USBD_LL_ClearStallEP
 .text.USBD_LL_IsStallEP
                0x0800c92e       0x58 ./USB_Device/Target/usbd_conf.o
                0x0800c92e                USBD_LL_IsStallEP
 .text.USBD_LL_SetUSBAddress
                0x0800c986       0x3e ./USB_Device/Target/usbd_conf.o
                0x0800c986                USBD_LL_SetUSBAddress
 .text.USBD_LL_Transmit
                0x0800c9c4       0x42 ./USB_Device/Target/usbd_conf.o
                0x0800c9c4                USBD_LL_Transmit
 .text.USBD_LL_PrepareReceive
                0x0800ca06       0x42 ./USB_Device/Target/usbd_conf.o
                0x0800ca06                USBD_LL_PrepareReceive
 .text.USBD_LL_GetRxDataSize
                0x0800ca48       0x26 ./USB_Device/Target/usbd_conf.o
                0x0800ca48                USBD_LL_GetRxDataSize
 *fill*         0x0800ca6e        0x2 
 .text.HAL_PCDEx_LPM_Callback
                0x0800ca70       0x6c ./USB_Device/Target/usbd_conf.o
                0x0800ca70                HAL_PCDEx_LPM_Callback
 .text.USBD_static_malloc
                0x0800cadc       0x1c ./USB_Device/Target/usbd_conf.o
                0x0800cadc                USBD_static_malloc
 .text.USBD_static_free
                0x0800caf8       0x14 ./USB_Device/Target/usbd_conf.o
                0x0800caf8                USBD_static_free
 .text.SystemClockConfig_Resume
                0x0800cb0c        0xc ./USB_Device/Target/usbd_conf.o
 .text.USBD_Get_USB_Status
                0x0800cb18       0x58 ./USB_Device/Target/usbd_conf.o
 .text.memset   0x0800cb70       0x10 C:/ST/STM32CubeIDE_1.19.0/STM32CubeIDE/plugins/com.st.stm32cube.ide.mcu.externaltools.gnu-tools-for-stm32.13.3.rel1.win32_1.0.0.202411081344/tools/bin/../lib/gcc/arm-none-eabi/13.3.1/../../../../arm-none-eabi/lib/thumb/v7e-m+fp/hard\libc_nano.a(libc_a-memset.o)
                0x0800cb70                memset
 .text._reclaim_reent
                0x0800cb80       0xbc C:/ST/STM32CubeIDE_1.19.0/STM32CubeIDE/plugins/com.st.stm32cube.ide.mcu.externaltools.gnu-tools-for-stm32.13.3.rel1.win32_1.0.0.202411081344/tools/bin/../lib/gcc/arm-none-eabi/13.3.1/../../../../arm-none-eabi/lib/thumb/v7e-m+fp/hard\libc_nano.a(libc_a-reent.o)
                0x0800cb80                _reclaim_reent
 .text.__libc_init_array
                0x0800cc3c       0x48 C:/ST/STM32CubeIDE_1.19.0/STM32CubeIDE/plugins/com.st.stm32cube.ide.mcu.externaltools.gnu-tools-for-stm32.13.3.rel1.win32_1.0.0.202411081344/tools/bin/../lib/gcc/arm-none-eabi/13.3.1/../../../../arm-none-eabi/lib/thumb/v7e-m+fp/hard\libc_nano.a(libc_a-init.o)
                0x0800cc3c                __libc_init_array
 .text.__retarget_lock_acquire_recursive
                0x0800cc84        0x2 C:/ST/STM32CubeIDE_1.19.0/STM32CubeIDE/plugins/com.st.stm32cube.ide.mcu.externaltools.gnu-tools-for-stm32.13.3.rel1.win32_1.0.0.202411081344/tools/bin/../lib/gcc/arm-none-eabi/13.3.1/../../../../arm-none-eabi/lib/thumb/v7e-m+fp/hard\libc_nano.a(libc_a-lock.o)
                0x0800cc84                __retarget_lock_acquire_recursive
 .text.__retarget_lock_release_recursive
                0x0800cc86        0x2 C:/ST/STM32CubeIDE_1.19.0/STM32CubeIDE/plugins/com.st.stm32cube.ide.mcu.externaltools.gnu-tools-for-stm32.13.3.rel1.win32_1.0.0.202411081344/tools/bin/../lib/gcc/arm-none-eabi/13.3.1/../../../../arm-none-eabi/lib/thumb/v7e-m+fp/hard\libc_nano.a(libc_a-lock.o)
                0x0800cc86                __retarget_lock_release_recursive
 .text.memcpy   0x0800cc88       0x1c C:/ST/STM32CubeIDE_1.19.0/STM32CubeIDE/plugins/com.st.stm32cube.ide.mcu.externaltools.gnu-tools-for-stm32.13.3.rel1.win32_1.0.0.202411081344/tools/bin/../lib/gcc/arm-none-eabi/13.3.1/../../../../arm-none-eabi/lib/thumb/v7e-m+fp/hard\libc_nano.a(libc_a-memcpy-stub.o)
                0x0800cc88                memcpy
 .text._free_r  0x0800cca4       0x94 C:/ST/STM32CubeIDE_1.19.0/STM32CubeIDE/plugins/com.st.stm32cube.ide.mcu.externaltools.gnu-tools-for-stm32.13.3.rel1.win32_1.0.0.202411081344/tools/bin/../lib/gcc/arm-none-eabi/13.3.1/../../../../arm-none-eabi/lib/thumb/v7e-m+fp/hard\libc_nano.a(libc_a-freer.o)
                0x0800cca4                _free_r
 .text.__malloc_lock
                0x0800cd38        0xc C:/ST/STM32CubeIDE_1.19.0/STM32CubeIDE/plugins/com.st.stm32cube.ide.mcu.externaltools.gnu-tools-for-stm32.13.3.rel1.win32_1.0.0.202411081344/tools/bin/../lib/gcc/arm-none-eabi/13.3.1/../../../../arm-none-eabi/lib/thumb/v7e-m+fp/hard\libc_nano.a(libc_a-mlock.o)
                0x0800cd38                __malloc_lock
 .text.__malloc_unlock
                0x0800cd44        0xc C:/ST/STM32CubeIDE_1.19.0/STM32CubeIDE/plugins/com.st.stm32cube.ide.mcu.externaltools.gnu-tools-for-stm32.13.3.rel1.win32_1.0.0.202411081344/tools/bin/../lib/gcc/arm-none-eabi/13.3.1/../../../../arm-none-eabi/lib/thumb/v7e-m+fp/hard\libc_nano.a(libc_a-mlock.o)
                0x0800cd44                __malloc_unlock
 *(.glue_7)
 .glue_7        0x0800cd50        0x0 linker stubs
 *(.glue_7t)
 .glue_7t       0x0800cd50        0x0 linker stubs
 *(.eh_frame)
 .eh_frame      0x0800cd50        0x0 C:/ST/STM32CubeIDE_1.19.0/STM32CubeIDE/plugins/com.st.stm32cube.ide.mcu.externaltools.gnu-tools-for-stm32.13.3.rel1.win32_1.0.0.202411081344/tools/bin/../lib/gcc/arm-none-eabi/13.3.1/thumb/v7e-m+fp/hard/crtbegin.o
 *(.init)
 .init          0x0800cd50        0x4 C:/ST/STM32CubeIDE_1.19.0/STM32CubeIDE/plugins/com.st.stm32cube.ide.mcu.externaltools.gnu-tools-for-stm32.13.3.rel1.win32_1.0.0.202411081344/tools/bin/../lib/gcc/arm-none-eabi/13.3.1/thumb/v7e-m+fp/hard/crti.o
                0x0800cd50                _init
 .init          0x0800cd54        0x8 C:/ST/STM32CubeIDE_1.19.0/STM32CubeIDE/plugins/com.st.stm32cube.ide.mcu.externaltools.gnu-tools-for-stm32.13.3.rel1.win32_1.0.0.202411081344/tools/bin/../lib/gcc/arm-none-eabi/13.3.1/thumb/v7e-m+fp/hard/crtn.o
 *(.fini)
 .fini          0x0800cd5c        0x4 C:/ST/STM32CubeIDE_1.19.0/STM32CubeIDE/plugins/com.st.stm32cube.ide.mcu.externaltools.gnu-tools-for-stm32.13.3.rel1.win32_1.0.0.202411081344/tools/bin/../lib/gcc/arm-none-eabi/13.3.1/thumb/v7e-m+fp/hard/crti.o
                0x0800cd5c                _fini
 .fini          0x0800cd60        0x8 C:/ST/STM32CubeIDE_1.19.0/STM32CubeIDE/plugins/com.st.stm32cube.ide.mcu.externaltools.gnu-tools-for-stm32.13.3.rel1.win32_1.0.0.202411081344/tools/bin/../lib/gcc/arm-none-eabi/13.3.1/thumb/v7e-m+fp/hard/crtn.o
                0x0800cd68                        . = ALIGN (0x4)
                0x0800cd68                        _etext = .

.vfp11_veneer   0x0800cd68        0x0
 .vfp11_veneer  0x0800cd68        0x0 linker stubs

.v4_bx          0x0800cd68        0x0
 .v4_bx         0x0800cd68        0x0 linker stubs

.iplt           0x0800cd68        0x0
 .iplt          0x0800cd68        0x0 C:/ST/STM32CubeIDE_1.19.0/STM32CubeIDE/plugins/com.st.stm32cube.ide.mcu.externaltools.gnu-tools-for-stm32.13.3.rel1.win32_1.0.0.202411081344/tools/bin/../lib/gcc/arm-none-eabi/13.3.1/thumb/v7e-m+fp/hard/crtbegin.o

.rodata         0x0800cd68       0xe8
                0x0800cd68                        . = ALIGN (0x4)
 *(.rodata)
 .rodata        0x0800cd68       0x20 ./Core/Src/main.o
 .rodata        0x0800cd88        0x5 ./Middlewares/Third_Party/FreeRTOS/Source/tasks.o
 *fill*         0x0800cd8d        0x3 
 .rodata        0x0800cd90        0xd ./Middlewares/Third_Party/FreeRTOS/Source/timers.o
 *fill*         0x0800cd9d        0x3 
 .rodata        0x0800cda0       0x42 ./USB_Device/App/usbd_desc.o
 *(.rodata*)
 *fill*         0x0800cde2        0x2 
 .rodata.AHBPrescTable
                0x0800cde4       0x10 ./Core/Src/system_stm32g4xx.o
                0x0800cde4                AHBPrescTable
 .rodata.APBPrescTable
                0x0800cdf4        0x8 ./Core/Src/system_stm32g4xx.o
                0x0800cdf4                APBPrescTable
 .rodata.USART_PRESCALER_TAB
                0x0800cdfc       0x30 ./Drivers/STM32G4xx_HAL_Driver/Src/stm32g4xx_ll_usart.o
 .rodata.STORAGE_Inquirydata_FS
                0x0800ce2c       0x24 ./USB_Device/App/usbd_storage_if.o
                0x0800ce2c                STORAGE_Inquirydata_FS
                0x0800ce50                        . = ALIGN (0x4)

.ARM.extab      0x0800ce50        0x0
                0x0800ce50                        . = ALIGN (0x4)
 *(.ARM.extab* .gnu.linkonce.armextab.*)
                0x0800ce50                        . = ALIGN (0x4)

.ARM            0x0800ce50        0x0
                0x0800ce50                        . = ALIGN (0x4)
                0x0800ce50                        __exidx_start = .
 *(.ARM.exidx*)
                0x0800ce50                        __exidx_end = .
                0x0800ce50                        . = ALIGN (0x4)

.preinit_array  0x0800ce50        0x0
                0x0800ce50                        . = ALIGN (0x4)
                0x0800ce50                        PROVIDE (__preinit_array_start = .)
 *(.preinit_array*)
                0x0800ce50                        PROVIDE (__preinit_array_end = .)
                0x0800ce50                        . = ALIGN (0x4)

.init_array     0x0800ce50        0x8
                0x0800ce50                        . = ALIGN (0x4)
                0x0800ce50                        PROVIDE (__init_array_start = .)
 *(SORT_BY_NAME(.init_array.*))
 *(.init_array*)
 .init_array    0x0800ce50        0x4 C:/ST/STM32CubeIDE_1.19.0/STM32CubeIDE/plugins/com.st.stm32cube.ide.mcu.externaltools.gnu-tools-for-stm32.13.3.rel1.win32_1.0.0.202411081344/tools/bin/../lib/gcc/arm-none-eabi/13.3.1/thumb/v7e-m+fp/hard/crtbegin.o
 .init_array    0x0800ce54        0x4 ./Components/main_avionics.o
                0x0800ce58                        PROVIDE (__init_array_end = .)
                0x0800ce58                        . = ALIGN (0x4)

.fini_array     0x0800ce58        0x4
                0x0800ce58                        . = ALIGN (0x4)
                [!provide]                        PROVIDE (__fini_array_start = .)
 *(SORT_BY_NAME(.fini_array.*))
 *(.fini_array*)
 .fini_array    0x0800ce58        0x4 C:/ST/STM32CubeIDE_1.19.0/STM32CubeIDE/plugins/com.st.stm32cube.ide.mcu.externaltools.gnu-tools-for-stm32.13.3.rel1.win32_1.0.0.202411081344/tools/bin/../lib/gcc/arm-none-eabi/13.3.1/thumb/v7e-m+fp/hard/crtbegin.o
                [!provide]                        PROVIDE (__fini_array_end = .)
                0x0800ce5c                        . = ALIGN (0x4)
                0x0800ce5c                        _sidata = LOADADDR (.data)

.rel.dyn        0x0800ce5c        0x0
 .rel.iplt      0x0800ce5c        0x0 C:/ST/STM32CubeIDE_1.19.0/STM32CubeIDE/plugins/com.st.stm32cube.ide.mcu.externaltools.gnu-tools-for-stm32.13.3.rel1.win32_1.0.0.202411081344/tools/bin/../lib/gcc/arm-none-eabi/13.3.1/thumb/v7e-m+fp/hard/crtbegin.o

.data           0x20000000      0x1d4 load address 0x0800ce5c
                0x20000000                        . = ALIGN (0x4)
                0x20000000                        _sdata = .
 *(.data)
 *(.data*)
 .data.SystemCoreClock
                0x20000000        0x4 ./Core/Src/system_stm32g4xx.o
                0x20000000                SystemCoreClock
 .data.uwTickPrio
                0x20000004        0x4 ./Drivers/STM32G4xx_HAL_Driver/Src/stm32g4xx_hal.o
                0x20000004                uwTickPrio
 .data.uwTickFreq
                0x20000008        0x4 ./Drivers/STM32G4xx_HAL_Driver/Src/stm32g4xx_hal.o
                0x20000008                uwTickFreq
 .data.Stat     0x2000000c        0x1 ./FATFS/Target/user_diskio.o
 *fill*         0x2000000d        0x3 
 .data.USER_Driver
                0x20000010       0x14 ./FATFS/Target/user_diskio.o
                0x20000010                USER_Driver
 .data.USBD_MSC
                0x20000024       0x38 ./Middlewares/ST/STM32_USB_Device_Library/Class/MSC/Src/usbd_msc.o
                0x20000024                USBD_MSC
 .data.USBD_MSC_CfgHSDesc
                0x2000005c       0x20 ./Middlewares/ST/STM32_USB_Device_Library/Class/MSC/Src/usbd_msc.o
 .data.USBD_MSC_CfgFSDesc
                0x2000007c       0x20 ./Middlewares/ST/STM32_USB_Device_Library/Class/MSC/Src/usbd_msc.o
 .data.USBD_MSC_OtherSpeedCfgDesc
                0x2000009c       0x20 ./Middlewares/ST/STM32_USB_Device_Library/Class/MSC/Src/usbd_msc.o
 .data.USBD_MSC_DeviceQualifierDesc
                0x200000bc        0xa ./Middlewares/ST/STM32_USB_Device_Library/Class/MSC/Src/usbd_msc.o
 *fill*         0x200000c6        0x2 
 .data.MSC_Page00_Inquiry_Data
                0x200000c8        0x6 ./Middlewares/ST/STM32_USB_Device_Library/Class/MSC/Src/usbd_msc_data.o
                0x200000c8                MSC_Page00_Inquiry_Data
 *fill*         0x200000ce        0x2 
 .data.MSC_Page80_Inquiry_Data
                0x200000d0        0x8 ./Middlewares/ST/STM32_USB_Device_Library/Class/MSC/Src/usbd_msc_data.o
                0x200000d0                MSC_Page80_Inquiry_Data
 .data.MSC_Mode_Sense6_data
                0x200000d8       0x17 ./Middlewares/ST/STM32_USB_Device_Library/Class/MSC/Src/usbd_msc_data.o
                0x200000d8                MSC_Mode_Sense6_data
 *fill*         0x200000ef        0x1 
 .data.MSC_Mode_Sense10_data
                0x200000f0       0x1b ./Middlewares/ST/STM32_USB_Device_Library/Class/MSC/Src/usbd_msc_data.o
                0x200000f0                MSC_Mode_Sense10_data
 *fill*         0x2000010b        0x1 
 .data.uxCriticalNesting
                0x2000010c        0x4 ./Middlewares/Third_Party/FreeRTOS/Source/portable/GCC/ARM_CM4F/port.o
 .data.MSC_Desc
                0x20000110       0x20 ./USB_Device/App/usbd_desc.o
                0x20000110                MSC_Desc
 .data.USBD_MSC_DeviceDesc
                0x20000130       0x12 ./USB_Device/App/usbd_desc.o
                0x20000130                USBD_MSC_DeviceDesc
 *fill*         0x20000142        0x2 
 .data.USBD_LangIDDesc
                0x20000144        0x4 ./USB_Device/App/usbd_desc.o
                0x20000144                USBD_LangIDDesc
 .data.USBD_StringSerial
                0x20000148       0x1a ./USB_Device/App/usbd_desc.o
                0x20000148                USBD_StringSerial
 *fill*         0x20000162        0x2 
 .data.USBD_Storage_Interface_fops_FS
                0x20000164       0x20 ./USB_Device/App/usbd_storage_if.o
                0x20000164                USBD_Storage_Interface_fops_FS
 .data._impure_ptr
                0x20000184        0x4 C:/ST/STM32CubeIDE_1.19.0/STM32CubeIDE/plugins/com.st.stm32cube.ide.mcu.externaltools.gnu-tools-for-stm32.13.3.rel1.win32_1.0.0.202411081344/tools/bin/../lib/gcc/arm-none-eabi/13.3.1/../../../../arm-none-eabi/lib/thumb/v7e-m+fp/hard\libc_nano.a(libc_a-impure.o)
                0x20000184                _impure_ptr
 .data._impure_data
                0x20000188       0x4c C:/ST/STM32CubeIDE_1.19.0/STM32CubeIDE/plugins/com.st.stm32cube.ide.mcu.externaltools.gnu-tools-for-stm32.13.3.rel1.win32_1.0.0.202411081344/tools/bin/../lib/gcc/arm-none-eabi/13.3.1/../../../../arm-none-eabi/lib/thumb/v7e-m+fp/hard\libc_nano.a(libc_a-impure.o)
                0x20000188                _impure_data
 *(.RamFunc)
 *(.RamFunc*)
                0x200001d4                        . = ALIGN (0x4)
                0x200001d4                        _edata = .

.igot.plt       0x200001d4        0x0 load address 0x0800d030
 .igot.plt      0x200001d4        0x0 C:/ST/STM32CubeIDE_1.19.0/STM32CubeIDE/plugins/com.st.stm32cube.ide.mcu.externaltools.gnu-tools-for-stm32.13.3.rel1.win32_1.0.0.202411081344/tools/bin/../lib/gcc/arm-none-eabi/13.3.1/thumb/v7e-m+fp/hard/crtbegin.o
                0x200001d4                        . = ALIGN (0x4)

.bss            0x200001d4     0xaa28 load address 0x0800d030
                0x200001d4                        _sbss = .
                0x200001d4                        __bss_start__ = _sbss
 *(.bss)
 .bss           0x200001d4       0x1c C:/ST/STM32CubeIDE_1.19.0/STM32CubeIDE/plugins/com.st.stm32cube.ide.mcu.externaltools.gnu-tools-for-stm32.13.3.rel1.win32_1.0.0.202411081344/tools/bin/../lib/gcc/arm-none-eabi/13.3.1/thumb/v7e-m+fp/hard/crtbegin.o
 *(.bss*)
 .bss._ZN6Driver6usart2E
                0x200001f0        0xc ./Components/main_avionics.o
                0x200001f0                Driver::usart2
 .bss.hcrc      0x200001fc       0x24 ./Core/Src/main.o
                0x200001fc                hcrc
 .bss.defaultTaskHandle
                0x20000220        0x4 ./Core/Src/main.o
                0x20000220                defaultTaskHandle
 .bss.htim2     0x20000224       0x4c ./Core/Src/stm32g4xx_hal_timebase_tim.o
                0x20000224                htim2
 .bss.uwTick    0x20000270        0x4 ./Drivers/STM32G4xx_HAL_Driver/Src/stm32g4xx_hal.o
                0x20000270                uwTick
 .bss.USERPath  0x20000274        0x4 ./FATFS/App/app_fatfs.o
                0x20000274                USERPath
 .bss.Appli_state
                0x20000278        0x1 ./FATFS/App/app_fatfs.o
                0x20000278                Appli_state
 .bss.cfgidx.0  0x20000279        0x1 ./Middlewares/ST/STM32_USB_Device_Library/Core/Src/usbd_ctlreq.o
 *fill*         0x2000027a        0x2 
 .bss.disk      0x2000027c        0xc ./Middlewares/Third_Party/FatFs/src/ff_gen_drv.o
                0x2000027c                disk
 .bss.xQueueRegistry
                0x20000288       0x40 ./Middlewares/Third_Party/FreeRTOS/Source/queue.o
                0x20000288                xQueueRegistry
 .bss.pxCurrentTCB
                0x200002c8        0x4 ./Middlewares/Third_Party/FreeRTOS/Source/tasks.o
                0x200002c8                pxCurrentTCB
 .bss.pxReadyTasksLists
                0x200002cc       0x8c ./Middlewares/Third_Party/FreeRTOS/Source/tasks.o
 .bss.xDelayedTaskList1
                0x20000358       0x14 ./Middlewares/Third_Party/FreeRTOS/Source/tasks.o
 .bss.xDelayedTaskList2
                0x2000036c       0x14 ./Middlewares/Third_Party/FreeRTOS/Source/tasks.o
 .bss.pxDelayedTaskList
                0x20000380        0x4 ./Middlewares/Third_Party/FreeRTOS/Source/tasks.o
 .bss.pxOverflowDelayedTaskList
                0x20000384        0x4 ./Middlewares/Third_Party/FreeRTOS/Source/tasks.o
 .bss.xPendingReadyList
                0x20000388       0x14 ./Middlewares/Third_Party/FreeRTOS/Source/tasks.o
 .bss.xTasksWaitingTermination
                0x2000039c       0x14 ./Middlewares/Third_Party/FreeRTOS/Source/tasks.o
 .bss.uxDeletedTasksWaitingCleanUp
                0x200003b0        0x4 ./Middlewares/Third_Party/FreeRTOS/Source/tasks.o
 .bss.xSuspendedTaskList
                0x200003b4       0x14 ./Middlewares/Third_Party/FreeRTOS/Source/tasks.o
 .bss.uxCurrentNumberOfTasks
                0x200003c8        0x4 ./Middlewares/Third_Party/FreeRTOS/Source/tasks.o
 .bss.xTickCount
                0x200003cc        0x4 ./Middlewares/Third_Party/FreeRTOS/Source/tasks.o
 .bss.uxTopReadyPriority
                0x200003d0        0x4 ./Middlewares/Third_Party/FreeRTOS/Source/tasks.o
 .bss.xSchedulerRunning
                0x200003d4        0x4 ./Middlewares/Third_Party/FreeRTOS/Source/tasks.o
 .bss.xPendedTicks
                0x200003d8        0x4 ./Middlewares/Third_Party/FreeRTOS/Source/tasks.o
 .bss.xYieldPending
                0x200003dc        0x4 ./Middlewares/Third_Party/FreeRTOS/Source/tasks.o
 .bss.xNumOfOverflows
                0x200003e0        0x4 ./Middlewares/Third_Party/FreeRTOS/Source/tasks.o
 .bss.uxTaskNumber
                0x200003e4        0x4 ./Middlewares/Third_Party/FreeRTOS/Source/tasks.o
 .bss.xNextTaskUnblockTime
                0x200003e8        0x4 ./Middlewares/Third_Party/FreeRTOS/Source/tasks.o
 .bss.xIdleTaskHandle
                0x200003ec        0x4 ./Middlewares/Third_Party/FreeRTOS/Source/tasks.o
 .bss.uxSchedulerSuspended
                0x200003f0        0x4 ./Middlewares/Third_Party/FreeRTOS/Source/tasks.o
 .bss.xActiveTimerList1
                0x200003f4       0x14 ./Middlewares/Third_Party/FreeRTOS/Source/timers.o
 .bss.xActiveTimerList2
                0x20000408       0x14 ./Middlewares/Third_Party/FreeRTOS/Source/timers.o
 .bss.pxCurrentTimerList
                0x2000041c        0x4 ./Middlewares/Third_Party/FreeRTOS/Source/timers.o
 .bss.pxOverflowTimerList
                0x20000420        0x4 ./Middlewares/Third_Party/FreeRTOS/Source/timers.o
 .bss.xTimerQueue
                0x20000424        0x4 ./Middlewares/Third_Party/FreeRTOS/Source/timers.o
 .bss.xTimerTaskHandle
                0x20000428        0x4 ./Middlewares/Third_Party/FreeRTOS/Source/timers.o
 .bss.xLastTime.0
                0x2000042c        0x4 ./Middlewares/Third_Party/FreeRTOS/Source/timers.o
 .bss.ucMaxSysCallPriority
                0x20000430        0x1 ./Middlewares/Third_Party/FreeRTOS/Source/portable/GCC/ARM_CM4F/port.o
 *fill*         0x20000431        0x3 
 .bss.ulMaxPRIGROUPValue
                0x20000434        0x4 ./Middlewares/Third_Party/FreeRTOS/Source/portable/GCC/ARM_CM4F/port.o
 .bss.ucHeap    0x20000438     0x9c40 ./Middlewares/Third_Party/FreeRTOS/Source/portable/MemMang/heap_4.o
 .bss.xStart    0x2000a078        0x8 ./Middlewares/Third_Party/FreeRTOS/Source/portable/MemMang/heap_4.o
 .bss.pxEnd     0x2000a080        0x4 ./Middlewares/Third_Party/FreeRTOS/Source/portable/MemMang/heap_4.o
 .bss.xFreeBytesRemaining
                0x2000a084        0x4 ./Middlewares/Third_Party/FreeRTOS/Source/portable/MemMang/heap_4.o
 .bss.xMinimumEverFreeBytesRemaining
                0x2000a088        0x4 ./Middlewares/Third_Party/FreeRTOS/Source/portable/MemMang/heap_4.o
 .bss.xNumberOfSuccessfulAllocations
                0x2000a08c        0x4 ./Middlewares/Third_Party/FreeRTOS/Source/portable/MemMang/heap_4.o
 .bss.xNumberOfSuccessfulFrees
                0x2000a090        0x4 ./Middlewares/Third_Party/FreeRTOS/Source/portable/MemMang/heap_4.o
 .bss.xBlockAllocatedBit
                0x2000a094        0x4 ./Middlewares/Third_Party/FreeRTOS/Source/portable/MemMang/heap_4.o
 .bss.hUsbDeviceFS
                0x2000a098      0x2d0 ./USB_Device/App/usb_device.o
                0x2000a098                hUsbDeviceFS
 .bss.USBD_StrDesc
                0x2000a368      0x200 ./USB_Device/App/usbd_desc.o
                0x2000a368                USBD_StrDesc
 .bss.hpcd_USB_FS
                0x2000a568      0x2dc ./USB_Device/Target/usbd_conf.o
                0x2000a568                hpcd_USB_FS
 .bss.mem.0     0x2000a844      0x278 ./USB_Device/Target/usbd_conf.o
 .bss.__sf      0x2000aabc      0x138 C:/ST/STM32CubeIDE_1.19.0/STM32CubeIDE/plugins/com.st.stm32cube.ide.mcu.externaltools.gnu-tools-for-stm32.13.3.rel1.win32_1.0.0.202411081344/tools/bin/../lib/gcc/arm-none-eabi/13.3.1/../../../../arm-none-eabi/lib/thumb/v7e-m+fp/hard\libc_nano.a(libc_a-findfp.o)
                0x2000aabc                __sf
 .bss.__lock___malloc_recursive_mutex
                0x2000abf4        0x1 C:/ST/STM32CubeIDE_1.19.0/STM32CubeIDE/plugins/com.st.stm32cube.ide.mcu.externaltools.gnu-tools-for-stm32.13.3.rel1.win32_1.0.0.202411081344/tools/bin/../lib/gcc/arm-none-eabi/13.3.1/../../../../arm-none-eabi/lib/thumb/v7e-m+fp/hard\libc_nano.a(libc_a-lock.o)
                0x2000abf4                __lock___malloc_recursive_mutex
 *fill*         0x2000abf5        0x3 
 .bss.__malloc_free_list
                0x2000abf8        0x4 C:/ST/STM32CubeIDE_1.19.0/STM32CubeIDE/plugins/com.st.stm32cube.ide.mcu.externaltools.gnu-tools-for-stm32.13.3.rel1.win32_1.0.0.202411081344/tools/bin/../lib/gcc/arm-none-eabi/13.3.1/../../../../arm-none-eabi/lib/thumb/v7e-m+fp/hard\libc_nano.a(libc_a-mallocr.o)
                0x2000abf8                __malloc_free_list
 *(COMMON)
                0x2000abfc                        . = ALIGN (0x4)
                0x2000abfc                        _ebss = .
                0x2000abfc                        __bss_end__ = _ebss

._user_heap_stack
                0x2000abfc      0x604 load address 0x0800d030
                0x2000ac00                        . = ALIGN (0x8)
 *fill*         0x2000abfc        0x4 
                [!provide]                        PROVIDE (end = .)
                0x2000ac00                        PROVIDE (_end = .)
                0x2000ae00                        . = (. + _Min_Heap_Size)
 *fill*         0x2000ac00      0x200 
                0x2000b200                        . = (. + _Min_Stack_Size)
 *fill*         0x2000ae00      0x400 
                0x2000b200                        . = ALIGN (0x8)

/DISCARD/
 libc.a(*)
 libm.a(*)
 libgcc.a(*)

.ARM.attributes
                0x00000000       0x30
 *(.ARM.attributes)
 .ARM.attributes
                0x00000000       0x22 C:/ST/STM32CubeIDE_1.19.0/STM32CubeIDE/plugins/com.st.stm32cube.ide.mcu.externaltools.gnu-tools-for-stm32.13.3.rel1.win32_1.0.0.202411081344/tools/bin/../lib/gcc/arm-none-eabi/13.3.1/thumb/v7e-m+fp/hard/crti.o
 .ARM.attributes
                0x00000022       0x34 C:/ST/STM32CubeIDE_1.19.0/STM32CubeIDE/plugins/com.st.stm32cube.ide.mcu.externaltools.gnu-tools-for-stm32.13.3.rel1.win32_1.0.0.202411081344/tools/bin/../lib/gcc/arm-none-eabi/13.3.1/thumb/v7e-m+fp/hard/crtbegin.o
 .ARM.attributes
                0x00000056       0x34 ./Components/SysCore/RunInterface.o
 .ARM.attributes
                0x0000008a       0x34 ./Components/main_avionics.o
 .ARM.attributes
                0x000000be       0x34 ./Core/Src/main.o
 .ARM.attributes
                0x000000f2       0x34 ./Core/Src/stm32g4xx_hal_msp.o
 .ARM.attributes
                0x00000126       0x34 ./Core/Src/stm32g4xx_hal_timebase_tim.o
 .ARM.attributes
                0x0000015a       0x34 ./Core/Src/stm32g4xx_it.o
 .ARM.attributes
                0x0000018e       0x34 ./Core/Src/system_stm32g4xx.o
 .ARM.attributes
                0x000001c2       0x21 ./Core/Startup/startup_stm32g491metx.o
 .ARM.attributes
                0x000001e3       0x34 ./Drivers/STM32G4xx_HAL_Driver/Src/stm32g4xx_hal.o
 .ARM.attributes
                0x00000217       0x34 ./Drivers/STM32G4xx_HAL_Driver/Src/stm32g4xx_hal_cortex.o
 .ARM.attributes
                0x0000024b       0x34 ./Drivers/STM32G4xx_HAL_Driver/Src/stm32g4xx_hal_crc.o
 .ARM.attributes
                0x0000027f       0x34 ./Drivers/STM32G4xx_HAL_Driver/Src/stm32g4xx_hal_crc_ex.o
 .ARM.attributes
                0x000002b3       0x34 ./Drivers/STM32G4xx_HAL_Driver/Src/stm32g4xx_hal_pcd.o
 .ARM.attributes
                0x000002e7       0x34 ./Drivers/STM32G4xx_HAL_Driver/Src/stm32g4xx_hal_pcd_ex.o
 .ARM.attributes
                0x0000031b       0x34 ./Drivers/STM32G4xx_HAL_Driver/Src/stm32g4xx_hal_pwr_ex.o
 .ARM.attributes
                0x0000034f       0x34 ./Drivers/STM32G4xx_HAL_Driver/Src/stm32g4xx_hal_rcc.o
 .ARM.attributes
                0x00000383       0x34 ./Drivers/STM32G4xx_HAL_Driver/Src/stm32g4xx_hal_rcc_ex.o
 .ARM.attributes
                0x000003b7       0x34 ./Drivers/STM32G4xx_HAL_Driver/Src/stm32g4xx_hal_tim.o
 .ARM.attributes
                0x000003eb       0x34 ./Drivers/STM32G4xx_HAL_Driver/Src/stm32g4xx_hal_tim_ex.o
 .ARM.attributes
                0x0000041f       0x34 ./Drivers/STM32G4xx_HAL_Driver/Src/stm32g4xx_ll_gpio.o