Archive member included to satisfy reference by file (symbol)

C:/ST/STM32CubeIDE_1.19.0/STM32CubeIDE/plugins/com.st.stm32cube.ide.mcu.externaltools.gnu-tools-for-stm32.13.3.rel1.win32_1.0.0.202411081344/tools/bin/../lib/gcc/arm-none-eabi/13.3.1/../../../../arm-none-eabi/lib/thumb/v7e-m+fp/hard\libstdc++_nano.a(guard.o)
                              ./Components/FileSystem/FileSystemTask.o (__cxa_guard_acquire)
C:/ST/STM32CubeIDE_1.19.0/STM32CubeIDE/plugins/com.st.stm32cube.ide.mcu.externaltools.gnu-tools-for-stm32.13.3.rel1.win32_1.0.0.202411081344/tools/bin/../lib/gcc/arm-none-eabi/13.3.1/../../../../arm-none-eabi/lib/thumb/v7e-m+fp/hard\libc_nano.a(libc_a-exit.o)
                              C:/ST/STM32CubeIDE_1.19.0/STM32CubeIDE/plugins/com.st.stm32cube.ide.mcu.externaltools.gnu-tools-for-stm32.13.3.rel1.win32_1.0.0.202411081344/tools/bin/../lib/gcc/arm-none-eabi/13.3.1/../../../../arm-none-eabi/lib/thumb/v7e-m+fp/hard/crt0.o (exit)
C:/ST/STM32CubeIDE_1.19.0/STM32CubeIDE/plugins/com.st.stm32cube.ide.mcu.externaltools.gnu-tools-for-stm32.13.3.rel1.win32_1.0.0.202411081344/tools/bin/../lib/gcc/arm-none-eabi/13.3.1/../../../../arm-none-eabi/lib/thumb/v7e-m+fp/hard\libc_nano.a(libc_a-findfp.o)
                              ./Middlewares/Third_Party/FreeRTOS/Source/tasks.o (__sf)
C:/ST/STM32CubeIDE_1.19.0/STM32CubeIDE/plugins/com.st.stm32cube.ide.mcu.externaltools.gnu-tools-for-stm32.13.3.rel1.win32_1.0.0.202411081344/tools/bin/../lib/gcc/arm-none-eabi/13.3.1/../../../../arm-none-eabi/lib/thumb/v7e-m+fp/hard\libc_nano.a(libc_a-fwalk.o)
                              C:/ST/STM32CubeIDE_1.19.0/STM32CubeIDE/plugins/com.st.stm32cube.ide.mcu.externaltools.gnu-tools-for-stm32.13.3.rel1.win32_1.0.0.202411081344/tools/bin/../lib/gcc/arm-none-eabi/13.3.1/../../../../arm-none-eabi/lib/thumb/v7e-m+fp/hard\libc_nano.a(libc_a-findfp.o) (_fwalk_sglue)
C:/ST/STM32CubeIDE_1.19.0/STM32CubeIDE/plugins/com.st.stm32cube.ide.mcu.externaltools.gnu-tools-for-stm32.13.3.rel1.win32_1.0.0.202411081344/tools/bin/../lib/gcc/arm-none-eabi/13.3.1/../../../../arm-none-eabi/lib/thumb/v7e-m+fp/hard\libc_nano.a(libc_a-snprintf.o)
                              ./Components/FileSystem/SoarFileSystem.o (snprintf)
C:/ST/STM32CubeIDE_1.19.0/STM32CubeIDE/plugins/com.st.stm32cube.ide.mcu.externaltools.gnu-tools-for-stm32.13.3.rel1.win32_1.0.0.202411081344/tools/bin/../lib/gcc/arm-none-eabi/13.3.1/../../../../arm-none-eabi/lib/thumb/v7e-m+fp/hard\libc_nano.a(libc_a-stdio.o)
                              C:/ST/STM32CubeIDE_1.19.0/STM32CubeIDE/plugins/com.st.stm32cube.ide.mcu.externaltools.gnu-tools-for-stm32.13.3.rel1.win32_1.0.0.202411081344/tools/bin/../lib/gcc/arm-none-eabi/13.3.1/../../../../arm-none-eabi/lib/thumb/v7e-m+fp/hard\libc_nano.a(libc_a-findfp.o) (__sread)
C:/ST/STM32CubeIDE_1.19.0/STM32CubeIDE/plugins/com.st.stm32cube.ide.mcu.externaltools.gnu-tools-for-stm32.13.3.rel1.win32_1.0.0.202411081344/tools/bin/../lib/gcc/arm-none-eabi/13.3.1/../../../../arm-none-eabi/lib/thumb/v7e-m+fp/hard\libc_nano.a(libc_a-memset.o)
                              C:/ST/STM32CubeIDE_1.19.0/STM32CubeIDE/plugins/com.st.stm32cube.ide.mcu.externaltools.gnu-tools-for-stm32.13.3.rel1.win32_1.0.0.202411081344/tools/bin/../lib/gcc/arm-none-eabi/13.3.1/../../../../arm-none-eabi/lib/thumb/v7e-m+fp/hard/crt0.o (memset)
C:/ST/STM32CubeIDE_1.19.0/STM32CubeIDE/plugins/com.st.stm32cube.ide.mcu.externaltools.gnu-tools-for-stm32.13.3.rel1.win32_1.0.0.202411081344/tools/bin/../lib/gcc/arm-none-eabi/13.3.1/../../../../arm-none-eabi/lib/thumb/v7e-m+fp/hard\libc_nano.a(libc_a-strchr.o)
                              ./Components/FileSystem/SoarFileSystem.o (strchr)
C:/ST/STM32CubeIDE_1.19.0/STM32CubeIDE/plugins/com.st.stm32cube.ide.mcu.externaltools.gnu-tools-for-stm32.13.3.rel1.win32_1.0.0.202411081344/tools/bin/../lib/gcc/arm-none-eabi/13.3.1/../../../../arm-none-eabi/lib/thumb/v7e-m+fp/hard\libc_nano.a(libc_a-strncpy.o)
                              ./Components/FileSystem/SoarFileSystem.o (strncpy)
C:/ST/STM32CubeIDE_1.19.0/STM32CubeIDE/plugins/com.st.stm32cube.ide.mcu.externaltools.gnu-tools-for-stm32.13.3.rel1.win32_1.0.0.202411081344/tools/bin/../lib/gcc/arm-none-eabi/13.3.1/../../../../arm-none-eabi/lib/thumb/v7e-m+fp/hard\libc_nano.a(libc_a-closer.o)
                              C:/ST/STM32CubeIDE_1.19.0/STM32CubeIDE/plugins/com.st.stm32cube.ide.mcu.externaltools.gnu-tools-for-stm32.13.3.rel1.win32_1.0.0.202411081344/tools/bin/../lib/gcc/arm-none-eabi/13.3.1/../../../../arm-none-eabi/lib/thumb/v7e-m+fp/hard\libc_nano.a(libc_a-stdio.o) (_close_r)
C:/ST/STM32CubeIDE_1.19.0/STM32CubeIDE/plugins/com.st.stm32cube.ide.mcu.externaltools.gnu-tools-for-stm32.13.3.rel1.win32_1.0.0.202411081344/tools/bin/../lib/gcc/arm-none-eabi/13.3.1/../../../../arm-none-eabi/lib/thumb/v7e-m+fp/hard\libc_nano.a(libc_a-reent.o)
                              ./Middlewares/Third_Party/FreeRTOS/Source/tasks.o (_reclaim_reent)
[...]
Memory Configuration

Name             Origin             Length             Attributes
RAM              0x20000000         0x0001c000         xrw
FLASH            0x08000000         0x00080000         xr
*default*        0x00000000         0xffffffff

Linker script and memory map

LOAD C:/ST/STM32CubeIDE_1.19.0/STM32CubeIDE/plugins/com.st.stm32cube.ide.mcu.externaltools.gnu-tools-for-stm32.13.3.rel1.win32_1.0.0.202411081344/tools/bin/../lib/gcc/arm-none-eabi/13.3.1/thumb/v7e-m+fp/hard/crti.o
LOAD C:/ST/STM32CubeIDE_1.19.0/STM32CubeIDE/plugins/com.st.stm32cube.ide.mcu.externaltools.gnu-tools-for-stm32.13.3.rel1.win32_1.0.0.202411081344/tools/bin/../lib/gcc/arm-none-eabi/13.3.1/thumb/v7e-m+fp/hard/crtbegin.o
LOAD C:/ST/STM32CubeIDE_1.19.0/STM32CubeIDE/plugins/com.st.stm32cube.ide.mcu.externaltools.gnu-tools-for-stm32.13.3.rel1.win32_1.0.0.202411081344/tools/bin/../lib/gcc/arm-none-eabi/13.3.1/../../../../arm-none-eabi/lib/thumb/v7e-m+fp/hard/crt0.o
LOAD ./Components/FileSystem/FileSystemTask.o
LOAD ./Components/FileSystem/SoarFileSystem.o
LOAD ./Components/FileSystem/SoarFileSystemExample.o
LOAD ./Components/SoarDebug/DebugTask.o
LOAD ./Components/SysCore/RunInterface.o
LOAD ./Components/main_avionics.o
LOAD ./Core/Src/app_freertos.o
LOAD ./Core/Src/main.o
LOAD ./Core/Src/stm32g4xx_hal_msp.o
LOAD ./Core/Src/stm32g4xx_hal_timebase_tim.o
LOAD ./Core/Src/stm32g4xx_it.o
LOAD ./Core/Src/syscalls.o
LOAD ./Core/Src/sysmem.o
LOAD ./Core/Src/system_stm32g4xx.o
LOAD ./Core/Startup/startup_stm32g491metx.o
LOAD ./Drivers/STM32G4xx_HAL_Driver/Src/stm32g4xx_hal.o
LOAD ./Drivers/STM32G4xx_HAL_Driver/Src/stm32g4xx_hal_cortex.o
LOAD ./Drivers/STM32G4xx_HAL_Driver/Src/stm32g4xx_hal_crc.o
LOAD ./Drivers/STM32G4xx_HAL_Driver/Src/stm32g4xx_hal_crc_ex.o
LOAD ./Drivers/STM32G4xx_HAL_Driver/Src/stm32g4xx_hal_dma.o
LOAD ./Drivers/STM32G4xx_HAL_Driver/Src/stm32g4xx_hal_dma_ex.o
LOAD ./Drivers/STM32G4xx_HAL_Driver/Src/stm32g4xx_hal_exti.o
LOAD ./Drivers/STM32G4xx_HAL_Driver/Src/stm32g4xx_hal_flash.o
LOAD ./Drivers/STM32G4xx_HAL_Driver/Src/stm32g4xx_hal_flash_ex.o
LOAD ./Drivers/STM32G4xx_HAL_Driver/Src/stm32g4xx_hal_flash_ramfunc.o
LOAD ./Drivers/STM32G4xx_HAL_Driver/Src/stm32g4xx_hal_gpio.o
LOAD ./Drivers/STM32G4xx_HAL_Driver/Src/stm32g4xx_hal_pwr.o
LOAD ./Drivers/STM32G4xx_HAL_Driver/Src/stm32g4xx_hal_pwr_ex.o
LOAD ./Drivers/STM32G4xx_HAL_Driver/Src/stm32g4xx_hal_rcc.o
LOAD ./Drivers/STM32G4xx_HAL_Driver/Src/stm32g4xx_hal_rcc_ex.o
LOAD ./Drivers/STM32G4xx_HAL_Driver/Src/stm32g4xx_hal_tim.o
LOAD ./Drivers/STM32G4xx_HAL_Driver/Src/stm32g4xx_hal_tim_ex.o
LOAD ./Drivers/STM32G4xx_HAL_Driver/Src/stm32g4xx_ll_dma.o
LOAD ./Drivers/STM32G4xx_HAL_Driver/Src/stm32g4xx_ll_exti.o
LOAD ./Drivers/STM32G4xx_HAL_Driver/Src/stm32g4xx_ll_gpio.o
LOAD ./Drivers/STM32G4xx_HAL_Driver/Src/stm32g4xx_ll_pwr.o
LOAD ./Drivers/STM32G4xx_HAL_Driver/Src/stm32g4xx_ll_rcc.o
LOAD ./Drivers/STM32G4xx_HAL_Driver/Src/stm32g4xx_ll_usart.o
LOAD ./Drivers/STM32G4xx_HAL_Driver/Src/stm32g4xx_ll_utils.o
LOAD ./FATFS/App/app_fatfs.o
LOAD ./FATFS/Target/user_diskio.o
LOAD ./Middlewares/Third_Party/FatFs/src/diskio.o
LOAD ./Middlewares/Third_Party/FatFs/src/ff.o
LOAD ./Middlewares/Third_Party/FatFs/src/ff_gen_drv.o
LOAD ./Middlewares/Third_Party/FatFs/src/option/syscall.o
LOAD ./Middlewares/Third_Party/FreeRTOS/Source/CMSIS_RTOS/cmsis_os.o
LOAD ./Middlewares/Third_Party/FreeRTOS/Source/croutine.o
LOAD ./Middlewares/Third_Party/FreeRTOS/Source/event_groups.o
LOAD ./Middlewares/Third_Party/FreeRTOS/Source/list.o
LOAD ./Middlewares/Third_Party/FreeRTOS/Source/queue.o
LOAD ./Middlewares/Third_Party/FreeRTOS/Source/stream_buffer.o
LOAD ./Middlewares/Third_Party/FreeRTOS/Source/tasks.o
LOAD ./Middlewares/Third_Party/FreeRTOS/Source/timers.o
LOAD ./Middlewares/Third_Party/FreeRTOS/Source/portable/GCC/ARM_CM4F/port.o
LOAD ./Middlewares/Third_Party/FreeRTOS/Source/portable/MemMang/heap_4.o
LOAD ./SoarOS/Drivers/UARTDriver.o
START GROUP
LOAD C:/ST/STM32CubeIDE_1.19.0/STM32CubeIDE/plugins/com.st.stm32cube.ide.mcu.externaltools.gnu-tools-for-stm32.13.3.rel1.win32_1.0.0.202411081344/tools/bin/../lib/gcc/arm-none-eabi/13.3.1/../../../../arm-none-eabi/lib/thumb/v7e-m+fp/hard\libstdc++_nano.a
LOAD C:/ST/STM32CubeIDE_1.19.0/STM32CubeIDE/plugins/com.st.stm32cube.ide.mcu.externaltools.gnu-tools-for-stm32.13.3.rel1.win32_1.0.0.202411081344/tools/bin/../lib/gcc/arm-none-eabi/13.3.1/../../../../arm-none-eabi/lib/thumb/v7e-m+fp/hard\libsupc++_nano.a
END GROUP
LOAD C:/ST/STM32CubeIDE_1.19.0/STM32CubeIDE/plugins/com.st.stm32cube.ide.mcu.externaltools.gnu-tools-for-stm32.13.3.rel1.win32_1.0.0.202411081344/tools/bin/../lib/gcc/arm-none-eabi/13.3.1/../../../../arm-none-eabi/lib/thumb/v7e-m+fp/hard\libstdc++_nano.a
LOAD C:/ST/STM32CubeIDE_1.19.0/STM32CubeIDE/plugins/com.st.stm32cube.ide.mcu.externaltools.gnu-tools-for-stm32.13.3.rel1.win32_1.0.0.202411081344/tools/bin/../lib/gcc/arm-none-eabi/13.3.1/../../../../arm-none-eabi/lib/thumb/v7e-m+fp/hard\libm.a
LOAD C:/ST/STM32CubeIDE_1.19.0/STM32CubeIDE/plugins/com.st.stm32cube.ide.mcu.externaltools.gnu-tools-for-stm32.13.3.rel1.win32_1.0.0.202411081344/tools/bin/../lib/gcc/arm-none-eabi/13.3.1/../../../../arm-none-eabi/lib/thumb/v7e-m+fp/hard\libc_nano.a
START GROUP
LOAD C:/ST/STM32CubeIDE_1.19.0/STM32CubeIDE/plugins/com.st.stm32cube.ide.mcu.externaltools.gnu-tools-for-stm32.13.3.rel1.win32_1.0.0.202411081344/tools/bin/../lib/gcc/arm-none-eabi/13.3.1/thumb/v7e-m+fp/hard\libgcc.a
LOAD C:/ST/STM32CubeIDE_1.19.0/STM32CubeIDE/plugins/com.st.stm32cube.ide.mcu.externaltools.gnu-tools-for-stm32.13.3.rel1.win32_1.0.0.202411081344/tools/bin/../lib/gcc/arm-none-eabi/13.3.1/../../../../arm-none-eabi/lib/thumb/v7e-m+fp/hard\libc_nano.a
END GROUP
START GROUP
LOAD C:/ST/STM32CubeIDE_1.19.0/STM32CubeIDE/plugins/com.st.stm32cube.ide.mcu.externaltools.gnu-tools-for-stm32.13.3.rel1.win32_1.0.0.202411081344/tools/bin/../lib/gcc/arm-none-eabi/13.3.1/thumb/v7e-m+fp/hard\libgcc.a
LOAD C:/ST/STM32CubeIDE_1.19.0/STM32CubeIDE/plugins/com.st.stm32cube.ide.mcu.externaltools.gnu-tools-for-stm32.13.3.rel1.win32_1.0.0.202411081344/tools/bin/../lib/gcc/arm-none-eabi/13.3.1/../../../../arm-none-eabi/lib/thumb/v7e-m+fp/hard\libc_nano.a
LOAD C:/ST/STM32CubeIDE_1.19.0/STM32CubeIDE/plugins/com.st.stm32cube.ide.mcu.externaltools.gnu-tools-for-stm32.13.3.rel1.win32_1.0.0.202411081344/tools/bin/../lib/gcc/arm-none-eabi/13.3.1/../../../../arm-none-eabi/lib/thumb/v7e-m+fp/hard\libnosys.a
END GROUP
START GROUP
LOAD C:/ST/STM32CubeIDE_1.19.0/STM32CubeIDE/plugins/com.st.stm32cube.ide.mcu.externaltools.gnu-tools-for-stm32.13.3.rel1.win32_1.0.0.202411081344/tools/bin/../lib/gcc/arm-none-eabi/13.3.1/thumb/v7e-m+fp/hard\libgcc.a
LOAD C:/ST/STM32CubeIDE_1.19.0/STM32CubeIDE/plugins/com.st.stm32cube.ide.mcu.externaltools.gnu-tools-for-stm32.13.3.rel1.win32_1.0.0.202411081344/tools/bin/../lib/gcc/arm-none-eabi/13.3.1/../../../../arm-none-eabi/lib/thumb/v7e-m+fp/hard\libc_nano.a
LOAD C:/ST/STM32CubeIDE_1.19.0/STM32CubeIDE/plugins/com.st.stm32cube.ide.mcu.externaltools.gnu-tools-for-stm32.13.3.rel1.win32_1.0.0.202411081344/tools/bin/../lib/gcc/arm-none-eabi/13.3.1/../../../../arm-none-eabi/lib/thumb/v7e-m+fp/hard\libnosys.a
END GROUP
LOAD C:/ST/STM32CubeIDE_1.19.0/STM32CubeIDE/plugins/com.st.stm32cube.ide.mcu.externaltools.gnu-tools-for-stm32.13.3.rel1.win32_1.0.0.202411081344/tools/bin/../lib/gcc/arm-none-eabi/13.3.1/thumb/v7e-m+fp/hard/crtend.o
LOAD C:/ST/STM32CubeIDE_1.19.0/STM32CubeIDE/plugins/com.st.stm32cube.ide.mcu.externaltools.gnu-tools-for-stm32.13.3.rel1.win32_1.0.0.202411081344/tools/bin/../lib/gcc/arm-none-eabi/13.3.1/thumb/v7e-m+fp/hard/crtn.o
                0x2001c000                        _estack = (ORIGIN (RAM) + LENGTH (RAM))
                0x00000200                        _Min_Heap_Size = 0x200
                0x00000400                        _Min_Stack_Size = 0x400

.isr_vector     0x08000000      0x1d8
                0x08000000                        . = ALIGN (0x4)
 *(.isr_vector)
 .isr_vector    0x08000000      0x1d8 ./Core/Startup/startup_stm32g491metx.o
                0x08000000                g_pfnVectors
                0x080001d8                        . = ALIGN (0x4)

.text           0x080001e0     0x5b84
                0x080001e0                        . = ALIGN (0x4)
 *(.text)
 .text          0x080001e0       0x40 C:/ST/STM32CubeIDE_1.19.0/STM32CubeIDE/plugins/com.st.stm32cube.ide.mcu.externaltools.gnu-tools-for-stm32.13.3.rel1.win32_1.0.0.202411081344/tools/bin/../lib/gcc/arm-none-eabi/13.3.1/thumb/v7e-m+fp/hard/crtbegin.o
 *(.text*)
 .text.cpp_USART2_IRQHandler
                0x08000220       0x14 ./Components/SysCore/RunInterface.o
                0x08000220                cpp_USART2_IRQHandler
 .text._ZN10UARTDriverC2EP13USART_TypeDef
                0x08000234       0x2a ./Components/main_avionics.o
                0x08000234                UARTDriver::UARTDriver(USART_TypeDef*)
                0x08000234                UARTDriver::UARTDriver(USART_TypeDef*)
 *fill*         0x0800025e        0x2 
 .text._Z41__static_initialization_and_destruction_0v
                0x08000260       0x18 ./Components/main_avionics.o
 .text._GLOBAL__sub_I__ZN6Driver6usart2E
                0x08000278        0xa ./Components/main_avionics.o
 *fill*         0x08000282        0x2 
 .text.__NVIC_GetPriorityGrouping
                0x08000284       0x1c ./Core/Src/main.o
 .text.__NVIC_EnableIRQ
                0x080002a0       0x3c ./Core/Src/main.o
 .text.__NVIC_SetPriority
                0x080002dc       0x54 ./Core/Src/main.o
 .text.NVIC_EncodePriority
                0x08000330       0x66 ./Core/Src/main.o
 .text.LL_USART_Enable
                0x08000396       0x20 ./Core/Src/main.o
 .text.LL_USART_DisableFIFO
                0x080003b6       0x20 ./Core/Src/main.o
 .text.LL_USART_SetTXFIFOThreshold
                0x080003d6       0x4e ./Core/Src/main.o
 .text.LL_USART_SetRXFIFOThreshold
                0x08000424       0x4e ./Core/Src/main.o
 .text.LL_USART_ConfigAsyncMode
                0x08000472       0x2c ./Core/Src/main.o
 .text.LL_USART_IsActiveFlag_TEACK
                0x0800049e       0x28 ./Core/Src/main.o
 .text.LL_USART_IsActiveFlag_REACK
                0x080004c6       0x28 ./Core/Src/main.o
 *fill*         0x080004ee        0x2 
 .text.LL_AHB2_GRP1_EnableClock
                0x080004f0       0x30 ./Core/Src/main.o
 .text.LL_APB1_GRP1_EnableClock
                0x08000520       0x30 ./Core/Src/main.o
 .text.main     0x08000550       0x58 ./Core/Src/main.o
                0x08000550                main
 .text.SystemClock_Config
                0x080005a8       0x80 ./Core/Src/main.o
                0x080005a8                SystemClock_Config
 .text.MX_CRC_Init
                0x08000628       0x44 ./Core/Src/main.o
 .text.MX_USART2_UART_Init
                0x0800066c      0x144 ./Core/Src/main.o
 .text.MX_GPIO_Init
                0x080007b0       0x30 ./Core/Src/main.o
 .text.StartDefaultTask
                0x080007e0       0x10 ./Core/Src/main.o
                0x080007e0                StartDefaultTask
 .text.HAL_TIM_PeriodElapsedCallback
                0x080007f0       0x1e ./Core/Src/main.o
                0x080007f0                HAL_TIM_PeriodElapsedCallback
 .text.Error_Handler
                0x0800080e        0xc ./Core/Src/main.o
                0x0800080e                Error_Handler
 *fill*         0x0800081a        0x2 
 .text.HAL_MspInit
                0x0800081c       0x54 ./Core/Src/stm32g4xx_hal_msp.o
                0x0800081c                HAL_MspInit
 .text.HAL_CRC_MspInit
                0x08000870       0x40 ./Core/Src/stm32g4xx_hal_msp.o
                0x08000870                HAL_CRC_MspInit
 .text.HAL_InitTick
                0x080008b0       0xd8 ./Core/Src/stm32g4xx_hal_timebase_tim.o
                0x080008b0                HAL_InitTick
 .text.NMI_Handler
                0x08000988        0x8 ./Core/Src/stm32g4xx_it.o
                0x08000988                NMI_Handler
 .text.HardFault_Handler
                0x08000990        0x8 ./Core/Src/stm32g4xx_it.o
                0x08000990                HardFault_Handler
 .text.MemManage_Handler
                0x08000998        0x8 ./Core/Src/stm32g4xx_it.o
                0x08000998                MemManage_Handler
 .text.BusFault_Handler
                0x080009a0        0x8 ./Core/Src/stm32g4xx_it.o
                0x080009a0                BusFault_Handler
 .text.UsageFault_Handler
                0x080009a8        0x8 ./Core/Src/stm32g4xx_it.o
                0x080009a8                UsageFault_Handler
 .text.DebugMon_Handler
                0x080009b0        0xe ./Core/Src/stm32g4xx_it.o
                0x080009b0                DebugMon_Handler
 *fill*         0x080009be        0x2 
 .text.TIM2_IRQHandler
                0x080009c0       0x14 ./Core/Src/stm32g4xx_it.o
                0x080009c0                TIM2_IRQHandler
 .text.USART2_IRQHandler
                0x080009d4        0xc ./Core/Src/stm32g4xx_it.o
                0x080009d4                USART2_IRQHandler
 .text.SystemInit
                0x080009e0       0x24 ./Core/Src/system_stm32g4xx.o
                0x080009e0                SystemInit
 .text.Reset_Handler
                0x08000a04       0x50 ./Core/Startup/startup_stm32g491metx.o
                0x08000a04                Reset_Handler
 .text.Default_Handler
                0x08000a54        0x2 ./Core/Startup/startup_stm32g491metx.o
                0x08000a54                RTC_Alarm_IRQHandler
                0x08000a54                EXTI2_IRQHandler
                0x08000a54                TIM8_TRG_COM_IRQHandler
                0x08000a54                TIM8_CC_IRQHandler
                0x08000a54                TIM1_CC_IRQHandler
                0x08000a54                USB_HP_IRQHandler
                0x08000a54                CORDIC_IRQHandler
                0x08000a54                DMA2_Channel8_IRQHandler
                0x08000a54                EXTI3_IRQHandler
                0x08000a54                I2C3_ER_IRQHandler
                0x08000a54                EXTI0_IRQHandler
                0x08000a54                I2C2_EV_IRQHandler
                0x08000a54                FPU_IRQHandler
                0x08000a54                FDCAN1_IT1_IRQHandler
                0x08000a54                TIM1_UP_TIM16_IRQHandler
                0x08000a54                ADC1_2_IRQHandler
                0x08000a54                SPI1_IRQHandler
                0x08000a54                TIM6_DAC_IRQHandler
                0x08000a54                TIM8_UP_IRQHandler
                0x08000a54                DMA2_Channel2_IRQHandler
                0x08000a54                DMA1_Channel4_IRQHandler
                0x08000a54                TIM20_TRG_COM_IRQHandler
                0x08000a54                USART3_IRQHandler
                0x08000a54                DMA1_Channel7_IRQHandler
                0x08000a54                UART5_IRQHandler
                0x08000a54                ADC3_IRQHandler
                0x08000a54                TIM4_IRQHandler
                0x08000a54                DMA2_Channel1_IRQHandler
                0x08000a54                QUADSPI_IRQHandler
                0x08000a54                I2C1_EV_IRQHandler
                0x08000a54                DMA1_Channel6_IRQHandler
                0x08000a54                UART4_IRQHandler
                0x08000a54                DMA2_Channel4_IRQHandler
                0x08000a54                TIM3_IRQHandler
                0x08000a54                RCC_IRQHandler
                0x08000a54                TIM20_UP_IRQHandler
                0x08000a54                DMA1_Channel1_IRQHandler
                0x08000a54                Default_Handler
                0x08000a54                DMA2_Channel7_IRQHandler
                0x08000a54                RTC_TAMP_LSECSS_IRQHandler
                0x08000a54                FMAC_IRQHandler
                0x08000a54                EXTI15_10_IRQHandler
                0x08000a54                DMA1_Channel8_IRQHandler
                0x08000a54                TIM7_IRQHandler
                0x08000a54                UCPD1_IRQHandler
                0x08000a54                I2C3_EV_IRQHandler
                0x08000a54                EXTI9_5_IRQHandler
                0x08000a54                RTC_WKUP_IRQHandler
                0x08000a54                PVD_PVM_IRQHandler
                0x08000a54                SPI2_IRQHandler
                0x08000a54                DMA2_Channel5_IRQHandler
                0x08000a54                CRS_IRQHandler
                0x08000a54                DMA1_Channel5_IRQHandler
                0x08000a54                USB_LP_IRQHandler
                0x08000a54                EXTI4_IRQHandler
                0x08000a54                RNG_IRQHandler
                0x08000a54                TIM1_TRG_COM_TIM17_IRQHandler
                0x08000a54                FDCAN2_IT1_IRQHandler
                0x08000a54                DMA1_Channel3_IRQHandler
                0x08000a54                WWDG_IRQHandler
                0x08000a54                FDCAN2_IT0_IRQHandler
                0x08000a54                LPUART1_IRQHandler
                0x08000a54                DMA2_Channel6_IRQHandler
                0x08000a54                FDCAN1_IT0_IRQHandler
                0x08000a54                COMP1_2_3_IRQHandler
                0x08000a54                EXTI1_IRQHandler
                0x08000a54                TIM20_BRK_IRQHandler
                0x08000a54                I2C2_ER_IRQHandler
                0x08000a54                DMA1_Channel2_IRQHandler
                0x08000a54                TIM8_BRK_IRQHandler
                0x08000a54                FLASH_IRQHandler
                0x08000a54                TIM20_CC_IRQHandler
                0x08000a54                USART1_IRQHandler
                0x08000a54                SPI3_IRQHandler
                0x08000a54                I2C1_ER_IRQHandler
                0x08000a54                LPTIM1_IRQHandler
                0x08000a54                DMAMUX_OVR_IRQHandler
                0x08000a54                USBWakeUp_IRQHandler
                0x08000a54                SAI1_IRQHandler
                0x08000a54                DMA2_Channel3_IRQHandler
                0x08000a54                COMP4_IRQHandler
                0x08000a54                TIM1_BRK_TIM15_IRQHandler
 .text.HAL_Init
                0x08000a56       0x30 ./Drivers/STM32G4xx_HAL_Driver/Src/stm32g4xx_hal.o
                0x08000a56                HAL_Init
 *fill*         0x08000a86        0x2 
 .text.HAL_IncTick
                0x08000a88       0x24 ./Drivers/STM32G4xx_HAL_Driver/Src/stm32g4xx_hal.o
                0x08000a88                HAL_IncTick
 .text.HAL_GetTick
                0x08000aac       0x18 ./Drivers/STM32G4xx_HAL_Driver/Src/stm32g4xx_hal.o
                0x08000aac                HAL_GetTick
 .text.__NVIC_SetPriorityGrouping
                0x08000ac4       0x48 ./Drivers/STM32G4xx_HAL_Driver/Src/stm32g4xx_hal_cortex.o
 .text.__NVIC_GetPriorityGrouping
                0x08000b0c       0x1c ./Drivers/STM32G4xx_HAL_Driver/Src/stm32g4xx_hal_cortex.o
 .text.__NVIC_EnableIRQ
                0x08000b28       0x3c ./Drivers/STM32G4xx_HAL_Driver/Src/stm32g4xx_hal_cortex.o
 .text.__NVIC_SetPriority
                0x08000b64       0x54 ./Drivers/STM32G4xx_HAL_Driver/Src/stm32g4xx_hal_cortex.o
 .text.NVIC_EncodePriority
                0x08000bb8       0x66 ./Drivers/STM32G4xx_HAL_Driver/Src/stm32g4xx_hal_cortex.o
 .text.HAL_NVIC_SetPriorityGrouping
                0x08000c1e       0x16 ./Drivers/STM32G4xx_HAL_Driver/Src/stm32g4xx_hal_cortex.o
                0x08000c1e                HAL_NVIC_SetPriorityGrouping
 .text.HAL_NVIC_SetPriority
                0x08000c34       0x34 ./Drivers/STM32G4xx_HAL_Driver/Src/stm32g4xx_hal_cortex.o
                0x08000c34                HAL_NVIC_SetPriority
 .text.HAL_NVIC_EnableIRQ
                0x08000c68       0x1c ./Drivers/STM32G4xx_HAL_Driver/Src/stm32g4xx_hal_cortex.o
                0x08000c68                HAL_NVIC_EnableIRQ
 .text.HAL_CRC_Init
                0x08000c84       0xc8 ./Drivers/STM32G4xx_HAL_Driver/Src/stm32g4xx_hal_crc.o
                0x08000c84                HAL_CRC_Init
 .text.HAL_CRCEx_Polynomial_Set
                0x08000d4c      0x11c ./Drivers/STM32G4xx_HAL_Driver/Src/stm32g4xx_hal_crc_ex.o
                0x08000d4c                HAL_CRCEx_Polynomial_Set
 .text.HAL_PWREx_ControlVoltageScaling
                0x08000e68      0x148 ./Drivers/STM32G4xx_HAL_Driver/Src/stm32g4xx_hal_pwr_ex.o
                0x08000e68                HAL_PWREx_ControlVoltageScaling
 .text.HAL_PWREx_DisableUCPDDeadBattery
                0x08000fb0       0x20 ./Drivers/STM32G4xx_HAL_Driver/Src/stm32g4xx_hal_pwr_ex.o
                0x08000fb0                HAL_PWREx_DisableUCPDDeadBattery
 .text.HAL_RCC_OscConfig
                0x08000fd0      0x624 ./Drivers/STM32G4xx_HAL_Driver/Src/stm32g4xx_hal_rcc.o
                0x08000fd0                HAL_RCC_OscConfig
 .text.HAL_RCC_ClockConfig
                0x080015f4      0x278 ./Drivers/STM32G4xx_HAL_Driver/Src/stm32g4xx_hal_rcc.o
                0x080015f4                HAL_RCC_ClockConfig
 .text.HAL_RCC_GetSysClockFreq
                0x0800186c       0xc4 ./Drivers/STM32G4xx_HAL_Driver/Src/stm32g4xx_hal_rcc.o
                0x0800186c                HAL_RCC_GetSysClockFreq
 .text.HAL_RCC_GetHCLKFreq
                0x08001930       0x18 ./Drivers/STM32G4xx_HAL_Driver/Src/stm32g4xx_hal_rcc.o
                0x08001930                HAL_RCC_GetHCLKFreq
 .text.HAL_RCC_GetPCLK1Freq
                0x08001948       0x2c ./Drivers/STM32G4xx_HAL_Driver/Src/stm32g4xx_hal_rcc.o
                0x08001948                HAL_RCC_GetPCLK1Freq
 .text.HAL_RCC_GetClockConfig
                0x08001974       0x64 ./Drivers/STM32G4xx_HAL_Driver/Src/stm32g4xx_hal_rcc.o
                0x08001974                HAL_RCC_GetClockConfig
 .text.RCC_GetSysClockFreqFromPLLSource
                0x080019d8       0x8c ./Drivers/STM32G4xx_HAL_Driver/Src/stm32g4xx_hal_rcc.o
 .text.HAL_RCCEx_PeriphCLKConfig
                0x08001a64      0x478 ./Drivers/STM32G4xx_HAL_Driver/Src/stm32g4xx_hal_rcc_ex.o
                0x08001a64                HAL_RCCEx_PeriphCLKConfig
 .text.HAL_TIM_Base_Init
                0x08001edc       0xae ./Drivers/STM32G4xx_HAL_Driver/Src/stm32g4xx_hal_tim.o
                0x08001edc                HAL_TIM_Base_Init
 .text.HAL_TIM_Base_MspInit
                0x08001f8a       0x14 ./Drivers/STM32G4xx_HAL_Driver/Src/stm32g4xx_hal_tim.o
                0x08001f8a                HAL_TIM_Base_MspInit
 *fill*         0x08001f9e        0x2 
 .text.HAL_TIM_Base_Start_IT
                0x08001fa0       0xe0 ./Drivers/STM32G4xx_HAL_Driver/Src/stm32g4xx_hal_tim.o
                0x08001fa0                HAL_TIM_Base_Start_IT
 .text.HAL_TIM_IRQHandler
                0x08002080      0x29e ./Drivers/STM32G4xx_HAL_Driver/Src/stm32g4xx_hal_tim.o
                0x08002080                HAL_TIM_IRQHandler
 .text.HAL_TIM_OC_DelayElapsedCallback
                0x0800231e       0x14 ./Drivers/STM32G4xx_HAL_Driver/Src/stm32g4xx_hal_tim.o
                0x0800231e                HAL_TIM_OC_DelayElapsedCallback
 .text.HAL_TIM_IC_CaptureCallback
                0x08002332       0x14 ./Drivers/STM32G4xx_HAL_Driver/Src/stm32g4xx_hal_tim.o
                0x08002332                HAL_TIM_IC_CaptureCallback
 .text.HAL_TIM_PWM_PulseFinishedCallback
                0x08002346       0x14 ./Drivers/STM32G4xx_HAL_Driver/Src/stm32g4xx_hal_tim.o
                0x08002346                HAL_TIM_PWM_PulseFinishedCallback
 .text.HAL_TIM_TriggerCallback
                0x0800235a       0x14 ./Drivers/STM32G4xx_HAL_Driver/Src/stm32g4xx_hal_tim.o
                0x0800235a                HAL_TIM_TriggerCallback
 *fill*         0x0800236e        0x2 
 .text.TIM_Base_SetConfig
                0x08002370      0x154 ./Drivers/STM32G4xx_HAL_Driver/Src/stm32g4xx_hal_tim.o
                0x08002370                TIM_Base_SetConfig
 .text.HAL_TIMEx_CommutCallback
                0x080024c4       0x14 ./Drivers/STM32G4xx_HAL_Driver/Src/stm32g4xx_hal_tim_ex.o
                0x080024c4                HAL_TIMEx_CommutCallback
 .text.HAL_TIMEx_BreakCallback
                0x080024d8       0x14 ./Drivers/STM32G4xx_HAL_Driver/Src/stm32g4xx_hal_tim_ex.o
                0x080024d8                HAL_TIMEx_BreakCallback
 .text.HAL_TIMEx_Break2Callback
                0x080024ec       0x14 ./Drivers/STM32G4xx_HAL_Driver/Src/stm32g4xx_hal_tim_ex.o
                0x080024ec                HAL_TIMEx_Break2Callback
 .text.HAL_TIMEx_EncoderIndexCallback
                0x08002500       0x14 ./Drivers/STM32G4xx_HAL_Driver/Src/stm32g4xx_hal_tim_ex.o
                0x08002500                HAL_TIMEx_EncoderIndexCallback
 .text.HAL_TIMEx_DirectionChangeCallback
                0x08002514       0x14 ./Drivers/STM32G4xx_HAL_Driver/Src/stm32g4xx_hal_tim_ex.o
                0x08002514                HAL_TIMEx_DirectionChangeCallback
 .text.HAL_TIMEx_IndexErrorCallback
                0x08002528       0x14 ./Drivers/STM32G4xx_HAL_Driver/Src/stm32g4xx_hal_tim_ex.o
                0x08002528                HAL_TIMEx_IndexErrorCallback
 .text.HAL_TIMEx_TransitionErrorCallback
                0x0800253c       0x14 ./Drivers/STM32G4xx_HAL_Driver/Src/stm32g4xx_hal_tim_ex.o
                0x0800253c                HAL_TIMEx_TransitionErrorCallback
 .text.LL_GPIO_SetPinMode
                0x08002550       0x7a ./Drivers/STM32G4xx_HAL_Driver/Src/stm32g4xx_ll_gpio.o
 .text.LL_GPIO_SetPinOutputType
                0x080025ca       0x30 ./Drivers/STM32G4xx_HAL_Driver/Src/stm32g4xx_ll_gpio.o
 .text.LL_GPIO_SetPinSpeed
                0x080025fa       0x7a ./Drivers/STM32G4xx_HAL_Driver/Src/stm32g4xx_ll_gpio.o
 .text.LL_GPIO_SetPinPull
                0x08002674       0x7a ./Drivers/STM32G4xx_HAL_Driver/Src/stm32g4xx_ll_gpio.o
 .text.LL_GPIO_SetAFPin_0_7
                0x080026ee       0x7a ./Drivers/STM32G4xx_HAL_Driver/Src/stm32g4xx_ll_gpio.o
 .text.LL_GPIO_SetAFPin_8_15
                0x08002768       0x7e ./Drivers/STM32G4xx_HAL_Driver/Src/stm32g4xx_ll_gpio.o
 .text.LL_GPIO_Init
                0x080027e6       0xdc ./Drivers/STM32G4xx_HAL_Driver/Src/stm32g4xx_ll_gpio.o
                0x080027e6                LL_GPIO_Init
 *fill*         0x080028c2        0x2 
 .text.LL_RCC_HSI_IsReady
                0x080028c4       0x28 ./Drivers/STM32G4xx_HAL_Driver/Src/stm32g4xx_ll_rcc.o
 .text.LL_RCC_LSE_IsReady
                0x080028ec       0x28 ./Drivers/STM32G4xx_HAL_Driver/Src/stm32g4xx_ll_rcc.o
 .text.LL_RCC_GetSysClkSource
                0x08002914       0x1c ./Drivers/STM32G4xx_HAL_Driver/Src/stm32g4xx_ll_rcc.o
 .text.LL_RCC_GetAHBPrescaler
                0x08002930       0x1c ./Drivers/STM32G4xx_HAL_Driver/Src/stm32g4xx_ll_rcc.o
 .text.LL_RCC_GetAPB1Prescaler
                0x0800294c       0x1c ./Drivers/STM32G4xx_HAL_Driver/Src/stm32g4xx_ll_rcc.o
 .text.LL_RCC_GetAPB2Prescaler
                0x08002968       0x1c ./Drivers/STM32G4xx_HAL_Driver/Src/stm32g4xx_ll_rcc.o
 .text.LL_RCC_GetUSARTClockSource
                0x08002984       0x28 ./Drivers/STM32G4xx_HAL_Driver/Src/stm32g4xx_ll_rcc.o
 .text.LL_RCC_GetUARTClockSource
                0x080029ac       0x28 ./Drivers/STM32G4xx_HAL_Driver/Src/stm32g4xx_ll_rcc.o
 .text.LL_RCC_PLL_GetMainSource
                0x080029d4       0x1c ./Drivers/STM32G4xx_HAL_Driver/Src/stm32g4xx_ll_rcc.o
 .text.LL_RCC_PLL_GetN
                0x080029f0       0x1c ./Drivers/STM32G4xx_HAL_Driver/Src/stm32g4xx_ll_rcc.o
 .text.LL_RCC_PLL_GetR
                0x08002a0c       0x1c ./Drivers/STM32G4xx_HAL_Driver/Src/stm32g4xx_ll_rcc.o
 .text.LL_RCC_PLL_GetDivider
                0x08002a28       0x1c ./Drivers/STM32G4xx_HAL_Driver/Src/stm32g4xx_ll_rcc.o
 .text.LL_RCC_GetUSARTClockFreq
                0x08002a44      0x188 ./Drivers/STM32G4xx_HAL_Driver/Src/stm32g4xx_ll_rcc.o
                0x08002a44                LL_RCC_GetUSARTClockFreq
 .text.LL_RCC_GetUARTClockFreq
                0x08002bcc      0x10c ./Drivers/STM32G4xx_HAL_Driver/Src/stm32g4xx_ll_rcc.o
                0x08002bcc                LL_RCC_GetUARTClockFreq
 .text.RCC_GetSystemClockFreq
                0x08002cd8       0x4c ./Drivers/STM32G4xx_HAL_Driver/Src/stm32g4xx_ll_rcc.o
 .text.RCC_GetHCLKClockFreq
                0x08002d24       0x30 ./Drivers/STM32G4xx_HAL_Driver/Src/stm32g4xx_ll_rcc.o
 .text.RCC_GetPCLK1ClockFreq
                0x08002d54       0x2c ./Drivers/STM32G4xx_HAL_Driver/Src/stm32g4xx_ll_rcc.o
 .text.RCC_GetPCLK2ClockFreq
                0x08002d80       0x2c ./Drivers/STM32G4xx_HAL_Driver/Src/stm32g4xx_ll_rcc.o
 .text.RCC_PLL_GetFreqDomain_SYS
                0x08002dac       0x68 ./Drivers/STM32G4xx_HAL_Driver/Src/stm32g4xx_ll_rcc.o
 .text.LL_USART_IsEnabled
                0x08002e14       0x26 ./Drivers/STM32G4xx_HAL_Driver/Src/stm32g4xx_ll_usart.o
 .text.LL_USART_SetPrescaler
                0x08002e3a       0x28 ./Drivers/STM32G4xx_HAL_Driver/Src/stm32g4xx_ll_usart.o
 .text.LL_USART_SetStopBitsLength
                0x08002e62       0x26 ./Drivers/STM32G4xx_HAL_Driver/Src/stm32g4xx_ll_usart.o
 .text.LL_USART_SetHWFlowCtrl
                0x08002e88       0x26 ./Drivers/STM32G4xx_HAL_Driver/Src/stm32g4xx_ll_usart.o
 *fill*         0x08002eae        0x2 
 .text.LL_USART_SetBaudRate
                0x08002eb0       0xa0 ./Drivers/STM32G4xx_HAL_Driver/Src/stm32g4xx_ll_usart.o
 .text.LL_USART_Init
                0x08002f50      0x10c ./Drivers/STM32G4xx_HAL_Driver/Src/stm32g4xx_ll_usart.o
                0x08002f50                LL_USART_Init
 .text.MX_FATFS_Init
                0x0800305c       0x30 ./FATFS/App/app_fatfs.o
                0x0800305c                MX_FATFS_Init
 .text.USER_initialize
                0x0800308c       0x28 ./FATFS/Target/user_diskio.o
                0x0800308c                USER_initialize
 .text.USER_status
                0x080030b4       0x28 ./FATFS/Target/user_diskio.o
                0x080030b4                USER_status
 .text.USER_read
                0x080030dc       0x1e ./FATFS/Target/user_diskio.o
                0x080030dc                USER_read
 .text.USER_write
                0x080030fa       0x1e ./FATFS/Target/user_diskio.o
                0x080030fa                USER_write
 .text.USER_ioctl
                0x08003118       0x22 ./FATFS/Target/user_diskio.o
                0x08003118                USER_ioctl
 *fill*         0x0800313a        0x2 
 .text.FATFS_LinkDriverEx
                0x0800313c       0x98 ./Middlewares/Third_Party/FatFs/src/ff_gen_drv.o
                0x0800313c                FATFS_LinkDriverEx
 .text.FATFS_LinkDriver
                0x080031d4       0x1e ./Middlewares/Third_Party/FatFs/src/ff_gen_drv.o
                0x080031d4                FATFS_LinkDriver
 .text.makeFreeRtosPriority
                0x080031f2       0x30 ./Middlewares/Third_Party/FreeRTOS/Source/CMSIS_RTOS/cmsis_os.o
 .text.osKernelStart
                0x08003222        0xe ./Middlewares/Third_Party/FreeRTOS/Source/CMSIS_RTOS/cmsis_os.o
                0x08003222                osKernelStart
 .text.osThreadCreate
                0x08003230       0x4e ./Middlewares/Third_Party/FreeRTOS/Source/CMSIS_RTOS/cmsis_os.o
                0x08003230                osThreadCreate
 .text.osDelay  0x0800327e       0x28 ./Middlewares/Third_Party/FreeRTOS/Source/CMSIS_RTOS/cmsis_os.o
                0x0800327e                osDelay
 .text.vListInitialise
                0x080032a6       0x40 ./Middlewares/Third_Party/FreeRTOS/Source/list.o
                0x080032a6                vListInitialise
 .text.vListInitialiseItem
                0x080032e6       0x1a ./Middlewares/Third_Party/FreeRTOS/Source/list.o
                0x080032e6                vListInitialiseItem
 .text.vListInsertEnd
                0x08003300       0x48 ./Middlewares/Third_Party/FreeRTOS/Source/list.o
                0x08003300                vListInsertEnd
 .text.vListInsert
                0x08003348       0x72 ./Middlewares/Third_Party/FreeRTOS/Source/list.o
                0x08003348                vListInsert
 .text.uxListRemove
                0x080033ba       0x54 ./Middlewares/Third_Party/FreeRTOS/Source/list.o
                0x080033ba                uxListRemove
 *fill*         0x0800340e        0x2 
 .text.xQueueGenericReset
                0x08003410       0xd4 ./Middlewares/Third_Party/FreeRTOS/Source/queue.o
                0x08003410                xQueueGenericReset
 .text.xQueueGenericCreate
                0x080034e4       0x6e ./Middlewares/Third_Party/FreeRTOS/Source/queue.o
                0x080034e4                xQueueGenericCreate
 .text.prvInitialiseNewQueue
                0x08003552       0x3e ./Middlewares/Third_Party/FreeRTOS/Source/queue.o
 .text.xQueueGenericSend
                0x08003590      0x204 ./Middlewares/Third_Party/FreeRTOS/Source/queue.o
                0x08003590                xQueueGenericSend
 .text.xQueueGenericSendFromISR
                0x08003794      0x13c ./Middlewares/Third_Party/FreeRTOS/Source/queue.o
                0x08003794                xQueueGenericSendFromISR
 .text.xQueueReceive
                0x080038d0      0x1c4 ./Middlewares/Third_Party/FreeRTOS/Source/queue.o
                0x080038d0                xQueueReceive
 .text.prvCopyDataToQueue
                0x08003a94       0xd4 ./Middlewares/Third_Party/FreeRTOS/Source/queue.o
 .text.prvCopyDataFromQueue
                0x08003b68       0x4c ./Middlewares/Third_Party/FreeRTOS/Source/queue.o
 .text.prvUnlockQueue
                0x08003bb4       0xa4 ./Middlewares/Third_Party/FreeRTOS/Source/queue.o
 .text.prvIsQueueEmpty
                0x08003c58       0x2c ./Middlewares/Third_Party/FreeRTOS/Source/queue.o
 .text.prvIsQueueFull
                0x08003c84       0x30 ./Middlewares/Third_Party/FreeRTOS/Source/queue.o
 .text.vQueueAddToRegistry
                0x08003cb4       0x54 ./Middlewares/Third_Party/FreeRTOS/Source/queue.o
                0x08003cb4                vQueueAddToRegistry
 .text.vQueueWaitForMessageRestricted
                0x08003d08       0x68 ./Middlewares/Third_Party/FreeRTOS/Source/queue.o
                0x08003d08                vQueueWaitForMessageRestricted
 .text.xTaskCreate
                0x08003d70       0x82 ./Middlewares/Third_Party/FreeRTOS/Source/tasks.o
                0x08003d70                xTaskCreate
 *fill*         0x08003df2        0x2 
 .text.prvInitialiseNewTask
                0x08003df4      0x140 ./Middlewares/Third_Party/FreeRTOS/Source/tasks.o
 .text.prvAddNewTaskToReadyList
                0x08003f34       0xd4 ./Middlewares/Third_Party/FreeRTOS/Source/tasks.o
 .text.vTaskDelay
                0x08004008       0x6c ./Middlewares/Third_Party/FreeRTOS/Source/tasks.o
                0x08004008                vTaskDelay
 .text.vTaskStartScheduler
                0x08004074       0xb0 ./Middlewares/Third_Party/FreeRTOS/Source/tasks.o
                0x08004074                vTaskStartScheduler
 .text.vTaskSuspendAll
                0x08004124       0x1c ./Middlewares/Third_Party/FreeRTOS/Source/tasks.o
                0x08004124                vTaskSuspendAll
 .text.xTaskResumeAll
                0x08004140      0x13c ./Middlewares/Third_Party/FreeRTOS/Source/tasks.o
                0x08004140                xTaskResumeAll
 .text.xTaskGetTickCount
                0x0800427c       0x20 ./Middlewares/Third_Party/FreeRTOS/Source/tasks.o
                0x0800427c                xTaskGetTickCount
 .text.xTaskIncrementTick
                0x0800429c      0x174 ./Middlewares/Third_Party/FreeRTOS/Source/tasks.o
                0x0800429c                xTaskIncrementTick
 .text.vTaskSwitchContext
                0x08004410       0xc8 ./Middlewares/Third_Party/FreeRTOS/Source/tasks.o
                0x08004410                vTaskSwitchContext
 .text.vTaskPlaceOnEventList
                0x080044d8       0x4c ./Middlewares/Third_Party/FreeRTOS/Source/tasks.o
                0x080044d8                vTaskPlaceOnEventList
 .text.vTaskPlaceOnEventListRestricted
                0x08004524       0x58 ./Middlewares/Third_Party/FreeRTOS/Source/tasks.o
                0x08004524                vTaskPlaceOnEventListRestricted
 .text.xTaskRemoveFromEventList
                0x0800457c       0xc8 ./Middlewares/Third_Party/FreeRTOS/Source/tasks.o
                0x0800457c                xTaskRemoveFromEventList
 .text.vTaskInternalSetTimeOutState
                0x08004644       0x2c ./Middlewares/Third_Party/FreeRTOS/Source/tasks.o
                0x08004644                vTaskInternalSetTimeOutState
 .text.xTaskCheckForTimeOut
                0x08004670       0xc8 ./Middlewares/Third_Party/FreeRTOS/Source/tasks.o
                0x08004670                xTaskCheckForTimeOut
 .text.vTaskMissedYield
                0x08004738       0x18 ./Middlewares/Third_Party/FreeRTOS/Source/tasks.o
                0x08004738                vTaskMissedYield
 .text.prvIdleTask
                0x08004750       0x30 ./Middlewares/Third_Party/FreeRTOS/Source/tasks.o
 .text.prvInitialiseTaskLists
                0x08004780       0x80 ./Middlewares/Third_Party/FreeRTOS/Source/tasks.o
 .text.prvCheckTasksWaitingTermination
                0x08004800       0x5c ./Middlewares/Third_Party/FreeRTOS/Source/tasks.o
 .text.prvDeleteTCB
                0x0800485c       0x2a ./Middlewares/Third_Party/FreeRTOS/Source/tasks.o
 *fill*         0x08004886        0x2 
 .text.prvResetNextTaskUnblockTime
                0x08004888       0x40 ./Middlewares/Third_Party/FreeRTOS/Source/tasks.o
 .text.xTaskGetSchedulerState
                0x080048c8       0x3c ./Middlewares/Third_Party/FreeRTOS/Source/tasks.o
                0x080048c8                xTaskGetSchedulerState
 .text.xTaskPriorityDisinherit
                0x08004904      0x110 ./Middlewares/Third_Party/FreeRTOS/Source/tasks.o
                0x08004904                xTaskPriorityDisinherit
 .text.prvAddCurrentTaskToDelayedList
                0x08004a14       0xcc ./Middlewares/Third_Party/FreeRTOS/Source/tasks.o
 .text.xTimerCreateTimerTask
                0x08004ae0       0x68 ./Middlewares/Third_Party/FreeRTOS/Source/timers.o
                0x08004ae0                xTimerCreateTimerTask
 .text.xTimerGenericCommand
                0x08004b48       0x9c ./Middlewares/Third_Party/FreeRTOS/Source/timers.o
                0x08004b48                xTimerGenericCommand
 .text.prvProcessExpiredTimer
                0x08004be4       0x9c ./Middlewares/Third_Party/FreeRTOS/Source/timers.o
 .text.prvTimerTask
                0x08004c80       0x26 ./Middlewares/Third_Party/FreeRTOS/Source/timers.o
 *fill*         0x08004ca6        0x2 
 .text.prvProcessTimerOrBlockTask
                0x08004ca8       0x9c ./Middlewares/Third_Party/FreeRTOS/Source/timers.o
 .text.prvGetNextExpireTime
                0x08004d44       0x48 ./Middlewares/Third_Party/FreeRTOS/Source/timers.o
 .text.prvSampleTimeNow
                0x08004d8c       0x40 ./Middlewares/Third_Party/FreeRTOS/Source/timers.o
 .text.prvInsertTimerInActiveList
                0x08004dcc       0x84 ./Middlewares/Third_Party/FreeRTOS/Source/timers.o
 .text.prvProcessReceivedCommands
                0x08004e50      0x194 ./Middlewares/Third_Party/FreeRTOS/Source/timers.o
 .text.prvSwitchTimerLists
                0x08004fe4       0xcc ./Middlewares/Third_Party/FreeRTOS/Source/timers.o
 .text.prvCheckForValidListAndQueue
                0x080050b0       0x6c ./Middlewares/Third_Party/FreeRTOS/Source/timers.o
 .text.pxPortInitialiseStack
                0x0800511c       0x68 ./Middlewares/Third_Party/FreeRTOS/Source/portable/GCC/ARM_CM4F/port.o
                0x0800511c                pxPortInitialiseStack
 .text.prvTaskExitError
                0x08005184       0x5c ./Middlewares/Third_Party/FreeRTOS/Source/portable/GCC/ARM_CM4F/port.o
 .text.SVC_Handler
                0x080051e0       0x28 ./Middlewares/Third_Party/FreeRTOS/Source/portable/GCC/ARM_CM4F/port.o
                0x080051e0                SVC_Handler
 .text.prvPortStartFirstTask
                0x08005208       0x28 ./Middlewares/Third_Party/FreeRTOS/Source/portable/GCC/ARM_CM4F/port.o
 .text.xPortStartScheduler
                0x08005230      0x148 ./Middlewares/Third_Party/FreeRTOS/Source/portable/GCC/ARM_CM4F/port.o
                0x08005230                xPortStartScheduler
 .text.vPortEnterCritical
                0x08005378       0x64 ./Middlewares/Third_Party/FreeRTOS/Source/portable/GCC/ARM_CM4F/port.o
                0x08005378                vPortEnterCritical
 .text.vPortExitCritical
                0x080053dc       0x54 ./Middlewares/Third_Party/FreeRTOS/Source/portable/GCC/ARM_CM4F/port.o
                0x080053dc                vPortExitCritical
 .text.PendSV_Handler
                0x08005430       0x68 ./Middlewares/Third_Party/FreeRTOS/Source/portable/GCC/ARM_CM4F/port.o
                0x08005430                PendSV_Handler
 .text.SysTick_Handler
                0x08005498       0x44 ./Middlewares/Third_Party/FreeRTOS/Source/portable/GCC/ARM_CM4F/port.o
                0x08005498                SysTick_Handler
 .text.vPortSetupTimerInterrupt
                0x080054dc       0x48 ./Middlewares/Third_Party/FreeRTOS/Source/portable/GCC/ARM_CM4F/port.o
                0x080054dc                vPortSetupTimerInterrupt
 .text.vPortEnableVFP
                0x08005524       0x14 ./Middlewares/Third_Party/FreeRTOS/Source/portable/GCC/ARM_CM4F/port.o
 .text.vPortValidateInterruptPriority
                0x08005538       0x84 ./Middlewares/Third_Party/FreeRTOS/Source/portable/GCC/ARM_CM4F/port.o
                0x08005538                vPortValidateInterruptPriority
 .text.pvPortMalloc
                0x080055bc      0x19c ./Middlewares/Third_Party/FreeRTOS/Source/portable/MemMang/heap_4.o
                0x080055bc                pvPortMalloc
 .text.vPortFree
                0x08005758       0xc8 ./Middlewares/Third_Party/FreeRTOS/Source/portable/MemMang/heap_4.o
                0x08005758                vPortFree
 .text.prvHeapInit
                0x08005820       0xc4 ./Middlewares/Third_Party/FreeRTOS/Source/portable/MemMang/heap_4.o
 .text.prvInsertBlockIntoFreeList
                0x080058e4       0xb4 ./Middlewares/Third_Party/FreeRTOS/Source/portable/MemMang/heap_4.o
 .text.LL_USART_IsActiveFlag_PE
                0x08005998       0x26 ./SoarOS/Drivers/UARTDriver.o
 .text.LL_USART_IsActiveFlag_FE
                0x080059be       0x26 ./SoarOS/Drivers/UARTDriver.o
 .text.LL_USART_IsActiveFlag_NE
                0x080059e4       0x26 ./SoarOS/Drivers/UARTDriver.o
 .text.LL_USART_IsActiveFlag_ORE
                0x08005a0a       0x26 ./SoarOS/Drivers/UARTDriver.o
 .text.LL_USART_IsActiveFlag_RXNE_RXFNE
                0x08005a30       0x26 ./SoarOS/Drivers/UARTDriver.o
 .text.LL_USART_ReceiveData8
                0x08005a56       0x1a ./SoarOS/Drivers/UARTDriver.o
 .text._ZN10UARTDriver11GetRxErrorsEv
                0x08005a70       0x94 ./SoarOS/Drivers/UARTDriver.o
                0x08005a70                UARTDriver::GetRxErrors()
 .text._ZN10UARTDriver14HandleIRQ_UARTEv
                0x08005b04       0x66 ./SoarOS/Drivers/UARTDriver.o
                0x08005b04                UARTDriver::HandleIRQ_UART()
 .text.memset   0x08005b6a       0x10 C:/ST/STM32CubeIDE_1.19.0/STM32CubeIDE/plugins/com.st.stm32cube.ide.mcu.externaltools.gnu-tools-for-stm32.13.3.rel1.win32_1.0.0.202411081344/tools/bin/../lib/gcc/arm-none-eabi/13.3.1/../../../../arm-none-eabi/lib/thumb/v7e-m+fp/hard\libc_nano.a(libc_a-memset.o)
                0x08005b6a                memset
 *fill*         0x08005b7a        0x2 
 .text._reclaim_reent
                0x08005b7c       0xbc C:/ST/STM32CubeIDE_1.19.0/STM32CubeIDE/plugins/com.st.stm32cube.ide.mcu.externaltools.gnu-tools-for-stm32.13.3.rel1.win32_1.0.0.202411081344/tools/bin/../lib/gcc/arm-none-eabi/13.3.1/../../../../arm-none-eabi/lib/thumb/v7e-m+fp/hard\libc_nano.a(libc_a-reent.o)
                0x08005b7c                _reclaim_reent
 .text.__libc_init_array
                0x08005c38       0x48 C:/ST/STM32CubeIDE_1.19.0/STM32CubeIDE/plugins/com.st.stm32cube.ide.mcu.externaltools.gnu-tools-for-stm32.13.3.rel1.win32_1.0.0.202411081344/tools/bin/../lib/gcc/arm-none-eabi/13.3.1/../../../../arm-none-eabi/lib/thumb/v7e-m+fp/hard\libc_nano.a(libc_a-init.o)
                0x08005c38                __libc_init_array
 .text.__retarget_lock_acquire_recursive
                0x08005c80        0x2 C:/ST/STM32CubeIDE_1.19.0/STM32CubeIDE/plugins/com.st.stm32cube.ide.mcu.externaltools.gnu-tools-for-stm32.13.3.rel1.win32_1.0.0.202411081344/tools/bin/../lib/gcc/arm-none-eabi/13.3.1/../../../../arm-none-eabi/lib/thumb/v7e-m+fp/hard\libc_nano.a(libc_a-lock.o)
                0x08005c80                __retarget_lock_acquire_recursive
 .text.__retarget_lock_release_recursive
                0x08005c82        0x2 C:/ST/STM32CubeIDE_1.19.0/STM32CubeIDE/plugins/com.st.stm32cube.ide.mcu.externaltools.gnu-tools-for-stm32.13.3.rel1.win32_1.0.0.202411081344/tools/bin/../lib/gcc/arm-none-eabi/13.3.1/../../../../arm-none-eabi/lib/thumb/v7e-m+fp/hard\libc_nano.a(libc_a-lock.o)
                0x08005c82                __retarget_lock_release_recursive
 .text.memcpy   0x08005c84       0x1c C:/ST/STM32CubeIDE_1.19.0/STM32CubeIDE/plugins/com.st.stm32cube.ide.mcu.externaltools.gnu-tools-for-stm32.13.3.rel1.win32_1.0.0.202411081344/tools/bin/../lib/gcc/arm-none-eabi/13.3.1/../../../../arm-none-eabi/lib/thumb/v7e-m+fp/hard\libc_nano.a(libc_a-memcpy-stub.o)
                0x08005c84                memcpy
 .text._free_r  0x08005ca0       0x94 C:/ST/STM32CubeIDE_1.19.0/STM32CubeIDE/plugins/com.st.stm32cube.ide.mcu.externaltools.gnu-tools-for-stm32.13.3.rel1.win32_1.0.0.202411081344/tools/bin/../lib/gcc/arm-none-eabi/13.3.1/../../../../arm-none-eabi/lib/thumb/v7e-m+fp/hard\libc_nano.a(libc_a-freer.o)
                0x08005ca0                _free_r
 .text.__malloc_lock
                0x08005d34        0xc C:/ST/STM32CubeIDE_1.19.0/STM32CubeIDE/plugins/com.st.stm32cube.ide.mcu.externaltools.gnu-tools-for-stm32.13.3.rel1.win32_1.0.0.202411081344/tools/bin/../lib/gcc/arm-none-eabi/13.3.1/../../../../arm-none-eabi/lib/thumb/v7e-m+fp/hard\libc_nano.a(libc_a-mlock.o)
                0x08005d34                __malloc_lock
 .text.__malloc_unlock
                0x08005d40        0xc C:/ST/STM32CubeIDE_1.19.0/STM32CubeIDE/plugins/com.st.stm32cube.ide.mcu.externaltools.gnu-tools-for-stm32.13.3.rel1.win32_1.0.0.202411081344/tools/bin/../lib/gcc/arm-none-eabi/13.3.1/../../../../arm-none-eabi/lib/thumb/v7e-m+fp/hard\libc_nano.a(libc_a-mlock.o)
                0x08005d40                __malloc_unlock
 *(.glue_7)
 .glue_7        0x08005d4c        0x0 linker stubs
 *(.glue_7t)
 .glue_7t       0x08005d4c        0x0 linker stubs
 *(.eh_frame)
 .eh_frame      0x08005d4c        0x0 C:/ST/STM32CubeIDE_1.19.0/STM32CubeIDE/plugins/com.st.stm32cube.ide.mcu.externaltools.gnu-tools-for-stm32.13.3.rel1.win32_1.0.0.202411081344/tools/bin/../lib/gcc/arm-none-eabi/13.3.1/thumb/v7e-m+fp/hard/crtbegin.o
 *(.init)
 .init          0x08005d4c        0x4 C:/ST/STM32CubeIDE_1.19.0/STM32CubeIDE/plugins/com.st.stm32cube.ide.mcu.externaltools.gnu-tools-for-stm32.13.3.rel1.win32_1.0.0.202411081344/tools/bin/../lib/gcc/arm-none-eabi/13.3.1/thumb/v7e-m+fp/hard/crti.o
                0x08005d4c                _init
 .init          0x08005d50        0x8 C:/ST/STM32CubeIDE_1.19.0/STM32CubeIDE/plugins/com.st.stm32cube.ide.mcu.externaltools.gnu-tools-for-stm32.13.3.rel1.win32_1.0.0.202411081344/tools/bin/../lib/gcc/arm-none-eabi/13.3.1/thumb/v7e-m+fp/hard/crtn.o
 *(.fini)
 .fini          0x08005d58        0x4 C:/ST/STM32CubeIDE_1.19.0/STM32CubeIDE/plugins/com.st.stm32cube.ide.mcu.externaltools.gnu-tools-for-stm32.13.3.rel1.win32_1.0.0.202411081344/tools/bin/../lib/gcc/arm-none-eabi/13.3.1/thumb/v7e-m+fp/hard/crti.o
                0x08005d58                _fini
 .fini          0x08005d5c        0x8 C:/ST/STM32CubeIDE_1.19.0/STM32CubeIDE/plugins/com.st.stm32cube.ide.mcu.externaltools.gnu-tools-for-stm32.13.3.rel1.win32_1.0.0.202411081344/tools/bin/../lib/gcc/arm-none-eabi/13.3.1/thumb/v7e-m+fp/hard/crtn.o
                0x08005d64                        . = ALIGN (0x4)
                0x08005d64                        _etext = .

.vfp11_veneer   0x08005d64        0x0
 .vfp11_veneer  0x08005d64        0x0 linker stubs

.v4_bx          0x08005d64        0x0
 .v4_bx         0x08005d64        0x0 linker stubs

.iplt           0x08005d64        0x0
 .iplt          0x08005d64        0x0 C:/ST/STM32CubeIDE_1.19.0/STM32CubeIDE/plugins/com.st.stm32cube.ide.mcu.externaltools.gnu-tools-for-stm32.13.3.rel1.win32_1.0.0.202411081344/tools/bin/../lib/gcc/arm-none-eabi/13.3.1/thumb/v7e-m+fp/hard/crtbegin.o

.rodata         0x08005d64       0x80
                0x08005d64                        . = ALIGN (0x4)
 *(.rodata)
 .rodata        0x08005d64       0x20 ./Core/Src/main.o
 .rodata        0x08005d84        0x5 ./Middlewares/Third_Party/FreeRTOS/Source/tasks.o
 *fill*         0x08005d89        0x3 
 .rodata        0x08005d8c        0xd ./Middlewares/Third_Party/FreeRTOS/Source/timers.o
 *(.rodata*)
 *fill*         0x08005d99        0x3 
 .rodata.AHBPrescTable
                0x08005d9c       0x10 ./Core/Src/system_stm32g4xx.o
                0x08005d9c                AHBPrescTable
 .rodata.APBPrescTable
                0x08005dac        0x8 ./Core/Src/system_stm32g4xx.o
                0x08005dac                APBPrescTable
 .rodata.USART_PRESCALER_TAB
                0x08005db4       0x30 ./Drivers/STM32G4xx_HAL_Driver/Src/stm32g4xx_ll_usart.o
                0x08005de4                        . = ALIGN (0x4)

.ARM.extab      0x08005de4        0x0
                0x08005de4                        . = ALIGN (0x4)
 *(.ARM.extab* .gnu.linkonce.armextab.*)
                0x08005de4                        . = ALIGN (0x4)

.ARM            0x08005de4        0x0
                0x08005de4                        . = ALIGN (0x4)
                0x08005de4                        __exidx_start = .
 *(.ARM.exidx*)
                0x08005de4                        __exidx_end = .
                0x08005de4                        . = ALIGN (0x4)

.preinit_array  0x08005de4        0x0
                0x08005de4                        . = ALIGN (0x4)
                0x08005de4                        PROVIDE (__preinit_array_start = .)
 *(.preinit_array*)
                0x08005de4                        PROVIDE (__preinit_array_end = .)
                0x08005de4                        . = ALIGN (0x4)

.init_array     0x08005de4        0x8
                0x08005de4                        . = ALIGN (0x4)
                0x08005de4                        PROVIDE (__init_array_start = .)
 *(SORT_BY_NAME(.init_array.*))
 *(.init_array*)
 .init_array    0x08005de4        0x4 C:/ST/STM32CubeIDE_1.19.0/STM32CubeIDE/plugins/com.st.stm32cube.ide.mcu.externaltools.gnu-tools-for-stm32.13.3.rel1.win32_1.0.0.202411081344/tools/bin/../lib/gcc/arm-none-eabi/13.3.1/thumb/v7e-m+fp/hard/crtbegin.o
 .init_array    0x08005de8        0x4 ./Components/main_avionics.o
                0x08005dec                        PROVIDE (__init_array_end = .)
                0x08005dec                        . = ALIGN (0x4)

.fini_array     0x08005dec        0x4
                0x08005dec                        . = ALIGN (0x4)
                [!provide]                        PROVIDE (__fini_array_start = .)
 *(SORT_BY_NAME(.fini_array.*))
 *(.fini_array*)
 .fini_array    0x08005dec        0x4 C:/ST/STM32CubeIDE_1.19.0/STM32CubeIDE/plugins/com.st.stm32cube.ide.mcu.externaltools.gnu-tools-for-stm32.13.3.rel1.win32_1.0.0.202411081344/tools/bin/../lib/gcc/arm-none-eabi/13.3.1/thumb/v7e-m+fp/hard/crtbegin.o
                [!provide]                        PROVIDE (__fini_array_end = .)
                0x08005df0                        . = ALIGN (0x4)
                0x08005df0                        _sidata = LOADADDR (.data)

.rel.dyn        0x08005df0        0x0
 .rel.iplt      0x08005df0        0x0 C:/ST/STM32CubeIDE_1.19.0/STM32CubeIDE/plugins/com.st.stm32cube.ide.mcu.externaltools.gnu-tools-for-stm32.13.3.rel1.win32_1.0.0.202411081344/tools/bin/../lib/gcc/arm-none-eabi/13.3.1/thumb/v7e-m+fp/hard/crtbegin.o

.data           0x20000000       0x78 load address 0x08005df0
                0x20000000                        . = ALIGN (0x4)
                0x20000000                        _sdata = .
 *(.data)
 *(.data*)
 .data.SystemCoreClock
                0x20000000        0x4 ./Core/Src/system_stm32g4xx.o
                0x20000000                SystemCoreClock
 .data.uwTickPrio
                0x20000004        0x4 ./Drivers/STM32G4xx_HAL_Driver/Src/stm32g4xx_hal.o
                0x20000004                uwTickPrio
 .data.uwTickFreq
                0x20000008        0x4 ./Drivers/STM32G4xx_HAL_Driver/Src/stm32g4xx_hal.o
                0x20000008                uwTickFreq
 .data.Stat     0x2000000c        0x1 ./FATFS/Target/user_diskio.o
 *fill*         0x2000000d        0x3 
 .data.USER_Driver
                0x20000010       0x14 ./FATFS/Target/user_diskio.o
                0x20000010                USER_Driver
 .data.uxCriticalNesting
                0x20000024        0x4 ./Middlewares/Third_Party/FreeRTOS/Source/portable/GCC/ARM_CM4F/port.o
 .data._impure_ptr
                0x20000028        0x4 C:/ST/STM32CubeIDE_1.19.0/STM32CubeIDE/plugins/com.st.stm32cube.ide.mcu.externaltools.gnu-tools-for-stm32.13.3.rel1.win32_1.0.0.202411081344/tools/bin/../lib/gcc/arm-none-eabi/13.3.1/../../../../arm-none-eabi/lib/thumb/v7e-m+fp/hard\libc_nano.a(libc_a-impure.o)
                0x20000028                _impure_ptr
 .data._impure_data
                0x2000002c       0x4c C:/ST/STM32CubeIDE_1.19.0/STM32CubeIDE/plugins/com.st.stm32cube.ide.mcu.externaltools.gnu-tools-for-stm32.13.3.rel1.win32_1.0.0.202411081344/tools/bin/../lib/gcc/arm-none-eabi/13.3.1/../../../../arm-none-eabi/lib/thumb/v7e-m+fp/hard\libc_nano.a(libc_a-impure.o)
                0x2000002c                _impure_data
 *(.RamFunc)
 *(.RamFunc*)
                0x20000078                        . = ALIGN (0x4)
                0x20000078                        _edata = .

.igot.plt       0x20000078        0x0 load address 0x08005e68
 .igot.plt      0x20000078        0x0 C:/ST/STM32CubeIDE_1.19.0/STM32CubeIDE/plugins/com.st.stm32cube.ide.mcu.externaltools.gnu-tools-for-stm32.13.3.rel1.win32_1.0.0.202411081344/tools/bin/../lib/gcc/arm-none-eabi/13.3.1/thumb/v7e-m+fp/hard/crtbegin.o
                0x20000078                        . = ALIGN (0x4)

.bss            0x20000078     0xa004 load address 0x08005e68
                0x20000078                        _sbss = .
                0x20000078                        __bss_start__ = _sbss
 *(.bss)
 .bss           0x20000078       0x1c C:/ST/STM32CubeIDE_1.19.0/STM32CubeIDE/plugins/com.st.stm32cube.ide.mcu.externaltools.gnu-tools-for-stm32.13.3.rel1.win32_1.0.0.202411081344/tools/bin/../lib/gcc/arm-none-eabi/13.3.1/thumb/v7e-m+fp/hard/crtbegin.o
 *(.bss*)
 .bss._ZN6Driver6usart2E
                0x20000094        0xc ./Components/main_avionics.o
                0x20000094                Driver::usart2
 .bss.hcrc      0x200000a0       0x24 ./Core/Src/main.o
                0x200000a0                hcrc
 .bss.defaultTaskHandle
                0x200000c4        0x4 ./Core/Src/main.o
                0x200000c4                defaultTaskHandle
 .bss.htim2     0x200000c8       0x4c ./Core/Src/stm32g4xx_hal_timebase_tim.o
                0x200000c8                htim2
 .bss.uwTick    0x20000114        0x4 ./Drivers/STM32G4xx_HAL_Driver/Src/stm32g4xx_hal.o
                0x20000114                uwTick
 .bss.USERPath  0x20000118        0x4 ./FATFS/App/app_fatfs.o
                0x20000118                USERPath
 .bss.Appli_state
                0x2000011c        0x1 ./FATFS/App/app_fatfs.o
                0x2000011c                Appli_state
 *fill*         0x2000011d        0x3 
 .bss.disk      0x20000120        0xc ./Middlewares/Third_Party/FatFs/src/ff_gen_drv.o
                0x20000120                disk
 .bss.xQueueRegistry
                0x2000012c       0x40 ./Middlewares/Third_Party/FreeRTOS/Source/queue.o
                0x2000012c                xQueueRegistry
 .bss.pxCurrentTCB
                0x2000016c        0x4 ./Middlewares/Third_Party/FreeRTOS/Source/tasks.o
                0x2000016c                pxCurrentTCB
 .bss.pxReadyTasksLists
                0x20000170       0x8c ./Middlewares/Third_Party/FreeRTOS/Source/tasks.o
 .bss.xDelayedTaskList1
                0x200001fc       0x14 ./Middlewares/Third_Party/FreeRTOS/Source/tasks.o
 .bss.xDelayedTaskList2
                0x20000210       0x14 ./Middlewares/Third_Party/FreeRTOS/Source/tasks.o
 .bss.pxDelayedTaskList
                0x20000224        0x4 ./Middlewares/Third_Party/FreeRTOS/Source/tasks.o
 .bss.pxOverflowDelayedTaskList
                0x20000228        0x4 ./Middlewares/Third_Party/FreeRTOS/Source/tasks.o
 .bss.xPendingReadyList
                0x2000022c       0x14 ./Middlewares/Third_Party/FreeRTOS/Source/tasks.o
 .bss.xTasksWaitingTermination
                0x20000240       0x14 ./Middlewares/Third_Party/FreeRTOS/Source/tasks.o
 .bss.uxDeletedTasksWaitingCleanUp
                0x20000254        0x4 ./Middlewares/Third_Party/FreeRTOS/Source/tasks.o
 .bss.xSuspendedTaskList
                0x20000258       0x14 ./Middlewares/Third_Party/FreeRTOS/Source/tasks.o
 .bss.uxCurrentNumberOfTasks
                0x2000026c        0x4 ./Middlewares/Third_Party/FreeRTOS/Source/tasks.o
 .bss.xTickCount
                0x20000270        0x4 ./Middlewares/Third_Party/FreeRTOS/Source/tasks.o
 .bss.uxTopReadyPriority
                0x20000274        0x4 ./Middlewares/Third_Party/FreeRTOS/Source/tasks.o
 .bss.xSchedulerRunning
                0x20000278        0x4 ./Middlewares/Third_Party/FreeRTOS/Source/tasks.o
 .bss.xPendedTicks
                0x2000027c        0x4 ./Middlewares/Third_Party/FreeRTOS/Source/tasks.o
 .bss.xYieldPending
                0x20000280        0x4 ./Middlewares/Third_Party/FreeRTOS/Source/tasks.o
 .bss.xNumOfOverflows
                0x20000284        0x4 ./Middlewares/Third_Party/FreeRTOS/Source/tasks.o
 .bss.uxTaskNumber
                0x20000288        0x4 ./Middlewares/Third_Party/FreeRTOS/Source/tasks.o
 .bss.xNextTaskUnblockTime
                0x2000028c        0x4 ./Middlewares/Third_Party/FreeRTOS/Source/tasks.o
 .bss.xIdleTaskHandle
                0x20000290        0x4 ./Middlewares/Third_Party/FreeRTOS/Source/tasks.o
 .bss.uxSchedulerSuspended
                0x20000294        0x4 ./Middlewares/Third_Party/FreeRTOS/Source/tasks.o
 .bss.xActiveTimerList1
                0x20000298       0x14 ./Middlewares/Third_Party/FreeRTOS/Source/timers.o
 .bss.xActiveTimerList2
                0x200002ac       0x14 ./Middlewares/Third_Party/FreeRTOS/Source/timers.o
 .bss.pxCurrentTimerList
                0x200002c0        0x4 ./Middlewares/Third_Party/FreeRTOS/Source/timers.o
 .bss.pxOverflowTimerList
                0x200002c4        0x4 ./Middlewares/Third_Party/FreeRTOS/Source/timers.o
 .bss.xTimerQueue
                0x200002c8        0x4 ./Middlewares/Third_Party/FreeRTOS/Source/timers.o
 .bss.xTimerTaskHandle
                0x200002cc        0x4 ./Middlewares/Third_Party/FreeRTOS/Source/timers.o
 .bss.xLastTime.0
                0x200002d0        0x4 ./Middlewares/Third_Party/FreeRTOS/Source/timers.o
 .bss.ucMaxSysCallPriority
                0x200002d4        0x1 ./Middlewares/Third_Party/FreeRTOS/Source/portable/GCC/ARM_CM4F/port.o
 *fill*         0x200002d5        0x3 
 .bss.ulMaxPRIGROUPValue
                0x200002d8        0x4 ./Middlewares/Third_Party/FreeRTOS/Source/portable/GCC/ARM_CM4F/port.o
 .bss.ucHeap    0x200002dc     0x9c40 ./Middlewares/Third_Party/FreeRTOS/Source/portable/MemMang/heap_4.o
 .bss.xStart    0x20009f1c        0x8 ./Middlewares/Third_Party/FreeRTOS/Source/portable/MemMang/heap_4.o
 .bss.pxEnd     0x20009f24        0x4 ./Middlewares/Third_Party/FreeRTOS/Source/portable/MemMang/heap_4.o
 .bss.xFreeBytesRemaining
                0x20009f28        0x4 ./Middlewares/Third_Party/FreeRTOS/Source/portable/MemMang/heap_4.o
 .bss.xMinimumEverFreeBytesRemaining
                0x20009f2c        0x4 ./Middlewares/Third_Party/FreeRTOS/Source/portable/MemMang/heap_4.o
 .bss.xNumberOfSuccessfulAllocations
                0x20009f30        0x4 ./Middlewares/Third_Party/FreeRTOS/Source/portable/MemMang/heap_4.o
 .bss.xNumberOfSuccessfulFrees
                0x20009f34        0x4 ./Middlewares/Third_Party/FreeRTOS/Source/portable/MemMang/heap_4.o
 .bss.xBlockAllocatedBit
                0x20009f38        0x4 ./Middlewares/Third_Party/FreeRTOS/Source/portable/MemMang/heap_4.o
 .bss.__sf      0x20009f3c      0x138 C:/ST/STM32CubeIDE_1.19.0/STM32CubeIDE/plugins/com.st.stm32cube.ide.mcu.externaltools.gnu-tools-for-stm32.13.3.rel1.win32_1.0.0.202411081344/tools/bin/../lib/gcc/arm-none-eabi/13.3.1/../../../../arm-none-eabi/lib/thumb/v7e-m+fp/hard\libc_nano.a(libc_a-findfp.o)
                0x20009f3c                __sf
 .bss.__lock___malloc_recursive_mutex
                0x2000a074        0x1 C:/ST/STM32CubeIDE_1.19.0/STM32CubeIDE/plugins/com.st.stm32cube.ide.mcu.externaltools.gnu-tools-for-stm32.13.3.rel1.win32_1.0.0.202411081344/tools/bin/../lib/gcc/arm-none-eabi/13.3.1/../../../../arm-none-eabi/lib/thumb/v7e-m+fp/hard\libc_nano.a(libc_a-lock.o)
                0x2000a074                __lock___malloc_recursive_mutex
 *fill*         0x2000a075        0x3 
 .bss.__malloc_free_list
                0x2000a078        0x4 C:/ST/STM32CubeIDE_1.19.0/STM32CubeIDE/plugins/com.st.stm32cube.ide.mcu.externaltools.gnu-tools-for-stm32.13.3.rel1.win32_1.0.0.202411081344/tools/bin/../lib/gcc/arm-none-eabi/13.3.1/../../../../arm-none-eabi/lib/thumb/v7e-m+fp/hard\libc_nano.a(libc_a-mallocr.o)
                0x2000a078                __malloc_free_list
 *(COMMON)
                0x2000a07c                        . = ALIGN (0x4)
                0x2000a07c                        _ebss = .
                0x2000a07c                        __bss_end__ = _ebss

._user_heap_stack
                0x2000a07c      0x604 load address 0x08005e68
                0x2000a080                        . = ALIGN (0x8)
 *fill*         0x2000a07c        0x4 
                [!provide]                        PROVIDE (end = .)
                0x2000a080                        PROVIDE (_end = .)
                0x2000a280                        . = (. + _Min_Heap_Size)
 *fill*         0x2000a080      0x200 
                0x2000a680                        . = (. + _Min_Stack_Size)
 *fill*         0x2000a280      0x400 
                0x2000a680                        . = ALIGN (0x8)

/DISCARD/
 libc.a(*)
 libm.a(*)
 libgcc.a(*)

.ARM.attributes
                0x00000000       0x30
 *(.ARM.attributes)
 .ARM.attributes
                0x00000000       0x22 C:/ST/STM32CubeIDE_1.19.0/STM32CubeIDE/plugins/com.st.stm32cube.ide.mcu.externaltools.gnu-tools-for-stm32.13.3.rel1.win32_1.0.0.202411081344/tools/bin/../lib/gcc/arm-none-eabi/13.3.1/thumb/v7e-m+fp/hard/crti.o
 .ARM.attributes
                0x00000022       0x34 C:/ST/STM32CubeIDE_1.19.0/STM32CubeIDE/plugins/com.st.stm32cube.ide.mcu.externaltools.gnu-tools-for-stm32.13.3.rel1.win32_1.0.0.202411081344/tools/bin/../lib/gcc/arm-none-eabi/13.3.1/thumb/v7e-m+fp/hard/crtbegin.o
 .ARM.attributes
                0x00000056       0x34 ./Components/SysCore/RunInterface.o
 .ARM.attributes
                0x0000008a       0x34 ./Components/main_avionics.o
 .ARM.attributes
                0x000000be       0x34 ./Core/Src/main.o
 .ARM.attributes
                0x000000f2       0x34 ./Core/Src/stm32g4xx_hal_msp.o
 .ARM.attributes
                0x00000126       0x34 ./Core/Src/stm32g4xx_hal_timebase_tim.o
 .ARM.attributes
                0x0000015a       0x34 ./Core/Src/stm32g4xx_it.o
 .ARM.attributes
                0x0000018e       0x34 ./Core/Src/system_stm32g4xx.o
 .ARM.attributes
                0x000001c2       0x21 ./Core/Startup/startup_stm32g491metx.o
 .ARM.attributes
                0x000001e3       0x34 ./Drivers/STM32G4xx_HAL_Driver/Src/stm32g4xx_hal.o
 .ARM.attributes
                0x00000217       0x34 ./Drivers/STM32G4xx_HAL_Driver/Src/stm32g4xx_hal_cortex.o
 .ARM.attributes
                0x0000024b       0x34 ./Drivers/STM32G4xx_HAL_Driver/Src/stm32g4xx_hal_crc.o
 .ARM.attributes
                0x0000027f       0x34 ./Drivers/STM32G4xx_HAL_Driver/Src/stm32g4xx_hal_crc_ex.o
 .ARM.attributes
                0x000002b3       0x34 ./Drivers/STM32G4xx_HAL_Driver/Src/stm32g4xx_hal_pwr_ex.o
 .ARM.attributes
                0x000002e7       0x34 ./Drivers/STM32G4xx_HAL_Driver/Src/stm32g4xx_hal_rcc.o
 .ARM.attributes
                0x0000031b       0x34 ./Drivers/STM32G4xx_HAL_Driver/Src/stm32g4xx_hal_rcc_ex.o
 .ARM.attributes
                0x0000034f       0x34 ./Drivers/STM32G4xx_HAL_Driver/Src/stm32g4xx_hal_tim.o
 .ARM.attributes
                0x00000383       0x34 ./Drivers/STM32G4xx_HAL_Driver/Src/stm32g4xx_hal_tim_ex.o
 .ARM.attributes
                0x000003b7       0x34 ./Drivers/STM32G4xx_HAL_Driver/Src/stm32g4xx_ll_gpio.o
 .ARM.attributes
                0x000003eb       0x34 ./Drivers/STM32G4xx_HAL_Driver/Src/stm32g4xx_ll_rcc.o
 .ARM.attributes
                0x0000041f       0x34 ./Drivers/STM32G4xx_HAL_Driver/Src/stm32g4xx_ll_usart.o
 .ARM.attributes
                0x00000453       0x34 ./FATFS/App/app_fatfs.o
 .ARM.attributes
                0x00000487       0x34 ./FATFS/Target/user_diskio.o
 .ARM.attributes
                0x000004bb       0x34 ./Middlewares/Third_Party/FatFs/src/ff_gen_drv.o
 .ARM.attributes
                0x000004ef       0x34 ./Middlewares/Third_Party/FreeRTOS/Source/CMSIS_RTOS/cmsis_os.o
 .ARM.attributes
                0x00000523       0x34 ./Middlewares/Third_Party/FreeRTOS/Source/list.o
 .ARM.attributes
                0x00000557       0x34 ./Middlewares/Third_Party/FreeRTOS/Source/queue.o
 .ARM.attributes
                0x0000058b       0x34 ./Middlewares/Third_Party/FreeRTOS/Source/tasks.o
 .ARM.attributes
                0x000005bf       0x34 ./Middlewares/Third_Party/FreeRTOS/Source/timers.o
 .ARM.attributes
                0x000005f3       0x34 ./Middlewares/Third_Party/FreeRTOS/Source/portable/GCC/ARM_CM4F/port.o
 .ARM.attributes
                0x00000627       0x34 ./Middlewares/Third_Party/FreeRTOS/Source/portable/MemMang/heap_4.o
 .ARM.attributes
                0x0000065b       0x34 ./SoarOS/Drivers/UARTDriver.o
 .ARM.attributes
                0x0000068f       0x34 C:/ST/STM32CubeIDE_1.19.0/STM32CubeIDE/plugins/com.st.stm32cube.ide.mcu.externaltools.gnu-tools-for-stm32.13.3.rel1.win32_1.0.0.202411081344/tools/bin/../lib/gcc/arm-none-eabi/13.3.1/../../../../arm-none-eabi/lib/thumb/v7e-m+fp/hard\libc_nano.a(libc_a-findfp.o)
 .ARM.attributes
                0x000006c3       0x34 C:/ST/STM32CubeIDE_1.19.0/STM32CubeIDE/plugins/com.st.stm32cube.ide.mcu.externaltools.gnu-tools-for-stm32.13.3.rel1.win32_1.0.0.202411081344/tools/bin/../lib/gcc/arm-none-eabi/13.3.1/../../../../arm-none-eabi/lib/thumb/v7e-m+fp/hard\libc_nano.a(libc_a-memset.o)
 .ARM.attributes
                0x000006f7       0x34 C:/ST/STM32CubeIDE_1.19.0/STM32CubeIDE/plugins/com.st.stm32cube.ide.mcu.externaltools.gnu-tools-for-stm32.13.3.rel1.win32_1.0.0.202411081344/tools/bin/../lib/gcc/arm-none-eabi/13.3.1/../../../../arm-none-eabi/lib/thumb/v7e-m+fp/hard\libc_nano.a(libc_a-reent.o)
 .ARM.attributes
                0x0000072b       0x34 C:/ST/STM32CubeIDE_1.19.0/STM32CubeIDE/plugins/com.st.stm32cube.ide.mcu.externaltools.gnu-tools-for-stm32.13.3.rel1.win32_1.0.0.202411081344/tools/bin/../lib/gcc/arm-none-eabi/13.3.1/../../../../arm-none-eabi/lib/thumb/v7e-m+fp/hard\libc_nano.a(libc_a-impure.o)
 .ARM.attributes
                0x0000075f       0x34 C:/ST/STM32CubeIDE_1.19.0/STM32CubeIDE/plugins/com.st.stm32cube.ide.mcu.externaltools.gnu-tools-for-stm32.13.3.rel1.win32_1.0.0.202411081344/tools/bin/../lib/gcc/arm-none-eabi/13.3.1/../../../../arm-none-eabi/lib/thumb/v7e-m+fp/hard\libc_nano.a(libc_a-init.o)
 .ARM.attributes
                0x00000793       0x34 C:/ST/STM32CubeIDE_1.19.0/STM32CubeIDE/plugins/com.st.stm32cube.ide.mcu.externaltools.gnu-tools-for-stm32.13.3.rel1.win32_1.0.0.202411081344/tools/bin/../lib/gcc/arm-none-eabi/13.3.1/../../../../arm-none-eabi/lib/thumb/v7e-m+fp/hard\libc_nano.a(libc_a-lock.o)
 .ARM.attributes
                0x000007c7       0x34 C:/ST/STM32CubeIDE_1.19.0/STM32CubeIDE/plugins/com.st.stm32cube.ide.mcu.externaltools.gnu-tools-for-stm32.13.3.rel1.win32_1.0.0.202411081344/tools/bin/../lib/gcc/arm-none-eabi/13.3.1/../../../../arm-none-eabi/lib/thumb/v7e-m+fp/hard\libc_nano.a(libc_a-memcpy-stub.o)
 .ARM.attributes
                0x000007fb       0x34 C:/ST/STM32CubeIDE_1.19.0/STM32CubeIDE/plugins/com.st.stm32cube.ide.mcu.externaltools.gnu-tools-for-stm32.13.3.rel1.win32_1.0.0.202411081344/tools/bin/../lib/gcc/arm-none-eabi/13.3.1/../../../../arm-none-eabi/lib/thumb/v7e-m+fp/hard\libc_nano.a(libc_a-freer.o)
 .ARM.attributes
                0x0000082f       0x34 C:/ST/STM32CubeIDE_1.19.0/STM32CubeIDE/plugins/com.st.stm32cube.ide.mcu.externaltools.gnu-tools-for-stm32.13.3.rel1.win32_1.0.0.202411081344/tools/bin/../lib/gcc/arm-none-eabi/13.3.1/../../../../arm-none-eabi/lib/thumb/v7e-m+fp/hard\libc_nano.a(libc_a-mallocr.o)
 .ARM.attributes
                0x00000863       0x34 C:/ST/STM32CubeIDE_1.19.0/STM32CubeIDE/plugins/com.st.stm32cube.ide.mcu.externaltools.gnu-tools-for-stm32.13.3.rel1.win32_1.0.0.202411081344/tools/bin/../lib/gcc/arm-none-eabi/13.3.1/../../../../arm-none-eabi/lib/thumb/v7e-m+fp/hard\libc_nano.a(libc_a-mlock.o)
 .ARM.attributes
                0x00000897       0x22 C:/ST/STM32CubeIDE_1.19.0/STM32CubeIDE/plugins/com.st.stm32cube.ide.mcu.externaltools.gnu-tools-for-stm32.13.3.rel1.win32_1.0.0.202411081344/tools/bin/../lib/gcc/arm-none-eabi/13.3.1/thumb/v7e-m+fp/hard/crtn.o
OUTPUT(STM32G491METemplateRepository.elf elf32-littlearm)
LOAD linker stubs
LOAD C:/ST/STM32CubeIDE_1.19.0/STM32CubeIDE/plugins/com.st.stm32cube.ide.mcu.externaltools.gnu-tools-for-stm32.13.3.rel1.win32_1.0.0.202411081344/tools/bin/../lib/gcc/arm-none-eabi/13.3.1/../../../../arm-none-eabi/lib/thumb/v7e-m+fp/hard\libc.a
LOAD C:/ST/STM32CubeIDE_1.19.0/STM32CubeIDE/plugins/com.st.stm32cube.ide.mcu.externaltools.gnu-tools-for-stm32.13.3.rel1.win32_1.0.0.202411081344/tools/bin/../lib/gcc/arm-none-eabi/13.3.1/../../../../arm-none-eabi/lib/thumb/v7e-m+fp/hard\libm.a
LOAD C:/ST/STM32CubeIDE_1.19.0/STM32CubeIDE/plugins/com.st.stm32cube.ide.mcu.externaltools.gnu-tools-for-stm32.13.3.rel1.win32_1.0.0.202411081344/tools/bin/../lib/gcc/arm-none-eabi/13.3.1/thumb/v7e-m+fp/hard\libgcc.a

.debug_info     0x00000000    0x1a47e
 .debug_info    0x00000000     0x1429 ./Components/SysCore/RunInterface.o
 .debug_info    0x00001429     0x1836 ./Components/main_avionics.o
 .debug_info    0x00002c5f     0x1e59 ./Core/Src/main.o
 .debug_info    0x00004ab8      0x780 ./Core/Src/stm32g4xx_hal_msp.o
 .debug_info    0x00005238      0xe08 ./Core/Src/stm32g4xx_hal_timebase_tim.o
 .debug_info    0x00006040      0x8c9 ./Core/Src/stm32g4xx_it.o
 .debug_info    0x00006909      0x58a ./Core/Src/system_stm32g4xx.o
 .debug_info    0x00006e93       0x30 ./Core/Startup/startup_stm32g491metx.o
 .debug_info    0x00006ec3      0xb25 ./Drivers/STM32G4xx_HAL_Driver/Src/stm32g4xx_hal.o
 .debug_info    0x000079e8      0xd89 ./Drivers/STM32G4xx_HAL_Driver/Src/stm32g4xx_hal_cortex.o
 .debug_info    0x00008771      0x50f ./Drivers/STM32G4xx_HAL_Driver/Src/stm32g4xx_hal_crc.o
 .debug_info    0x00008c80      0x322 ./Drivers/STM32G4xx_HAL_Driver/Src/stm32g4xx_hal_crc_ex.o
 .debug_info    0x00008fa2      0x93b ./Drivers/STM32G4xx_HAL_Driver/Src/stm32g4xx_hal_pwr_ex.o
 .debug_info    0x000098dd      0xb7e ./Drivers/STM32G4xx_HAL_Driver/Src/stm32g4xx_hal_rcc.o
 .debug_info    0x0000a45b      0xc35 ./Drivers/STM32G4xx_HAL_Driver/Src/stm32g4xx_hal_rcc_ex.o
 .debug_info    0x0000b090     0x2c4e ./Drivers/STM32G4xx_HAL_Driver/Src/stm32g4xx_hal_tim.o
 .debug_info    0x0000dcde     0x1d91 ./Drivers/STM32G4xx_HAL_Driver/Src/stm32g4xx_hal_tim_ex.o
 .debug_info    0x0000fa6f      0x957 ./Drivers/STM32G4xx_HAL_Driver/Src/stm32g4xx_ll_gpio.o
 .debug_info    0x000103c6      0xb6a ./Drivers/STM32G4xx_HAL_Driver/Src/stm32g4xx_ll_rcc.o
 .debug_info    0x00010f30      0x7bf ./Drivers/STM32G4xx_HAL_Driver/Src/stm32g4xx_ll_usart.o
 .debug_info    0x000116ef      0x5f0 ./FATFS/App/app_fatfs.o
 .debug_info    0x00011cdf      0x3ac ./FATFS/Target/user_diskio.o
 .debug_info    0x0001208b      0x3f1 ./Middlewares/Third_Party/FatFs/src/ff_gen_drv.o
 .debug_info    0x0001247c     0x178b ./Middlewares/Third_Party/FreeRTOS/Source/CMSIS_RTOS/cmsis_os.o
 .debug_info    0x00013c07      0x2ab ./Middlewares/Third_Party/FreeRTOS/Source/list.o
 .debug_info    0x00013eb2     0x1550 ./Middlewares/Third_Party/FreeRTOS/Source/queue.o
 .debug_info    0x00015402     0x212c ./Middlewares/Third_Party/FreeRTOS/Source/tasks.o
 .debug_info    0x0001752e      0xddc ./Middlewares/Third_Party/FreeRTOS/Source/timers.o
 .debug_info    0x0001830a      0x4da ./Middlewares/Third_Party/FreeRTOS/Source/portable/GCC/ARM_CM4F/port.o
 .debug_info    0x000187e4      0x4d1 ./Middlewares/Third_Party/FreeRTOS/Source/portable/MemMang/heap_4.o
 .debug_info    0x00018cb5     0x17c9 ./SoarOS/Drivers/UARTDriver.o

.debug_abbrev   0x00000000     0x495f
 .debug_abbrev  0x00000000      0x2ed ./Components/SysCore/RunInterface.o
 .debug_abbrev  0x000002ed      0x48d ./Components/main_avionics.o
 .debug_abbrev  0x0000077a      0x3d6 ./Core/Src/main.o
 .debug_abbrev  0x00000b50      0x191 ./Core/Src/stm32g4xx_hal_msp.o
 .debug_abbrev  0x00000ce1      0x221 ./Core/Src/stm32g4xx_hal_timebase_tim.o
 .debug_abbrev  0x00000f02      0x1dd ./Core/Src/stm32g4xx_it.o
 .debug_abbrev  0x000010df      0x118 ./Core/Src/system_stm32g4xx.o
 .debug_abbrev  0x000011f7       0x24 ./Core/Startup/startup_stm32g491metx.o
 .debug_abbrev  0x0000121b      0x26f ./Drivers/STM32G4xx_HAL_Driver/Src/stm32g4xx_hal.o
 .debug_abbrev  0x0000148a      0x31a ./Drivers/STM32G4xx_HAL_Driver/Src/stm32g4xx_hal_cortex.o
 .debug_abbrev  0x000017a4      0x1ec ./Drivers/STM32G4xx_HAL_Driver/Src/stm32g4xx_hal_crc.o
 .debug_abbrev  0x00001990      0x14f ./Drivers/STM32G4xx_HAL_Driver/Src/stm32g4xx_hal_crc_ex.o
 .debug_abbrev  0x00001adf      0x22a ./Drivers/STM32G4xx_HAL_Driver/Src/stm32g4xx_hal_pwr_ex.o
 .debug_abbrev  0x00001d09      0x2c7 ./Drivers/STM32G4xx_HAL_Driver/Src/stm32g4xx_hal_rcc.o
 .debug_abbrev  0x00001fd0      0x256 ./Drivers/STM32G4xx_HAL_Driver/Src/stm32g4xx_hal_rcc_ex.o
 .debug_abbrev  0x00002226      0x2a5 ./Drivers/STM32G4xx_HAL_Driver/Src/stm32g4xx_hal_tim.o
 .debug_abbrev  0x000024cb      0x2c3 ./Drivers/STM32G4xx_HAL_Driver/Src/stm32g4xx_hal_tim_ex.o
 .debug_abbrev  0x0000278e      0x233 ./Drivers/STM32G4xx_HAL_Driver/Src/stm32g4xx_ll_gpio.o
 .debug_abbrev  0x000029c1      0x232 ./Drivers/STM32G4xx_HAL_Driver/Src/stm32g4xx_ll_rcc.o
 .debug_abbrev  0x00002bf3      0x1dc ./Drivers/STM32G4xx_HAL_Driver/Src/stm32g4xx_ll_usart.o
 .debug_abbrev  0x00002dcf      0x1ab ./FATFS/App/app_fatfs.o
 .debug_abbrev  0x00002f7a      0x14c ./FATFS/Target/user_diskio.o
 .debug_abbrev  0x000030c6      0x19a ./Middlewares/Third_Party/FatFs/src/ff_gen_drv.o
 .debug_abbrev  0x00003260      0x3aa ./Middlewares/Third_Party/FreeRTOS/Source/CMSIS_RTOS/cmsis_os.o
 .debug_abbrev  0x0000360a       0xf3 ./Middlewares/Third_Party/FreeRTOS/Source/list.o
 .debug_abbrev  0x000036fd      0x350 ./Middlewares/Third_Party/FreeRTOS/Source/queue.o
 .debug_abbrev  0x00003a4d      0x3e6 ./Middlewares/Third_Party/FreeRTOS/Source/tasks.o
 .debug_abbrev  0x00003e33      0x2c1 ./Middlewares/Third_Party/FreeRTOS/Source/timers.o
 .debug_abbrev  0x000040f4      0x25a ./Middlewares/Third_Party/FreeRTOS/Source/portable/GCC/ARM_CM4F/port.o
 .debug_abbrev  0x0000434e      0x21b ./Middlewares/Third_Party/FreeRTOS/Source/portable/MemMang/heap_4.o
 .debug_abbrev  0x00004569      0x3f6 ./SoarOS/Drivers/UARTDriver.o

.debug_aranges  0x00000000     0x1868
 .debug_aranges
                0x00000000       0x28 ./Components/SysCore/RunInterface.o
 .debug_aranges
                0x00000028       0x58 ./Components/main_avionics.o
 .debug_aranges
                0x00000080       0xc0 ./Core/Src/main.o
 .debug_aranges
                0x00000140       0x30 ./Core/Src/stm32g4xx_hal_msp.o
 .debug_aranges
                0x00000170       0x30 ./Core/Src/stm32g4xx_hal_timebase_tim.o
 .debug_aranges
                0x000001a0       0x58 ./Core/Src/stm32g4xx_it.o
 .debug_aranges
                0x000001f8       0x28 ./Core/Src/system_stm32g4xx.o
 .debug_aranges
                0x00000220       0x28 ./Core/Startup/startup_stm32g491metx.o
 .debug_aranges
                0x00000248      0x148 ./Drivers/STM32G4xx_HAL_Driver/Src/stm32g4xx_hal.o
 .debug_aranges
                0x00000390      0x128 ./Drivers/STM32G4xx_HAL_Driver/Src/stm32g4xx_hal_cortex.o
 .debug_aranges
                0x000004b8       0x60 ./Drivers/STM32G4xx_HAL_Driver/Src/stm32g4xx_hal_crc.o
 .debug_aranges
                0x00000518       0x30 ./Drivers/STM32G4xx_HAL_Driver/Src/stm32g4xx_hal_crc_ex.o
 .debug_aranges
                0x00000548      0x140 ./Drivers/STM32G4xx_HAL_Driver/Src/stm32g4xx_hal_pwr_ex.o
 .debug_aranges
                0x00000688       0x98 ./Drivers/STM32G4xx_HAL_Driver/Src/stm32g4xx_hal_rcc.o
 .debug_aranges
                0x00000720       0xb0 ./Drivers/STM32G4xx_HAL_Driver/Src/stm32g4xx_hal_rcc_ex.o
 .debug_aranges
                0x000007d0      0x3e0 ./Drivers/STM32G4xx_HAL_Driver/Src/stm32g4xx_hal_tim.o
 .debug_aranges
                0x00000bb0      0x240 ./Drivers/STM32G4xx_HAL_Driver/Src/stm32g4xx_hal_tim_ex.o
 .debug_aranges
                0x00000df0       0x70 ./Drivers/STM32G4xx_HAL_Driver/Src/stm32g4xx_ll_gpio.o
 .debug_aranges
                0x00000e60      0x1c8 ./Drivers/STM32G4xx_HAL_Driver/Src/stm32g4xx_ll_rcc.o
 .debug_aranges
                0x00001028       0x88 ./Drivers/STM32G4xx_HAL_Driver/Src/stm32g4xx_ll_usart.o
 .debug_aranges
                0x000010b0       0x30 ./FATFS/App/app_fatfs.o
 .debug_aranges
                0x000010e0       0x40 ./FATFS/Target/user_diskio.o
 .debug_aranges
                0x00001120       0x40 ./Middlewares/Third_Party/FatFs/src/ff_gen_drv.o
 .debug_aranges
                0x00001160      0x1d8 ./Middlewares/Third_Party/FreeRTOS/Source/CMSIS_RTOS/cmsis_os.o
 .debug_aranges
                0x00001338       0x40 ./Middlewares/Third_Party/FreeRTOS/Source/list.o
 .debug_aranges
                0x00001378      0x100 ./Middlewares/Third_Party/FreeRTOS/Source/queue.o
 .debug_aranges
                0x00001478      0x1b8 ./Middlewares/Third_Party/FreeRTOS/Source/tasks.o
 .debug_aranges
                0x00001630       0xc8 ./Middlewares/Third_Party/FreeRTOS/Source/timers.o
 .debug_aranges
                0x000016f8       0x80 ./Middlewares/Third_Party/FreeRTOS/Source/portable/GCC/ARM_CM4F/port.o
 .debug_aranges
                0x00001778       0x58 ./Middlewares/Third_Party/FreeRTOS/Source/portable/MemMang/heap_4.o
 .debug_aranges
                0x000017d0       0x98 ./SoarOS/Drivers/UARTDriver.o

.debug_rnglists
                0x00000000     0x1288
 .debug_rnglists
                0x00000000       0x19 ./Components/SysCore/RunInterface.o
 .debug_rnglists
                0x00000019       0x3e ./Components/main_avionics.o
 .debug_rnglists
                0x00000057       0x8d ./Core/Src/main.o
 .debug_rnglists
                0x000000e4       0x1f ./Core/Src/stm32g4xx_hal_msp.o
 .debug_rnglists
                0x00000103       0x20 ./Core/Src/stm32g4xx_hal_timebase_tim.o
 .debug_rnglists
                0x00000123       0x3d ./Core/Src/stm32g4xx_it.o
 .debug_rnglists
                0x00000160       0x1a ./Core/Src/system_stm32g4xx.o
 .debug_rnglists
                0x0000017a       0x19 ./Core/Startup/startup_stm32g491metx.o
 .debug_rnglists
                0x00000193       0xf1 ./Drivers/STM32G4xx_HAL_Driver/Src/stm32g4xx_hal.o
 .debug_rnglists
                0x00000284       0xda ./Drivers/STM32G4xx_HAL_Driver/Src/stm32g4xx_hal_cortex.o
 .debug_rnglists
                0x0000035e       0x47 ./Drivers/STM32G4xx_HAL_Driver/Src/stm32g4xx_hal_crc.o
 .debug_rnglists
                0x000003a5       0x20 ./Drivers/STM32G4xx_HAL_Driver/Src/stm32g4xx_hal_crc_ex.o
 .debug_rnglists
                0x000003c5       0xf1 ./Drivers/STM32G4xx_HAL_Driver/Src/stm32g4xx_hal_pwr_ex.o
 .debug_rnglists
                0x000004b6       0x74 ./Drivers/STM32G4xx_HAL_Driver/Src/stm32g4xx_hal_rcc.o
 .debug_rnglists
                0x0000052a       0x87 ./Drivers/STM32G4xx_HAL_Driver/Src/stm32g4xx_hal_rcc_ex.o
 .debug_rnglists
                0x000005b1      0x328 ./Drivers/STM32G4xx_HAL_Driver/Src/stm32g4xx_hal_tim.o
 .debug_rnglists
                0x000008d9      0x1cc ./Drivers/STM32G4xx_HAL_Driver/Src/stm32g4xx_hal_tim_ex.o
 .debug_rnglists
                0x00000aa5       0x51 ./Drivers/STM32G4xx_HAL_Driver/Src/stm32g4xx_ll_gpio.o
 .debug_rnglists
                0x00000af6      0x15a ./Drivers/STM32G4xx_HAL_Driver/Src/stm32g4xx_ll_rcc.o
 .debug_rnglists
                0x00000c50       0x64 ./Drivers/STM32G4xx_HAL_Driver/Src/stm32g4xx_ll_usart.o
 .debug_rnglists
                0x00000cb4       0x1f ./FATFS/App/app_fatfs.o
 .debug_rnglists
                0x00000cd3       0x2b ./FATFS/Target/user_diskio.o
 .debug_rnglists
                0x00000cfe       0x2c ./Middlewares/Third_Party/FatFs/src/ff_gen_drv.o
 .debug_rnglists
                0x00000d2a      0x16a ./Middlewares/Third_Party/FreeRTOS/Source/CMSIS_RTOS/cmsis_os.o
 .debug_rnglists
                0x00000e94       0x2b ./Middlewares/Third_Party/FreeRTOS/Source/list.o
 .debug_rnglists
                0x00000ebf       0xc6 ./Middlewares/Third_Party/FreeRTOS/Source/queue.o
 .debug_rnglists
                0x00000f85      0x15e ./Middlewares/Third_Party/FreeRTOS/Source/tasks.o
 .debug_rnglists
                0x000010e3       0x97 ./Middlewares/Third_Party/FreeRTOS/Source/timers.o
 .debug_rnglists
                0x0000117a       0x5d ./Middlewares/Third_Party/FreeRTOS/Source/portable/GCC/ARM_CM4F/port.o
 .debug_rnglists
                0x000011d7       0x42 ./Middlewares/Third_Party/FreeRTOS/Source/portable/MemMang/heap_4.o
 .debug_rnglists
                0x00001219       0x6f ./SoarOS/Drivers/UARTDriver.o

.debug_line     0x00000000    0x14463
 .debug_line    0x00000000      0x88f ./Components/SysCore/RunInterface.o
 .debug_line    0x0000088f      0xb5e ./Components/main_avionics.o
 .debug_line    0x000013ed      0x89e ./Core/Src/main.o
 .debug_line    0x00001c8b      0x363 ./Core/Src/stm32g4xx_hal_msp.o
 .debug_line    0x00001fee      0x395 ./Core/Src/stm32g4xx_hal_timebase_tim.o
 .debug_line    0x00002383      0x400 ./Core/Src/stm32g4xx_it.o
 .debug_line    0x00002783      0x329 ./Core/Src/system_stm32g4xx.o
 .debug_line    0x00002aac       0x7b ./Core/Startup/startup_stm32g491metx.o
 .debug_line    0x00002b27      0x75d ./Drivers/STM32G4xx_HAL_Driver/Src/stm32g4xx_hal.o
 .debug_line    0x00003284      0x891 ./Drivers/STM32G4xx_HAL_Driver/Src/stm32g4xx_hal_cortex.o
 .debug_line    0x00003b15      0x5aa ./Drivers/STM32G4xx_HAL_Driver/Src/stm32g4xx_hal_crc.o
 .debug_line    0x000040bf      0x38e ./Drivers/STM32G4xx_HAL_Driver/Src/stm32g4xx_hal_crc_ex.o
 .debug_line    0x0000444d      0x8c0 ./Drivers/STM32G4xx_HAL_Driver/Src/stm32g4xx_hal_pwr_ex.o
 .debug_line    0x00004d0d      0xbdd ./Drivers/STM32G4xx_HAL_Driver/Src/stm32g4xx_hal_rcc.o
 .debug_line    0x000058ea      0xe2e ./Drivers/STM32G4xx_HAL_Driver/Src/stm32g4xx_hal_rcc_ex.o
 .debug_line    0x00006718     0x3b99 ./Drivers/STM32G4xx_HAL_Driver/Src/stm32g4xx_hal_tim.o
 .debug_line    0x0000a2b1     0x1bf5 ./Drivers/STM32G4xx_HAL_Driver/Src/stm32g4xx_hal_tim_ex.o
 .debug_line    0x0000bea6      0x677 ./Drivers/STM32G4xx_HAL_Driver/Src/stm32g4xx_ll_gpio.o
 .debug_line    0x0000c51d      0xf4f ./Drivers/STM32G4xx_HAL_Driver/Src/stm32g4xx_ll_rcc.o
 .debug_line    0x0000d46c      0x532 ./Drivers/STM32G4xx_HAL_Driver/Src/stm32g4xx_ll_usart.o
 .debug_line    0x0000d99e      0x3d9 ./FATFS/App/app_fatfs.o
 .debug_line    0x0000dd77      0x33e ./FATFS/Target/user_diskio.o
 .debug_line    0x0000e0b5      0x38e ./Middlewares/Third_Party/FatFs/src/ff_gen_drv.o
 .debug_line    0x0000e443     0x1124 ./Middlewares/Third_Party/FreeRTOS/Source/CMSIS_RTOS/cmsis_os.o
 .debug_line    0x0000f567      0x3d5 ./Middlewares/Third_Party/FreeRTOS/Source/list.o
 .debug_line    0x0000f93c     0x11f7 ./Middlewares/Third_Party/FreeRTOS/Source/queue.o
 .debug_line    0x00010b33     0x165f ./Middlewares/Third_Party/FreeRTOS/Source/tasks.o
 .debug_line    0x00012192      0x9d4 ./Middlewares/Third_Party/FreeRTOS/Source/timers.o
 .debug_line    0x00012b66      0x5d1 ./Middlewares/Third_Party/FreeRTOS/Source/portable/GCC/ARM_CM4F/port.o
 .debug_line    0x00013137      0x6bb ./Middlewares/Third_Party/FreeRTOS/Source/portable/MemMang/heap_4.o
 .debug_line    0x000137f2      0xc71 ./SoarOS/Drivers/UARTDriver.o

.debug_str      0x00000000     0x8623
 .debug_str     0x00000000     0x8623 ./Components/SysCore/RunInterface.o
                                0xf0f (size before relaxing)
 .debug_str     0x00008623     0x1331 ./Components/main_avionics.o
 .debug_str     0x00008623     0x1a04 ./Core/Src/main.o
 .debug_str     0x00008623      0xa6b ./Core/Src/stm32g4xx_hal_msp.o
 .debug_str     0x00008623      0xfe2 ./Core/Src/stm32g4xx_hal_timebase_tim.o
 .debug_str     0x00008623      0x8be ./Core/Src/stm32g4xx_it.o
 .debug_str     0x00008623      0x3e5 ./Core/Src/system_stm32g4xx.o
 .debug_str     0x00008623       0x84 ./Core/Startup/startup_stm32g491metx.o
 .debug_str     0x00008623      0xd56 ./Drivers/STM32G4xx_HAL_Driver/Src/stm32g4xx_hal.o
 .debug_str     0x00008623      0xcac ./Drivers/STM32G4xx_HAL_Driver/Src/stm32g4xx_hal_cortex.o
 .debug_str     0x00008623      0x49c ./Drivers/STM32G4xx_HAL_Driver/Src/stm32g4xx_hal_crc.o
 .debug_str     0x00008623      0x442 ./Drivers/STM32G4xx_HAL_Driver/Src/stm32g4xx_hal_crc_ex.o
 .debug_str     0x00008623      0x800 ./Drivers/STM32G4xx_HAL_Driver/Src/stm32g4xx_hal_pwr_ex.o
 .debug_str     0x00008623      0x84d ./Drivers/STM32G4xx_HAL_Driver/Src/stm32g4xx_hal_rcc.o
 .debug_str     0x00008623      0xa70 ./Drivers/STM32G4xx_HAL_Driver/Src/stm32g4xx_hal_rcc_ex.o
 .debug_str     0x00008623     0x18c3 ./Drivers/STM32G4xx_HAL_Driver/Src/stm32g4xx_hal_tim.o
 .debug_str     0x00008623     0x1536 ./Drivers/STM32G4xx_HAL_Driver/Src/stm32g4xx_hal_tim_ex.o
 .debug_str     0x00008623      0x4ff ./Drivers/STM32G4xx_HAL_Driver/Src/stm32g4xx_ll_gpio.o
 .debug_str     0x00008623      0xa87 ./Drivers/STM32G4xx_HAL_Driver/Src/stm32g4xx_ll_rcc.o
 .debug_str     0x00008623      0x633 ./Drivers/STM32G4xx_HAL_Driver/Src/stm32g4xx_ll_usart.o
 .debug_str     0x00008623      0x4b4 ./FATFS/App/app_fatfs.o
 .debug_str     0x00008623      0x305 ./FATFS/Target/user_diskio.o
 .debug_str     0x00008623      0x34e ./Middlewares/Third_Party/FatFs/src/ff_gen_drv.o
 .debug_str     0x00008623      0xe8b ./Middlewares/Third_Party/FreeRTOS/Source/CMSIS_RTOS/cmsis_os.o
 .debug_str     0x00008623      0x31c ./Middlewares/Third_Party/FreeRTOS/Source/list.o
 .debug_str     0x00008623      0xab0 ./Middlewares/Third_Party/FreeRTOS/Source/queue.o
 .debug_str     0x00008623     0x127c ./Middlewares/Third_Party/FreeRTOS/Source/tasks.o
 .debug_str     0x00008623      0x91b ./Middlewares/Third_Party/FreeRTOS/Source/timers.o
 .debug_str     0x00008623      0x498 ./Middlewares/Third_Party/FreeRTOS/Source/portable/GCC/ARM_CM4F/port.o
 .debug_str     0x00008623      0x535 ./Middlewares/Third_Party/FreeRTOS/Source/portable/MemMang/heap_4.o
 .debug_str     0x00008623     0x1056 ./SoarOS/Drivers/UARTDriver.o

.comment        0x00000000       0x43
 .comment       0x00000000       0x43 ./Components/SysCore/RunInterface.o
                                 0x44 (size before relaxing)
 .comment       0x00000043       0x44 ./Components/main_avionics.o
 .comment       0x00000043       0x44 ./Core/Src/main.o
 .comment       0x00000043       0x44 ./Core/Src/stm32g4xx_hal_msp.o
 .comment       0x00000043       0x44 ./Core/Src/stm32g4xx_hal_timebase_tim.o
 .comment       0x00000043       0x44 ./Core/Src/stm32g4xx_it.o
 .comment       0x00000043       0x44 ./Core/Src/system_stm32g4xx.o
 .comment       0x00000043       0x44 ./Drivers/STM32G4xx_HAL_Driver/Src/stm32g4xx_hal.o
 .comment       0x00000043       0x44 ./Drivers/STM32G4xx_HAL_Driver/Src/stm32g4xx_hal_cortex.o
 .comment       0x00000043       0x44 ./Drivers/STM32G4xx_HAL_Driver/Src/stm32g4xx_hal_crc.o
 .comment       0x00000043       0x44 ./Drivers/STM32G4xx_HAL_Driver/Src/stm32g4xx_hal_crc_ex.o
 .comment       0x00000043       0x44 ./Drivers/STM32G4xx_HAL_Driver/Src/stm32g4xx_hal_pwr_ex.o
 .comment       0x00000043       0x44 ./Drivers/STM32G4xx_HAL_Driver/Src/stm32g4xx_hal_rcc.o
 .comment       0x00000043       0x44 ./Drivers/STM32G4xx_HAL_Driver/Src/stm32g4xx_hal_rcc_ex.o
 .comment       0x00000043       0x44 ./Drivers/STM32G4xx_HAL_Driver/Src/stm32g4xx_hal_tim.o
 .comment       0x00000043       0x44 ./Drivers/STM32G4xx_HAL_Driver/Src/stm32g4xx_hal_tim_ex.o
 .comment       0x00000043       0x44 ./Drivers/STM32G4xx_HAL_Driver/Src/stm32g4xx_ll_gpio.o
 .comment       0x00000043       0x44 ./Drivers/STM32G4xx_HAL_Driver/Src/stm32g4xx_ll_rcc.o
 .comment       0x00000043       0x44 ./Drivers/STM32G4xx_HAL_Driver/Src/stm32g4xx_ll_usart.o
 .comment       0x00000043       0x44 ./FATFS/App/app_fatfs.o
 .comment       0x00000043       0x44 ./FATFS/Target/user_diskio.o
 .comment       0x00000043       0x44 ./Middlewares/Third_Party/FatFs/src/ff_gen_drv.o
 .comment       0x00000043       0x44 ./Middlewares/Third_Party/FreeRTOS/Source/CMSIS_RTOS/cmsis_os.o
 .comment       0x00000043       0x44 ./Middlewares/Third_Party/FreeRTOS/Source/list.o
 .comment       0x00000043       0x44 ./Middlewares/Third_Party/FreeRTOS/Source/queue.o
 .comment       0x00000043       0x44 ./Middlewares/Third_Party/FreeRTOS/Source/tasks.o
 .comment       0x00000043       0x44 ./Middlewares/Third_Party/FreeRTOS/Source/timers.o
 .comment       0x00000043       0x44 ./Middlewares/Third_Party/FreeRTOS/Source/portable/GCC/ARM_CM4F/port.o
 .comment       0x00000043       0x44 ./Middlewares/Third_Party/FreeRTOS/Source/portable/MemMang/heap_4.o
 .comment       0x00000043       0x44 ./SoarOS/Drivers/UARTDriver.o

.debug_frame    0x00000000     0x66f0
 .debug_frame   0x00000000       0x48 ./Components/SysCore/RunInterface.o
 .debug_frame   0x00000048      0x104 ./Components/main_avionics.o
 .debug_frame   0x0000014c      0x320 ./Core/Src/main.o
 .debug_frame   0x0000046c       0x84 ./Core/Src/stm32g4xx_hal_msp.o
 .debug_frame   0x000004f0       0x74 ./Core/Src/stm32g4xx_hal_timebase_tim.o
 .debug_frame   0x00000564       0xe0 ./Core/Src/stm32g4xx_it.o
 .debug_frame   0x00000644       0x58 ./Core/Src/system_stm32g4xx.o
 .debug_frame   0x0000069c      0x500 ./Drivers/STM32G4xx_HAL_Driver/Src/stm32g4xx_hal.o
 .debug_frame   0x00000b9c      0x4e8 ./Drivers/STM32G4xx_HAL_Driver/Src/stm32g4xx_hal_cortex.o
 .debug_frame   0x00001084      0x168 ./Drivers/STM32G4xx_HAL_Driver/Src/stm32g4xx_hal_crc.o
 .debug_frame   0x000011ec       0x88 ./Drivers/STM32G4xx_HAL_Driver/Src/stm32g4xx_hal_crc_ex.o
 .debug_frame   0x00001274      0x4fc ./Drivers/STM32G4xx_HAL_Driver/Src/stm32g4xx_hal_pwr_ex.o
 .debug_frame   0x00001770      0x23c ./Drivers/STM32G4xx_HAL_Driver/Src/stm32g4xx_hal_rcc.o
 .debug_frame   0x000019ac      0x2ac ./Drivers/STM32G4xx_HAL_Driver/Src/stm32g4xx_hal_rcc_ex.o
 .debug_frame   0x00001c58     0x121c ./Drivers/STM32G4xx_HAL_Driver/Src/stm32g4xx_hal_tim.o
 .debug_frame   0x00002e74      0xa68 ./Drivers/STM32G4xx_HAL_Driver/Src/stm32g4xx_hal_tim_ex.o
 .debug_frame   0x000038dc      0x1c0 ./Drivers/STM32G4xx_HAL_Driver/Src/stm32g4xx_ll_gpio.o
 .debug_frame   0x00003a9c      0x798 ./Drivers/STM32G4xx_HAL_Driver/Src/stm32g4xx_ll_rcc.o
 .debug_frame   0x00004234      0x238 ./Drivers/STM32G4xx_HAL_Driver/Src/stm32g4xx_ll_usart.o
 .debug_frame   0x0000446c       0x74 ./FATFS/App/app_fatfs.o
 .debug_frame   0x000044e0       0xd8 ./FATFS/Target/user_diskio.o
 .debug_frame   0x000045b8       0xc8 ./Middlewares/Third_Party/FatFs/src/ff_gen_drv.o
 .debug_frame   0x00004680      0x7f8 ./Middlewares/Third_Party/FreeRTOS/Source/CMSIS_RTOS/cmsis_os.o
 .debug_frame   0x00004e78       0xd8 ./Middlewares/Third_Party/FreeRTOS/Source/list.o
 .debug_frame   0x00004f50      0x444 ./Middlewares/Third_Party/FreeRTOS/Source/queue.o
 .debug_frame   0x00005394      0x774 ./Middlewares/Third_Party/FreeRTOS/Source/tasks.o
 .debug_frame   0x00005b08      0x33c ./Middlewares/Third_Party/FreeRTOS/Source/timers.o
 .debug_frame   0x00005e44      0x1a8 ./Middlewares/Third_Party/FreeRTOS/Source/portable/GCC/ARM_CM4F/port.o
 .debug_frame   0x00005fec      0x12c ./Middlewares/Third_Party/FreeRTOS/Source/portable/MemMang/heap_4.o
 .debug_frame   0x00006118      0x280 ./SoarOS/Drivers/UARTDriver.o
 .debug_frame   0x00006398      0x144 C:/ST/STM32CubeIDE_1.19.0/STM32CubeIDE/plugins/com.st.stm32cube.ide.mcu.externaltools.gnu-tools-for-stm32.13.3.rel1.win32_1.0.0.202411081344/tools/bin/../lib/gcc/arm-none-eabi/13.3.1/../../../../arm-none-eabi/lib/thumb/v7e-m+fp/hard\libc_nano.a(libc_a-findfp.o)
 .debug_frame   0x000064dc       0x20 C:/ST/STM32CubeIDE_1.19.0/STM32CubeIDE/plugins/com.st.stm32cube.ide.mcu.externaltools.gnu-tools-for-stm32.13.3.rel1.win32_1.0.0.202411081344/tools/bin/../lib/gcc/arm-none-eabi/13.3.1/../../../../arm-none-eabi/lib/thumb/v7e-m+fp/hard\libc_nano.a(libc_a-memset.o)
 .debug_frame   0x000064fc       0x38 C:/ST/STM32CubeIDE_1.19.0/STM32CubeIDE/plugins/com.st.stm32cube.ide.mcu.externaltools.gnu-tools-for-stm32.13.3.rel1.win32_1.0.0.202411081344/tools/bin/../lib/gcc/arm-none-eabi/13.3.1/../../../../arm-none-eabi/lib/thumb/v7e-m+fp/hard\libc_nano.a(libc_a-reent.o)
 .debug_frame   0x00006534       0x2c C:/ST/STM32CubeIDE_1.19.0/STM32CubeIDE/plugins/com.st.stm32cube.ide.mcu.externaltools.gnu-tools-for-stm32.13.3.rel1.win32_1.0.0.202411081344/tools/bin/../lib/gcc/arm-none-eabi/13.3.1/../../../../arm-none-eabi/lib/thumb/v7e-m+fp/hard\libc_nano.a(libc_a-init.o)