C:/cygwin64/home/spiro/SOAR/STM32G491METemplateRepository/SoarOS/Core/Inc/Command.hpp:48:21:GLOBAL_COMMANDS Command::GetCommand() const	16	static
C:/cygwin64/home/spiro/SOAR/STM32G491METemplateRepository/SoarOS/Core/Inc/Command.hpp:49:14:uint16_t Command::GetTaskCommand() const	16	static
C:/cygwin64/home/spiro/SOAR/STM32G491METemplateRepository/Components/FileSystem/Inc/FileSystemTask.hpp:34:28:static FileSystemTask& FileSystemTask::Inst()	8	static
C:/cygwin64/home/spiro/SOAR/STM32G491METemplateRepository/Components/FileSystem/Inc/FileSystemTask.hpp:48:17:static void FileSystemTask::RunTask(void*)	16	static
../Components/FileSystem/FileSystemTask.cpp:19:1:FileSystemTask::FileSystemTask()	16	static
../Components/FileSystem/FileSystemTask.cpp:36:6:virtual void FileSystemTask::InitTask()	32	static
../Components/FileSystem/FileSystemTask.cpp:58:6:void FileSystemTask::Run(void*)	32	static
../Components/FileSystem/FileSystemTask.cpp:81:6:void FileSystemTask::HandleCommand(Command&)	16	static
../Components/FileSystem/FileSystemTask.cpp:122:6:void FileSystemTask::InitializeFileSystem()	24	static
../Components/FileSystem/FileSystemTask.cpp:145:6:void FileSystemTask::RunFileSystemTests()	16	static
../Components/FileSystem/FileSystemTask.cpp:167:6:void FileSystemTask::LogSensorData(float, float, uint32_t)	40	static
../Components/FileSystem/FileSystemTask.cpp:183:6:void FileSystemTask::PerformCleanup()	16	static
../Components/FileSystem/FileSystemTask.cpp:197:6:void FileSystemTask::CheckUSBStatus()	24	static
../Components/FileSystem/FileSystemTask.cpp:225:6:void FileSystemTask::WaitForUSBMount(uint32_t)	32	static
../Components/FileSystem/FileSystemTask.cpp:260:6:bool FileSystemTask::IsFileSystemReady()	16	static
../Components/FileSystem/FileSystemTask.cpp:270:6:void FileSystemTask::TriggerTest()	32	static
../Components/FileSystem/FileSystemTask.cpp:279:6:void FileSystemTask::TriggerLogData(float, float, uint32_t)	40	static
../Components/FileSystem/FileSystemTask.cpp:293:6:void FileSystemTask::TriggerCleanup()	32	static
