../Components/FileSystem/SoarFileSystem.cpp:46:17:SoarFS_Result_t SoarFS_Init()	16	static
../Components/FileSystem/SoarFileSystem.cpp:87:17:SoarFS_Result_t SoarFS_DeInit()	8	static
../Components/FileSystem/SoarFileSystem.cpp:109:6:bool SoarFS_IsMounted()	16	static
../Components/FileSystem/SoarFileSystem.cpp:132:17:SoarFS_Result_t SoarFS_GetFreeSpace(uint32_t*)	32	static
../Components/FileSystem/SoarFileSystem.cpp:162:17:SoarFS_Result_t SoarFS_CreateFile(const char*, const uint8_t*, uint32_t)	672	static
../Components/FileSystem/SoarFileSystem.cpp:224:17:SoarFS_Result_t SoarFS_OpenFile(const char*)	96	static
../Components/FileSystem/SoarFileSystem.cpp:271:17:SoarFS_Result_t SoarFS_CloseFile(const char*)	24	static
../Components/FileSystem/SoarFileSystem.cpp:303:17:SoarFS_Result_t SoarFS_ReadFile(const char*, uint8_t*, uint32_t, uint32_t*)	40	static
../Components/FileSystem/SoarFileSystem.cpp:334:17:SoarFS_Result_t SoarFS_WriteFile(const char*, const uint8_t*, uint32_t)	40	static
../Components/FileSystem/SoarFileSystem.cpp:381:17:SoarFS_Result_t SoarFS_DeleteFile(const char*)	96	static
../Components/FileSystem/SoarFileSystem.cpp:417:6:bool SoarFS_FileExists(const char*)	120	static
../Components/FileSystem/SoarFileSystem.cpp:437:17:SoarFS_Result_t SoarFS_GetFileSize(const char*, uint32_t*)	120	static
../Components/FileSystem/SoarFileSystem.cpp:467:17:SoarFS_Result_t SoarFS_CloseAllFiles()	24	static
../Components/FileSystem/SoarFileSystem.cpp:494:24:SoarFS_Result_t SoarFS_ConvertFresultToSoarResult(FRESULT)	16	static
../Components/FileSystem/SoarFileSystem.cpp:523:12:int SoarFS_FindFreeHandle()	16	static
../Components/FileSystem/SoarFileSystem.cpp:538:12:int SoarFS_FindHandleByFilename(const char*)	24	static
../Components/FileSystem/SoarFileSystem.cpp:553:13:bool SoarFS_IsValidFilename(const char*)	24	static
